******************************************************************************
                  MSP430 Linker PC v17.9.0                     
******************************************************************************
>> Linked Fri May 25 09:47:58 2018

OUTPUT FILE NAME:   <Boost_Converter_Controll.out>
ENTRY POINT SYMBOL: "_c_int00_noargs"  address: 0000ca68


MEMORY CONFIGURATION

         name            origin    length      used     unused   attr    fill
----------------------  --------  ---------  --------  --------  ----  --------
  SFR                   00000000   00000010  00000000  00000010  RWIX
  PERIPHERALS_8BIT      00000010   000000f0  00000000  000000f0  RWIX
  PERIPHERALS_16BIT     00000100   00000100  00000000  00000100  RWIX
  RAM                   00000200   00000200  000000a6  0000015a  RWIX
  INFOD                 00001000   00000040  00000000  00000040  RWIX
  INFOC                 00001040   00000040  00000000  00000040  RWIX
  INFOB                 00001080   00000040  00000000  00000040  RWIX
  INFOA                 000010c0   00000040  00000000  00000040  RWIX
  FLASH                 0000c000   00003fde  00000b96  00003448  RWIX
  BSLSIGNATURE          0000ffde   00000002  00000002  00000000  RWIX  ffff 
  INT00                 0000ffe0   00000002  00000002  00000000  RWIX
  INT01                 0000ffe2   00000002  00000000  00000002  RWIX
  INT02                 0000ffe4   00000002  00000002  00000000  RWIX
  INT03                 0000ffe6   00000002  00000002  00000000  RWIX
  INT04                 0000ffe8   00000002  00000000  00000002  RWIX
  INT05                 0000ffea   00000002  00000002  00000000  RWIX
  INT06                 0000ffec   00000002  00000002  00000000  RWIX
  INT07                 0000ffee   00000002  00000002  00000000  RWIX
  INT08                 0000fff0   00000002  00000002  00000000  RWIX
  INT09                 0000fff2   00000002  00000002  00000000  RWIX
  INT10                 0000fff4   00000002  00000002  00000000  RWIX
  INT11                 0000fff6   00000002  00000002  00000000  RWIX
  INT12                 0000fff8   00000002  00000002  00000000  RWIX
  INT13                 0000fffa   00000002  00000002  00000000  RWIX
  INT14                 0000fffc   00000002  00000002  00000000  RWIX
  RESET                 0000fffe   00000002  00000002  00000000  RWIX


SECTION ALLOCATION MAP

 output                                  attributes/
section   page    origin      length       input sections
--------  ----  ----------  ----------   ----------------
.data      0    00000200    0000002c     UNINITIALIZED
                  00000200    0000002c     main.obj (.data)

.bss       0    0000022c    0000002a     UNINITIALIZED
                  0000022c    00000020     (.common:rxBuffer)
                  0000024c    00000008     (.common:duty)
                  00000254    00000002     (.common:getTime)

.stack     0    000003b0    00000050     UNINITIALIZED
                  000003b0    00000002     rts430_eabi.lib : boot.obj (.stack)
                  000003b2    0000004e     --HOLE--

.text      0    0000c000    00000b58     
                  0000c000    00000286     rts430_eabi.lib : frcmpyd.obj (.text:__TI_frcmpyd)
                  0000c286    0000026e                     : mpyd.obj (.text:__mspabi_mpyd)
                  0000c4f4    000000e4     main.obj (.text:main)
                  0000c5d8    0000008a     rts430_eabi.lib : fltuld.obj (.text:__mspabi_fltuld)
                  0000c662    0000007c                     : copy_decompress_lzss.obj (.text:decompress:lzss:__TI_decompress_lzss)
                  0000c6de    00000074                     : fixdul.obj (.text:__mspabi_fixdul)
                  0000c752    00000062     main.obj (.text:USCI0RX_ISR)
                  0000c7b4    0000005e     main.obj (.text:initMSP)
                  0000c812    0000005c     rts430_eabi.lib : lsr32.obj (.text:l_lsr_const)
                  0000c86e    0000004c                     : lsr16.obj (.text)
                  0000c8ba    00000048     main.obj (.text:setDuty)
                  0000c902    00000042     rts430_eabi.lib : autoinit.obj (.text:__TI_auto_init_nobinit_nopinit:__TI_auto_init_nobinit_nopinit)
                  0000c944    0000003e                     : asr32.obj (.text:l_asr_const)
                  0000c982    0000003e                     : lsl32.obj (.text:l_lsl_const)
                  0000c9c0    0000002c                     : asr16.obj (.text)
                  0000c9ec    0000002c                     : lsl16.obj (.text)
                  0000ca18    0000002a     main.obj (.text:serialPrint)
                  0000ca42    00000026     rts430_eabi.lib : mult32.obj (.text)
                  0000ca68    0000001c                     : boot.obj (.text:_c_int00_noargs)
                  0000ca84    00000016     main.obj (.text:serialPrintln)
                  0000ca9a    00000014     rts430_eabi.lib : copy_zero_init.obj (.text:decompress:ZI:__TI_zero_init_nomemset:__TI_zero_init_nomemset)
                  0000caae    00000012     main.obj (.text:Port_1)
                  0000cac0    00000012     rts430_eabi.lib : fixdu.obj (.text:__mspabi_fixdu)
                  0000cad2    00000012                     : copy_decompress_none.obj (.text:decompress:none:__TI_decompress_none)
                  0000cae4    00000012                     : lsr32.obj (.text:l_lsr)
                  0000caf6    00000012                     : memcpy.obj (.text:memcpy)
                  0000cb08    00000012     main.obj (.text:serialWrite)
                  0000cb1a    00000010     rts430_eabi.lib : epilog.obj (.text)
                  0000cb2a    0000000c     main.obj (.text:Timer_A)
                  0000cb36    00000008     rts430_eabi.lib : isr_trap.obj (.text:_isr:__TI_ISR_TRAP)
                  0000cb3e    00000008     main.obj (.text:setPeriod)
                  0000cb46    00000006     rts430_eabi.lib : fltud.obj (.text:__mspabi_fltud)
                  0000cb4c    00000006                     : exit.obj (.text:abort)
                  0000cb52    00000004                     : pre_init.obj (.text:_system_pre_init)
                  0000cb56    00000002                     : startup.obj (.text:_system_post_cinit)

.const     0    0000cb58    00000012     
                  0000cb58    00000012     main.obj (.const:.string)

.cinit     0    0000cb6a    0000002c     
                  0000cb6a    0000001a     (.cinit..data.load) [load image, compression = lzss]
                  0000cb84    00000006     (__TI_handler_table)
                  0000cb8a    00000004     (.cinit..bss.load) [load image, compression = zero_init]
                  0000cb8e    00000008     (__TI_cinit_table)

.binit     0    0000c000    00000000     

.init_array 
*          0    0000c000    00000000     UNINITIALIZED

TRAPINT    0    0000ffe0    00000002     
                  0000ffe0    00000002     rts430_eabi.lib : int00.obj (.int00)

PORT1      0    0000ffe4    00000002     
                  0000ffe4    00000002     main.obj (.int02)

PORT2      0    0000ffe6    00000002     
                  0000ffe6    00000002     rts430_eabi.lib : int03.obj (.int03)

ADC10      0    0000ffea    00000002     
                  0000ffea    00000002     rts430_eabi.lib : int05.obj (.int05)

USCIAB0TX 
*          0    0000ffec    00000002     
                  0000ffec    00000002     rts430_eabi.lib : int06.obj (.int06)

USCIAB0RX 
*          0    0000ffee    00000002     
                  0000ffee    00000002     main.obj (.int07)

TIMER0_A1 
*          0    0000fff0    00000002     
                  0000fff0    00000002     rts430_eabi.lib : int08.obj (.int08)

TIMER0_A0 
*          0    0000fff2    00000002     
                  0000fff2    00000002     rts430_eabi.lib : int09.obj (.int09)

WDT        0    0000fff4    00000002     
                  0000fff4    00000002     rts430_eabi.lib : int10.obj (.int10)

COMPARATORA 
*          0    0000fff6    00000002     
                  0000fff6    00000002     rts430_eabi.lib : int11.obj (.int11)

TIMER1_A1 
*          0    0000fff8    00000002     
                  0000fff8    00000002     main.obj (.int12)

TIMER1_A0 
*          0    0000fffa    00000002     
                  0000fffa    00000002     rts430_eabi.lib : int13.obj (.int13)

NMI        0    0000fffc    00000002     
                  0000fffc    00000002     rts430_eabi.lib : int14.obj (.int14)

.reset     0    0000fffe    00000002     
                  0000fffe    00000002     rts430_eabi.lib : boot.obj (.reset)

$fill000   0    0000ffde    00000002     
                  0000ffde    00000002     --HOLE-- [fill = ffff]

MODULE SUMMARY

       Module                     code   ro data   rw data
       ------                     ----   -------   -------
    .\
       main.obj                   612    24        86     
    +--+--------------------------+------+---------+---------+
       Total:                     612    24        86     
                                                          
    C:\ti\ccsv7\tools\compiler\ti-cgt-msp430_17.9.0.STS\lib\rts430_eabi.lib
       frcmpyd.obj                646    0         0      
       mpyd.obj                   622    0         0      
       fltuld.obj                 138    0         0      
       copy_decompress_lzss.obj   124    0         0      
       fixdul.obj                 116    0         0      
       lsr32.obj                  110    0         0      
       lsr16.obj                  76     0         0      
       autoinit.obj               66     0         0      
       asr32.obj                  62     0         0      
       lsl32.obj                  62     0         0      
       asr16.obj                  44     0         0      
       lsl16.obj                  44     0         0      
       mult32.obj                 38     0         0      
       boot.obj                   28     2         0      
       copy_zero_init.obj         20     0         0      
       copy_decompress_none.obj   18     0         0      
       fixdu.obj                  18     0         0      
       memcpy.obj                 18     0         0      
       epilog.obj                 16     0         0      
       isr_trap.obj               8      0         0      
       exit.obj                   6      0         0      
       fltud.obj                  6      0         0      
       pre_init.obj               4      0         0      
       int00.obj                  0      2         0      
       int03.obj                  0      2         0      
       int05.obj                  0      2         0      
       int06.obj                  0      2         0      
       int08.obj                  0      2         0      
       int09.obj                  0      2         0      
       int10.obj                  0      2         0      
       int11.obj                  0      2         0      
       int13.obj                  0      2         0      
       int14.obj                  0      2         0      
       startup.obj                2      0         0      
    +--+--------------------------+------+---------+---------+
       Total:                     2292   22        0      
                                                          
       Stack:                     0      0         80     
       Linker Generated:          0      44        0      
    +--+--------------------------+------+---------+---------+
       Grand Total:               2904   90        166    


LINKER GENERATED COPY TABLES

__TI_cinit_table @ 0000cb8e records: 2, size/record: 4, table size: 8
	.data: load addr=0000cb6a, load size=0000001a bytes, run addr=00000200, run size=0000002c bytes, compression=lzss
	.bss: load addr=0000cb8a, load size=00000004 bytes, run addr=0000022c, run size=0000002a bytes, compression=zero_init


LINKER GENERATED HANDLER TABLE

__TI_handler_table @ 0000cb84 records: 3, size/record: 2, table size: 6
	index: 0, handler: __TI_zero_init
	index: 1, handler: __TI_decompress_lzss
	index: 2, handler: __TI_decompress_none


GLOBAL SYMBOLS: SORTED ALPHABETICALLY BY Name 

address   name                          
-------   ----                          
0000004a  ADC10AE0                      
000001b0  ADC10CTL0                     
000001b2  ADC10CTL1                     
00000048  ADC10DTC0                     
00000049  ADC10DTC1                     
000001b4  ADC10MEM                      
000001bc  ADC10SA                       
00000057  BCSCTL1                       
00000058  BCSCTL2                       
00000053  BCSCTL3                       
0000cb4c  C$$EXIT                       
00000059  CACTL1                        
0000005a  CACTL2                        
000010fb  CALBC1_12MHZ                  
000010f9  CALBC1_16MHZ                  
000010ff  CALBC1_1MHZ                   
000010fd  CALBC1_8MHZ                   
000010fa  CALDCO_12MHZ                  
000010f8  CALDCO_16MHZ                  
000010fe  CALDCO_1MHZ                   
000010fc  CALDCO_8MHZ                   
0000005b  CAPD                          
00000056  DCOCTL                        
00000128  FCTL1                         
0000012a  FCTL2                         
0000012c  FCTL3                         
00000000  IE1                           
00000001  IE2                           
00000002  IFG1                          
00000003  IFG2                          
00000022  P1DIR                         
00000025  P1IE                          
00000024  P1IES                         
00000023  P1IFG                         
00000020  P1IN                          
00000021  P1OUT                         
00000027  P1REN                         
00000026  P1SEL                         
00000041  P1SEL2                        
0000002a  P2DIR                         
0000002d  P2IE                          
0000002c  P2IES                         
0000002b  P2IFG                         
00000028  P2IN                          
00000029  P2OUT                         
0000002f  P2REN                         
0000002e  P2SEL                         
00000042  P2SEL2                        
0000001a  P3DIR                         
00000018  P3IN                          
00000019  P3OUT                         
00000010  P3REN                         
0000001b  P3SEL                         
00000043  P3SEL2                        
0000caae  Port_1                        
00000172  TA0CCR0                       
00000174  TA0CCR1                       
00000176  TA0CCR2                       
00000162  TA0CCTL0                      
00000164  TA0CCTL1                      
00000166  TA0CCTL2                      
00000160  TA0CTL                        
0000012e  TA0IV                         
00000170  TA0R                          
00000192  TA1CCR0                       
00000194  TA1CCR1                       
00000196  TA1CCR2                       
00000182  TA1CCTL0                      
00000184  TA1CCTL1                      
00000186  TA1CCTL2                      
00000180  TA1CTL                        
0000011e  TA1IV                         
00000190  TA1R                          
000010db  TLV_ADC10_1_LEN               
000010da  TLV_ADC10_1_TAG               
000010c0  TLV_CHECKSUM                  
000010f7  TLV_DCO_30_LEN                
000010f6  TLV_DCO_30_TAG                
0000cb2a  Timer_A                       
0000005d  UCA0ABCTL                     
00000062  UCA0BR0                       
00000063  UCA0BR1                       
00000060  UCA0CTL0                      
00000061  UCA0CTL1                      
0000005f  UCA0IRRCTL                    
0000005e  UCA0IRTCTL                    
00000064  UCA0MCTL                      
00000066  UCA0RXBUF                     
00000065  UCA0STAT                      
00000067  UCA0TXBUF                     
0000006a  UCB0BR0                       
0000006b  UCB0BR1                       
00000068  UCB0CTL0                      
00000069  UCB0CTL1                      
0000006c  UCB0I2CIE                     
00000118  UCB0I2COA                     
0000011a  UCB0I2CSA                     
0000006e  UCB0RXBUF                     
0000006d  UCB0STAT                      
0000006f  UCB0TXBUF                     
0000c752  USCI0RX_ISR                   
00000120  WDTCTL                        
00000400  __STACK_END                   
00000050  __STACK_SIZE                  
0000cb8e  __TI_CINIT_Base               
0000cb96  __TI_CINIT_Limit              
0000cb84  __TI_Handler_Table_Base       
0000cb8a  __TI_Handler_Table_Limit      
0000cb36  __TI_ISR_TRAP                 
0000c902  __TI_auto_init_nobinit_nopinit
0000c662  __TI_decompress_lzss          
0000cad2  __TI_decompress_none          
0000c000  __TI_frcmpyd                  
0000ffe0  __TI_int00                    
0000ffe4  __TI_int02                    
0000ffe6  __TI_int03                    
0000ffea  __TI_int05                    
0000ffec  __TI_int06                    
0000ffee  __TI_int07                    
0000fff0  __TI_int08                    
0000fff2  __TI_int09                    
0000fff4  __TI_int10                    
0000fff6  __TI_int11                    
0000fff8  __TI_int12                    
0000fffa  __TI_int13                    
0000fffc  __TI_int14                    
ffffffff  __TI_pprof_out_hndl           
ffffffff  __TI_prof_data_size           
ffffffff  __TI_prof_data_start          
0000ca9a  __TI_zero_init_nomemset       
ffffffff  __c_args__                    
0000cac0  __mspabi_fixdu                
0000c6de  __mspabi_fixdul               
0000cb46  __mspabi_fltud                
0000c5d8  __mspabi_fltuld               
0000cb26  __mspabi_func_epilog_1        
0000cb24  __mspabi_func_epilog_2        
0000cb22  __mspabi_func_epilog_3        
0000cb20  __mspabi_func_epilog_4        
0000cb1e  __mspabi_func_epilog_5        
0000cb1c  __mspabi_func_epilog_6        
0000cb1a  __mspabi_func_epilog_7        
0000c286  __mspabi_mpyd                 
0000ca42  __mspabi_mpyl                 
0000ca42  __mspabi_mpyl_sw              
0000c9ec  __mspabi_slli                 
0000ca14  __mspabi_slli_1               
0000ca02  __mspabi_slli_10              
0000ca00  __mspabi_slli_11              
0000c9fe  __mspabi_slli_12              
0000c9fc  __mspabi_slli_13              
0000c9fa  __mspabi_slli_14              
0000c9f8  __mspabi_slli_15              
0000ca12  __mspabi_slli_2               
0000ca10  __mspabi_slli_3               
0000ca0e  __mspabi_slli_4               
0000ca0c  __mspabi_slli_5               
0000ca0a  __mspabi_slli_6               
0000ca08  __mspabi_slli_7               
0000ca06  __mspabi_slli_8               
0000ca04  __mspabi_slli_9               
0000c9ba  __mspabi_slll_1               
0000c996  __mspabi_slll_10              
0000c992  __mspabi_slll_11              
0000c98e  __mspabi_slll_12              
0000c98a  __mspabi_slll_13              
0000c986  __mspabi_slll_14              
0000c982  __mspabi_slll_15              
0000c9b6  __mspabi_slll_2               
0000c9b2  __mspabi_slll_3               
0000c9ae  __mspabi_slll_4               
0000c9aa  __mspabi_slll_5               
0000c9a6  __mspabi_slll_6               
0000c9a2  __mspabi_slll_7               
0000c99e  __mspabi_slll_8               
0000c99a  __mspabi_slll_9               
0000c9c0  __mspabi_srai                 
0000c9e8  __mspabi_srai_1               
0000c9d6  __mspabi_srai_10              
0000c9d4  __mspabi_srai_11              
0000c9d2  __mspabi_srai_12              
0000c9d0  __mspabi_srai_13              
0000c9ce  __mspabi_srai_14              
0000c9cc  __mspabi_srai_15              
0000c9e6  __mspabi_srai_2               
0000c9e4  __mspabi_srai_3               
0000c9e2  __mspabi_srai_4               
0000c9e0  __mspabi_srai_5               
0000c9de  __mspabi_srai_6               
0000c9dc  __mspabi_srai_7               
0000c9da  __mspabi_srai_8               
0000c9d8  __mspabi_srai_9               
0000c97c  __mspabi_sral_1               
0000c958  __mspabi_sral_10              
0000c954  __mspabi_sral_11              
0000c950  __mspabi_sral_12              
0000c94c  __mspabi_sral_13              
0000c948  __mspabi_sral_14              
0000c944  __mspabi_sral_15              
0000c978  __mspabi_sral_2               
0000c974  __mspabi_sral_3               
0000c970  __mspabi_sral_4               
0000c96c  __mspabi_sral_5               
0000c968  __mspabi_sral_6               
0000c964  __mspabi_sral_7               
0000c960  __mspabi_sral_8               
0000c95c  __mspabi_sral_9               
0000c86e  __mspabi_srli                 
0000c8b4  __mspabi_srli_1               
0000c890  __mspabi_srli_10              
0000c88c  __mspabi_srli_11              
0000c888  __mspabi_srli_12              
0000c884  __mspabi_srli_13              
0000c880  __mspabi_srli_14              
0000c87c  __mspabi_srli_15              
0000c8b0  __mspabi_srli_2               
0000c8ac  __mspabi_srli_3               
0000c8a8  __mspabi_srli_4               
0000c8a4  __mspabi_srli_5               
0000c8a0  __mspabi_srli_6               
0000c89c  __mspabi_srli_7               
0000c898  __mspabi_srli_8               
0000c894  __mspabi_srli_9               
0000cae4  __mspabi_srll                 
0000c866  __mspabi_srll_1               
0000c830  __mspabi_srll_10              
0000c82a  __mspabi_srll_11              
0000c824  __mspabi_srll_12              
0000c81e  __mspabi_srll_13              
0000c818  __mspabi_srll_14              
0000c812  __mspabi_srll_15              
0000c860  __mspabi_srll_2               
0000c85a  __mspabi_srll_3               
0000c854  __mspabi_srll_4               
0000c84e  __mspabi_srll_5               
0000c848  __mspabi_srll_6               
0000c842  __mspabi_srll_7               
0000c83c  __mspabi_srll_8               
0000c836  __mspabi_srll_9               
0000ca68  _c_int00_noargs               
0000fffe  _reset_vector                 
000003b0  _stack                        
0000cb56  _system_post_cinit            
0000cb52  _system_pre_init              
00000222  a                             
0000cb4c  abort                         
00000220  b                             
0000021c  block                         
00000224  diffV                         
00000214  direction                     
0000024c  duty                          
00000203  echoBack                      
00000254  getTime                       
0000c7b4  initMSP                       
0000c4f4  main                          
0000021e  measureCur                    
0000caf6  memcpy                        
0000020c  powerDifference_watt          
00000204  precision_watt                
0000022c  rxBuffer                      
00000201  rxBufferEnd                   
00000202  rxBufferError                 
00000200  rxBufferStart                 
0000ca18  serialPrint                   
0000ca84  serialPrintln                 
0000cb08  serialWrite                   
0000c8ba  setDuty                       
0000cb3e  setPeriod                     


GLOBAL SYMBOLS: SORTED BY Symbol Address 

address   name                          
-------   ----                          
00000000  IE1                           
00000001  IE2                           
00000002  IFG1                          
00000003  IFG2                          
00000010  P3REN                         
00000018  P3IN                          
00000019  P3OUT                         
0000001a  P3DIR                         
0000001b  P3SEL                         
00000020  P1IN                          
00000021  P1OUT                         
00000022  P1DIR                         
00000023  P1IFG                         
00000024  P1IES                         
00000025  P1IE                          
00000026  P1SEL                         
00000027  P1REN                         
00000028  P2IN                          
00000029  P2OUT                         
0000002a  P2DIR                         
0000002b  P2IFG                         
0000002c  P2IES                         
0000002d  P2IE                          
0000002e  P2SEL                         
0000002f  P2REN                         
00000041  P1SEL2                        
00000042  P2SEL2                        
00000043  P3SEL2                        
00000048  ADC10DTC0                     
00000049  ADC10DTC1                     
0000004a  ADC10AE0                      
00000050  __STACK_SIZE                  
00000053  BCSCTL3                       
00000056  DCOCTL                        
00000057  BCSCTL1                       
00000058  BCSCTL2                       
00000059  CACTL1                        
0000005a  CACTL2                        
0000005b  CAPD                          
0000005d  UCA0ABCTL                     
0000005e  UCA0IRTCTL                    
0000005f  UCA0IRRCTL                    
00000060  UCA0CTL0                      
00000061  UCA0CTL1                      
00000062  UCA0BR0                       
00000063  UCA0BR1                       
00000064  UCA0MCTL                      
00000065  UCA0STAT                      
00000066  UCA0RXBUF                     
00000067  UCA0TXBUF                     
00000068  UCB0CTL0                      
00000069  UCB0CTL1                      
0000006a  UCB0BR0                       
0000006b  UCB0BR1                       
0000006c  UCB0I2CIE                     
0000006d  UCB0STAT                      
0000006e  UCB0RXBUF                     
0000006f  UCB0TXBUF                     
00000118  UCB0I2COA                     
0000011a  UCB0I2CSA                     
0000011e  TA1IV                         
00000120  WDTCTL                        
00000128  FCTL1                         
0000012a  FCTL2                         
0000012c  FCTL3                         
0000012e  TA0IV                         
00000160  TA0CTL                        
00000162  TA0CCTL0                      
00000164  TA0CCTL1                      
00000166  TA0CCTL2                      
00000170  TA0R                          
00000172  TA0CCR0                       
00000174  TA0CCR1                       
00000176  TA0CCR2                       
00000180  TA1CTL                        
00000182  TA1CCTL0                      
00000184  TA1CCTL1                      
00000186  TA1CCTL2                      
00000190  TA1R                          
00000192  TA1CCR0                       
00000194  TA1CCR1                       
00000196  TA1CCR2                       
000001b0  ADC10CTL0                     
000001b2  ADC10CTL1                     
000001b4  ADC10MEM                      
000001bc  ADC10SA                       
00000200  rxBufferStart                 
00000201  rxBufferEnd                   
00000202  rxBufferError                 
00000203  echoBack                      
00000204  precision_watt                
0000020c  powerDifference_watt          
00000214  direction                     
0000021c  block                         
0000021e  measureCur                    
00000220  b                             
00000222  a                             
00000224  diffV                         
0000022c  rxBuffer                      
0000024c  duty                          
00000254  getTime                       
000003b0  _stack                        
00000400  __STACK_END                   
000010c0  TLV_CHECKSUM                  
000010da  TLV_ADC10_1_TAG               
000010db  TLV_ADC10_1_LEN               
000010f6  TLV_DCO_30_TAG                
000010f7  TLV_DCO_30_LEN                
000010f8  CALDCO_16MHZ                  
000010f9  CALBC1_16MHZ                  
000010fa  CALDCO_12MHZ                  
000010fb  CALBC1_12MHZ                  
000010fc  CALDCO_8MHZ                   
000010fd  CALBC1_8MHZ                   
000010fe  CALDCO_1MHZ                   
000010ff  CALBC1_1MHZ                   
0000c000  __TI_frcmpyd                  
0000c286  __mspabi_mpyd                 
0000c4f4  main                          
0000c5d8  __mspabi_fltuld               
0000c662  __TI_decompress_lzss          
0000c6de  __mspabi_fixdul               
0000c752  USCI0RX_ISR                   
0000c7b4  initMSP                       
0000c812  __mspabi_srll_15              
0000c818  __mspabi_srll_14              
0000c81e  __mspabi_srll_13              
0000c824  __mspabi_srll_12              
0000c82a  __mspabi_srll_11              
0000c830  __mspabi_srll_10              
0000c836  __mspabi_srll_9               
0000c83c  __mspabi_srll_8               
0000c842  __mspabi_srll_7               
0000c848  __mspabi_srll_6               
0000c84e  __mspabi_srll_5               
0000c854  __mspabi_srll_4               
0000c85a  __mspabi_srll_3               
0000c860  __mspabi_srll_2               
0000c866  __mspabi_srll_1               
0000c86e  __mspabi_srli                 
0000c87c  __mspabi_srli_15              
0000c880  __mspabi_srli_14              
0000c884  __mspabi_srli_13              
0000c888  __mspabi_srli_12              
0000c88c  __mspabi_srli_11              
0000c890  __mspabi_srli_10              
0000c894  __mspabi_srli_9               
0000c898  __mspabi_srli_8               
0000c89c  __mspabi_srli_7               
0000c8a0  __mspabi_srli_6               
0000c8a4  __mspabi_srli_5               
0000c8a8  __mspabi_srli_4               
0000c8ac  __mspabi_srli_3               
0000c8b0  __mspabi_srli_2               
0000c8b4  __mspabi_srli_1               
0000c8ba  setDuty                       
0000c902  __TI_auto_init_nobinit_nopinit
0000c944  __mspabi_sral_15              
0000c948  __mspabi_sral_14              
0000c94c  __mspabi_sral_13              
0000c950  __mspabi_sral_12              
0000c954  __mspabi_sral_11              
0000c958  __mspabi_sral_10              
0000c95c  __mspabi_sral_9               
0000c960  __mspabi_sral_8               
0000c964  __mspabi_sral_7               
0000c968  __mspabi_sral_6               
0000c96c  __mspabi_sral_5               
0000c970  __mspabi_sral_4               
0000c974  __mspabi_sral_3               
0000c978  __mspabi_sral_2               
0000c97c  __mspabi_sral_1               
0000c982  __mspabi_slll_15              
0000c986  __mspabi_slll_14              
0000c98a  __mspabi_slll_13              
0000c98e  __mspabi_slll_12              
0000c992  __mspabi_slll_11              
0000c996  __mspabi_slll_10              
0000c99a  __mspabi_slll_9               
0000c99e  __mspabi_slll_8               
0000c9a2  __mspabi_slll_7               
0000c9a6  __mspabi_slll_6               
0000c9aa  __mspabi_slll_5               
0000c9ae  __mspabi_slll_4               
0000c9b2  __mspabi_slll_3               
0000c9b6  __mspabi_slll_2               
0000c9ba  __mspabi_slll_1               
0000c9c0  __mspabi_srai                 
0000c9cc  __mspabi_srai_15              
0000c9ce  __mspabi_srai_14              
0000c9d0  __mspabi_srai_13              
0000c9d2  __mspabi_srai_12              
0000c9d4  __mspabi_srai_11              
0000c9d6  __mspabi_srai_10              
0000c9d8  __mspabi_srai_9               
0000c9da  __mspabi_srai_8               
0000c9dc  __mspabi_srai_7               
0000c9de  __mspabi_srai_6               
0000c9e0  __mspabi_srai_5               
0000c9e2  __mspabi_srai_4               
0000c9e4  __mspabi_srai_3               
0000c9e6  __mspabi_srai_2               
0000c9e8  __mspabi_srai_1               
0000c9ec  __mspabi_slli                 
0000c9f8  __mspabi_slli_15              
0000c9fa  __mspabi_slli_14              
0000c9fc  __mspabi_slli_13              
0000c9fe  __mspabi_slli_12              
0000ca00  __mspabi_slli_11              
0000ca02  __mspabi_slli_10              
0000ca04  __mspabi_slli_9               
0000ca06  __mspabi_slli_8               
0000ca08  __mspabi_slli_7               
0000ca0a  __mspabi_slli_6               
0000ca0c  __mspabi_slli_5               
0000ca0e  __mspabi_slli_4               
0000ca10  __mspabi_slli_3               
0000ca12  __mspabi_slli_2               
0000ca14  __mspabi_slli_1               
0000ca18  serialPrint                   
0000ca42  __mspabi_mpyl                 
0000ca42  __mspabi_mpyl_sw              
0000ca68  _c_int00_noargs               
0000ca84  serialPrintln                 
0000ca9a  __TI_zero_init_nomemset       
0000caae  Port_1                        
0000cac0  __mspabi_fixdu                
0000cad2  __TI_decompress_none          
0000cae4  __mspabi_srll                 
0000caf6  memcpy                        
0000cb08  serialWrite                   
0000cb1a  __mspabi_func_epilog_7        
0000cb1c  __mspabi_func_epilog_6        
0000cb1e  __mspabi_func_epilog_5        
0000cb20  __mspabi_func_epilog_4        
0000cb22  __mspabi_func_epilog_3        
0000cb24  __mspabi_func_epilog_2        
0000cb26  __mspabi_func_epilog_1        
0000cb2a  Timer_A                       
0000cb36  __TI_ISR_TRAP                 
0000cb3e  setPeriod                     
0000cb46  __mspabi_fltud                
0000cb4c  C$$EXIT                       
0000cb4c  abort                         
0000cb52  _system_pre_init              
0000cb56  _system_post_cinit            
0000cb84  __TI_Handler_Table_Base       
0000cb8a  __TI_Handler_Table_Limit      
0000cb8e  __TI_CINIT_Base               
0000cb96  __TI_CINIT_Limit              
0000ffe0  __TI_int00                    
0000ffe4  __TI_int02                    
0000ffe6  __TI_int03                    
0000ffea  __TI_int05                    
0000ffec  __TI_int06                    
0000ffee  __TI_int07                    
0000fff0  __TI_int08                    
0000fff2  __TI_int09                    
0000fff4  __TI_int10                    
0000fff6  __TI_int11                    
0000fff8  __TI_int12                    
0000fffa  __TI_int13                    
0000fffc  __TI_int14                    
0000fffe  _reset_vector                 
ffffffff  __TI_pprof_out_hndl           
ffffffff  __TI_prof_data_size           
ffffffff  __TI_prof_data_start          
ffffffff  __c_args__                    

[268 symbols]
