******************************************************************************
                  MSP430 Linker PC v17.9.0                     
******************************************************************************
>> Linked Fri May 25 12:58:11 2018

OUTPUT FILE NAME:   <Copy of Boost_Converter_Controll_Testing.out>
ENTRY POINT SYMBOL: "_c_int00_noargs"  address: 0000de36


MEMORY CONFIGURATION

         name            origin    length      used     unused   attr    fill
----------------------  --------  ---------  --------  --------  ----  --------
  SFR                   00000000   00000010  00000000  00000010  RWIX
  PERIPHERALS_8BIT      00000010   000000f0  00000000  000000f0  RWIX
  PERIPHERALS_16BIT     00000100   00000100  00000000  00000100  RWIX
  RAM                   00000200   00000200  000000ea  00000116  RWIX
  INFOD                 00001000   00000040  00000000  00000040  RWIX
  INFOC                 00001040   00000040  00000000  00000040  RWIX
  INFOB                 00001080   00000040  00000000  00000040  RWIX
  INFOA                 000010c0   00000040  00000000  00000040  RWIX
  FLASH                 0000c000   00003fde  00001faa  00002034  RWIX
  BSLSIGNATURE          0000ffde   00000002  00000002  00000000  RWIX  ffff 
  INT00                 0000ffe0   00000002  00000002  00000000  RWIX
  INT01                 0000ffe2   00000002  00000000  00000002  RWIX
  INT02                 0000ffe4   00000002  00000002  00000000  RWIX
  INT03                 0000ffe6   00000002  00000002  00000000  RWIX
  INT04                 0000ffe8   00000002  00000000  00000002  RWIX
  INT05                 0000ffea   00000002  00000002  00000000  RWIX
  INT06                 0000ffec   00000002  00000002  00000000  RWIX
  INT07                 0000ffee   00000002  00000002  00000000  RWIX
  INT08                 0000fff0   00000002  00000002  00000000  RWIX
  INT09                 0000fff2   00000002  00000002  00000000  RWIX
  INT10                 0000fff4   00000002  00000002  00000000  RWIX
  INT11                 0000fff6   00000002  00000002  00000000  RWIX
  INT12                 0000fff8   00000002  00000002  00000000  RWIX
  INT13                 0000fffa   00000002  00000002  00000000  RWIX
  INT14                 0000fffc   00000002  00000002  00000000  RWIX
  RESET                 0000fffe   00000002  00000002  00000000  RWIX


SECTION ALLOCATION MAP

 output                                  attributes/
section   page    origin      length       input sections
--------  ----  ----------  ----------   ----------------
.bss       0    00000200    0000006e     UNINITIALIZED
                  00000200    00000020     (.common:rxBuffer)
                  00000220    00000008     (.common:current1)
                  00000228    00000008     (.common:current2)
                  00000230    00000008     (.common:currentPower_watt)
                  00000238    00000008     (.common:differenceVolt)
                  00000240    00000008     (.common:duty)
                  00000248    00000008     (.common:power)
                  00000250    00000008     (.common:stepSize)
                  00000258    00000008     (.common:testPower_watt)
                  00000260    00000008     (.common:voltage)
                  00000268    00000002     (.common:directionChange)
                  0000026a    00000002     (.common:getTime)
                  0000026c    00000002     (.common:time)

.data      0    0000026e    0000002c     UNINITIALIZED
                  0000026e    0000002c     main.obj (.data)

.stack     0    000003b0    00000050     UNINITIALIZED
                  000003b0    00000002     rts430_eabi.lib : boot.obj (.stack)
                  000003b2    0000004e     --HOLE--

.text      0    0000c000    00001f6c     
                  0000c000    00000478     rts430_eabi.lib : frcdivd.obj (.text:__TI_frcdivd)
                  0000c478    000002fa                     : addd.obj (.text:__mspabi_addd)
                  0000c772    00000286                     : frcmpyd.obj (.text:__TI_frcmpyd)
                  0000c9f8    0000026e                     : mpyd.obj (.text:__mspabi_mpyd)
                  0000cc66    00000260                     : frcaddd.obj (.text:__TI_frcaddd)
                  0000cec6    0000024c     main.obj (.text:alternativeHillClimbing)
                  0000d112    00000238     rts430_eabi.lib : divd.obj (.text:__mspabi_divd)
                  0000d34a    00000176     main.obj (.text:calculatePower)
                  0000d4c0    00000126     main.obj (.text:main)
                  0000d5e6    000000dc     rts430_eabi.lib : cmpd.obj (.text:__mspabi_cmpd)
                  0000d6c2    000000c0     main.obj (.text:measureCurrent)
                  0000d782    000000be     rts430_eabi.lib : renormd.obj (.text:__TI_renormd)
                  0000d840    000000ac                     : fltlid.obj (.text:__mspabi_fltlid)
                  0000d8ec    0000008a                     : fltuld.obj (.text:__mspabi_fltuld)
                  0000d976    0000007c                     : copy_decompress_lzss.obj (.text:decompress:lzss:__TI_decompress_lzss)
                  0000d9f2    00000074                     : fixdul.obj (.text:__mspabi_fixdul)
                  0000da66    00000062     main.obj (.text:USCI0RX_ISR)
                  0000dac8    0000005e     main.obj (.text:initMSP)
                  0000db26    0000005c     rts430_eabi.lib : lsr32.obj (.text:l_lsr_const)
                  0000db82    0000004c                     : lsr16.obj (.text)
                  0000dbce    00000048     main.obj (.text:setDuty)
                  0000dc16    00000042     rts430_eabi.lib : autoinit.obj (.text:__TI_auto_init_nobinit_nopinit:__TI_auto_init_nobinit_nopinit)
                  0000dc58    0000003e                     : asr32.obj (.text:l_asr_const)
                  0000dc96    0000003e                     : lsl32.obj (.text:l_lsl_const)
                  0000dcd4    0000003c     main.obj (.text:measureVoltage)
                  0000dd10    0000002e     rts430_eabi.lib : subd.obj (.text:__mspabi_subd)
                  0000dd3e    0000002c                     : asr16.obj (.text)
                  0000dd6a    0000002c                     : lsl16.obj (.text)
                  0000dd96    0000002a                     : negd.obj (.text:__mspabi_negd)
                  0000ddc0    0000002a     main.obj (.text:serialPrint)
                  0000ddea    00000026     main.obj (.text:measurePower)
                  0000de10    00000026     rts430_eabi.lib : mult32.obj (.text)
                  0000de36    0000001c                     : boot.obj (.text:_c_int00_noargs)
                  0000de52    00000018     main.obj (.text:Port_1)
                  0000de6a    00000016     main.obj (.text:serialPrintln)
                  0000de80    00000014     rts430_eabi.lib : copy_zero_init.obj (.text:decompress:ZI:__TI_zero_init_nomemset:__TI_zero_init_nomemset)
                  0000de94    00000014                     : mult16.obj (.text)
                  0000dea8    00000012                     : fixdu.obj (.text:__mspabi_fixdu)
                  0000deba    00000012                     : copy_decompress_none.obj (.text:decompress:none:__TI_decompress_none)
                  0000decc    00000012                     : lsr32.obj (.text:l_lsr)
                  0000dede    00000012                     : memcpy.obj (.text:memcpy)
                  0000def0    00000012     main.obj (.text:serialWrite)
                  0000df02    00000010     rts430_eabi.lib : asr32.obj (.text:l_asr)
                  0000df12    00000010                     : lsl32.obj (.text:l_lsl)
                  0000df22    00000010                     : epilog.obj (.text)
                  0000df32    0000000c     main.obj (.text:Timer_A)
                  0000df3e    0000000c     rts430_eabi.lib : fltid.obj (.text:__mspabi_fltid)
                  0000df4a    00000008                     : isr_trap.obj (.text:_isr:__TI_ISR_TRAP)
                  0000df52    00000008     main.obj (.text:setPeriod)
                  0000df5a    00000006     rts430_eabi.lib : fltud.obj (.text:__mspabi_fltud)
                  0000df60    00000006                     : exit.obj (.text:abort)
                  0000df66    00000004                     : pre_init.obj (.text:_system_pre_init)
                  0000df6a    00000002                     : startup.obj (.text:_system_post_cinit)

.const     0    0000df6c    00000012     
                  0000df6c    00000012     main.obj (.const:.string)

.cinit     0    0000df7e    0000002c     
                  0000df7e    0000001a     (.cinit..data.load) [load image, compression = lzss]
                  0000df98    00000006     (__TI_handler_table)
                  0000df9e    00000004     (.cinit..bss.load) [load image, compression = zero_init]
                  0000dfa2    00000008     (__TI_cinit_table)

.binit     0    0000c000    00000000     

.init_array 
*          0    0000c000    00000000     UNINITIALIZED

TRAPINT    0    0000ffe0    00000002     
                  0000ffe0    00000002     rts430_eabi.lib : int00.obj (.int00)

PORT1      0    0000ffe4    00000002     
                  0000ffe4    00000002     main.obj (.int02)

PORT2      0    0000ffe6    00000002     
                  0000ffe6    00000002     rts430_eabi.lib : int03.obj (.int03)

ADC10      0    0000ffea    00000002     
                  0000ffea    00000002     rts430_eabi.lib : int05.obj (.int05)

USCIAB0TX 
*          0    0000ffec    00000002     
                  0000ffec    00000002     rts430_eabi.lib : int06.obj (.int06)

USCIAB0RX 
*          0    0000ffee    00000002     
                  0000ffee    00000002     main.obj (.int07)

TIMER0_A1 
*          0    0000fff0    00000002     
                  0000fff0    00000002     rts430_eabi.lib : int08.obj (.int08)

TIMER0_A0 
*          0    0000fff2    00000002     
                  0000fff2    00000002     rts430_eabi.lib : int09.obj (.int09)

WDT        0    0000fff4    00000002     
                  0000fff4    00000002     rts430_eabi.lib : int10.obj (.int10)

COMPARATORA 
*          0    0000fff6    00000002     
                  0000fff6    00000002     rts430_eabi.lib : int11.obj (.int11)

TIMER1_A1 
*          0    0000fff8    00000002     
                  0000fff8    00000002     main.obj (.int12)

TIMER1_A0 
*          0    0000fffa    00000002     
                  0000fffa    00000002     rts430_eabi.lib : int13.obj (.int13)

NMI        0    0000fffc    00000002     
                  0000fffc    00000002     rts430_eabi.lib : int14.obj (.int14)

.reset     0    0000fffe    00000002     
                  0000fffe    00000002     rts430_eabi.lib : boot.obj (.reset)

$fill000   0    0000ffde    00000002     
                  0000ffde    00000002     --HOLE-- [fill = ffff]

MODULE SUMMARY

       Module                     code   ro data   rw data
       ------                     ----   -------   -------
    .\
       main.obj                   1936   24        154    
    +--+--------------------------+------+---------+---------+
       Total:                     1936   24        154    
                                                          
    C:\ti\ccsv7\tools\compiler\ti-cgt-msp430_17.9.0.STS\lib\rts430_eabi.lib
       frcdivd.obj                1144   0         0      
       addd.obj                   762    0         0      
       frcmpyd.obj                646    0         0      
       mpyd.obj                   622    0         0      
       frcaddd.obj                608    0         0      
       divd.obj                   568    0         0      
       cmpd.obj                   220    0         0      
       renormd.obj                190    0         0      
       fltlid.obj                 172    0         0      
       fltuld.obj                 138    0         0      
       copy_decompress_lzss.obj   124    0         0      
       fixdul.obj                 116    0         0      
       lsr32.obj                  110    0         0      
       asr32.obj                  78     0         0      
       lsl32.obj                  78     0         0      
       lsr16.obj                  76     0         0      
       autoinit.obj               66     0         0      
       subd.obj                   46     0         0      
       asr16.obj                  44     0         0      
       lsl16.obj                  44     0         0      
       negd.obj                   42     0         0      
       mult32.obj                 38     0         0      
       boot.obj                   28     2         0      
       copy_zero_init.obj         20     0         0      
       mult16.obj                 20     0         0      
       copy_decompress_none.obj   18     0         0      
       fixdu.obj                  18     0         0      
       memcpy.obj                 18     0         0      
       epilog.obj                 16     0         0      
       fltid.obj                  12     0         0      
       isr_trap.obj               8      0         0      
       exit.obj                   6      0         0      
       fltud.obj                  6      0         0      
       pre_init.obj               4      0         0      
       int00.obj                  0      2         0      
       int03.obj                  0      2         0      
       int05.obj                  0      2         0      
       int06.obj                  0      2         0      
       int08.obj                  0      2         0      
       int09.obj                  0      2         0      
       int10.obj                  0      2         0      
       int11.obj                  0      2         0      
       int13.obj                  0      2         0      
       int14.obj                  0      2         0      
       startup.obj                2      0         0      
    +--+--------------------------+------+---------+---------+
       Total:                     6108   22        0      
                                                          
       Stack:                     0      0         80     
       Linker Generated:          0      44        0      
    +--+--------------------------+------+---------+---------+
       Grand Total:               8044   90        234    


LINKER GENERATED COPY TABLES

__TI_cinit_table @ 0000dfa2 records: 2, size/record: 4, table size: 8
	.data: load addr=0000df7e, load size=0000001a bytes, run addr=0000026e, run size=0000002c bytes, compression=lzss
	.bss: load addr=0000df9e, load size=00000004 bytes, run addr=00000200, run size=0000006e bytes, compression=zero_init


LINKER GENERATED HANDLER TABLE

__TI_handler_table @ 0000df98 records: 3, size/record: 2, table size: 6
	index: 0, handler: __TI_zero_init
	index: 1, handler: __TI_decompress_lzss
	index: 2, handler: __TI_decompress_none


GLOBAL SYMBOLS: SORTED ALPHABETICALLY BY Name 

address   name                          
-------   ----                          
0000004a  ADC10AE0                      
000001b0  ADC10CTL0                     
000001b2  ADC10CTL1                     
00000048  ADC10DTC0                     
00000049  ADC10DTC1                     
000001b4  ADC10MEM                      
000001bc  ADC10SA                       
00000057  BCSCTL1                       
00000058  BCSCTL2                       
00000053  BCSCTL3                       
0000df60  C$$EXIT                       
00000059  CACTL1                        
0000005a  CACTL2                        
000010fb  CALBC1_12MHZ                  
000010f9  CALBC1_16MHZ                  
000010ff  CALBC1_1MHZ                   
000010fd  CALBC1_8MHZ                   
000010fa  CALDCO_12MHZ                  
000010f8  CALDCO_16MHZ                  
000010fe  CALDCO_1MHZ                   
000010fc  CALDCO_8MHZ                   
0000005b  CAPD                          
00000056  DCOCTL                        
00000128  FCTL1                         
0000012a  FCTL2                         
0000012c  FCTL3                         
00000000  IE1                           
00000001  IE2                           
00000002  IFG1                          
00000003  IFG2                          
00000022  P1DIR                         
00000025  P1IE                          
00000024  P1IES                         
00000023  P1IFG                         
00000020  P1IN                          
00000021  P1OUT                         
00000027  P1REN                         
00000026  P1SEL                         
00000041  P1SEL2                        
0000002a  P2DIR                         
0000002d  P2IE                          
0000002c  P2IES                         
0000002b  P2IFG                         
00000028  P2IN                          
00000029  P2OUT                         
0000002f  P2REN                         
0000002e  P2SEL                         
00000042  P2SEL2                        
0000001a  P3DIR                         
00000018  P3IN                          
00000019  P3OUT                         
00000010  P3REN                         
0000001b  P3SEL                         
00000043  P3SEL2                        
0000de52  Port_1                        
00000172  TA0CCR0                       
00000174  TA0CCR1                       
00000176  TA0CCR2                       
00000162  TA0CCTL0                      
00000164  TA0CCTL1                      
00000166  TA0CCTL2                      
00000160  TA0CTL                        
0000012e  TA0IV                         
00000170  TA0R                          
00000192  TA1CCR0                       
00000194  TA1CCR1                       
00000196  TA1CCR2                       
00000182  TA1CCTL0                      
00000184  TA1CCTL1                      
00000186  TA1CCTL2                      
00000180  TA1CTL                        
0000011e  TA1IV                         
00000190  TA1R                          
000010db  TLV_ADC10_1_LEN               
000010da  TLV_ADC10_1_TAG               
000010c0  TLV_CHECKSUM                  
000010f7  TLV_DCO_30_LEN                
000010f6  TLV_DCO_30_TAG                
0000df32  Timer_A                       
0000005d  UCA0ABCTL                     
00000062  UCA0BR0                       
00000063  UCA0BR1                       
00000060  UCA0CTL0                      
00000061  UCA0CTL1                      
0000005f  UCA0IRRCTL                    
0000005e  UCA0IRTCTL                    
00000064  UCA0MCTL                      
00000066  UCA0RXBUF                     
00000065  UCA0STAT                      
00000067  UCA0TXBUF                     
0000006a  UCB0BR0                       
0000006b  UCB0BR1                       
00000068  UCB0CTL0                      
00000069  UCB0CTL1                      
0000006c  UCB0I2CIE                     
00000118  UCB0I2COA                     
0000011a  UCB0I2CSA                     
0000006e  UCB0RXBUF                     
0000006d  UCB0STAT                      
0000006f  UCB0TXBUF                     
0000da66  USCI0RX_ISR                   
00000120  WDTCTL                        
00000400  __STACK_END                   
00000050  __STACK_SIZE                  
0000dfa2  __TI_CINIT_Base               
0000dfaa  __TI_CINIT_Limit              
0000df98  __TI_Handler_Table_Base       
0000df9e  __TI_Handler_Table_Limit      
0000df4a  __TI_ISR_TRAP                 
0000dc16  __TI_auto_init_nobinit_nopinit
0000d976  __TI_decompress_lzss          
0000deba  __TI_decompress_none          
0000cc66  __TI_frcaddd                  
0000c000  __TI_frcdivd                  
0000c772  __TI_frcmpyd                  
0000ffe0  __TI_int00                    
0000ffe4  __TI_int02                    
0000ffe6  __TI_int03                    
0000ffea  __TI_int05                    
0000ffec  __TI_int06                    
0000ffee  __TI_int07                    
0000fff0  __TI_int08                    
0000fff2  __TI_int09                    
0000fff4  __TI_int10                    
0000fff6  __TI_int11                    
0000fff8  __TI_int12                    
0000fffa  __TI_int13                    
0000fffc  __TI_int14                    
ffffffff  __TI_pprof_out_hndl           
ffffffff  __TI_prof_data_size           
ffffffff  __TI_prof_data_start          
0000d782  __TI_renormd                  
0000de80  __TI_zero_init_nomemset       
ffffffff  __c_args__                    
0000c478  __mspabi_addd                 
0000d5e6  __mspabi_cmpd                 
0000d112  __mspabi_divd                 
0000dea8  __mspabi_fixdu                
0000d9f2  __mspabi_fixdul               
0000df3e  __mspabi_fltid                
0000d840  __mspabi_fltlid               
0000df5a  __mspabi_fltud                
0000d8ec  __mspabi_fltuld               
0000df2e  __mspabi_func_epilog_1        
0000df2c  __mspabi_func_epilog_2        
0000df2a  __mspabi_func_epilog_3        
0000df28  __mspabi_func_epilog_4        
0000df26  __mspabi_func_epilog_5        
0000df24  __mspabi_func_epilog_6        
0000df22  __mspabi_func_epilog_7        
0000c9f8  __mspabi_mpyd                 
0000de94  __mspabi_mpyi                 
0000de94  __mspabi_mpyi_sw              
0000de10  __mspabi_mpyl                 
0000de10  __mspabi_mpyl_sw              
0000dd96  __mspabi_negd                 
0000dd6a  __mspabi_slli                 
0000dd92  __mspabi_slli_1               
0000dd80  __mspabi_slli_10              
0000dd7e  __mspabi_slli_11              
0000dd7c  __mspabi_slli_12              
0000dd7a  __mspabi_slli_13              
0000dd78  __mspabi_slli_14              
0000dd76  __mspabi_slli_15              
0000dd90  __mspabi_slli_2               
0000dd8e  __mspabi_slli_3               
0000dd8c  __mspabi_slli_4               
0000dd8a  __mspabi_slli_5               
0000dd88  __mspabi_slli_6               
0000dd86  __mspabi_slli_7               
0000dd84  __mspabi_slli_8               
0000dd82  __mspabi_slli_9               
0000df12  __mspabi_slll                 
0000dcce  __mspabi_slll_1               
0000dcaa  __mspabi_slll_10              
0000dca6  __mspabi_slll_11              
0000dca2  __mspabi_slll_12              
0000dc9e  __mspabi_slll_13              
0000dc9a  __mspabi_slll_14              
0000dc96  __mspabi_slll_15              
0000dcca  __mspabi_slll_2               
0000dcc6  __mspabi_slll_3               
0000dcc2  __mspabi_slll_4               
0000dcbe  __mspabi_slll_5               
0000dcba  __mspabi_slll_6               
0000dcb6  __mspabi_slll_7               
0000dcb2  __mspabi_slll_8               
0000dcae  __mspabi_slll_9               
0000dd3e  __mspabi_srai                 
0000dd66  __mspabi_srai_1               
0000dd54  __mspabi_srai_10              
0000dd52  __mspabi_srai_11              
0000dd50  __mspabi_srai_12              
0000dd4e  __mspabi_srai_13              
0000dd4c  __mspabi_srai_14              
0000dd4a  __mspabi_srai_15              
0000dd64  __mspabi_srai_2               
0000dd62  __mspabi_srai_3               
0000dd60  __mspabi_srai_4               
0000dd5e  __mspabi_srai_5               
0000dd5c  __mspabi_srai_6               
0000dd5a  __mspabi_srai_7               
0000dd58  __mspabi_srai_8               
0000dd56  __mspabi_srai_9               
0000df02  __mspabi_sral                 
0000dc90  __mspabi_sral_1               
0000dc6c  __mspabi_sral_10              
0000dc68  __mspabi_sral_11              
0000dc64  __mspabi_sral_12              
0000dc60  __mspabi_sral_13              
0000dc5c  __mspabi_sral_14              
0000dc58  __mspabi_sral_15              
0000dc8c  __mspabi_sral_2               
0000dc88  __mspabi_sral_3               
0000dc84  __mspabi_sral_4               
0000dc80  __mspabi_sral_5               
0000dc7c  __mspabi_sral_6               
0000dc78  __mspabi_sral_7               
0000dc74  __mspabi_sral_8               
0000dc70  __mspabi_sral_9               
0000db82  __mspabi_srli                 
0000dbc8  __mspabi_srli_1               
0000dba4  __mspabi_srli_10              
0000dba0  __mspabi_srli_11              
0000db9c  __mspabi_srli_12              
0000db98  __mspabi_srli_13              
0000db94  __mspabi_srli_14              
0000db90  __mspabi_srli_15              
0000dbc4  __mspabi_srli_2               
0000dbc0  __mspabi_srli_3               
0000dbbc  __mspabi_srli_4               
0000dbb8  __mspabi_srli_5               
0000dbb4  __mspabi_srli_6               
0000dbb0  __mspabi_srli_7               
0000dbac  __mspabi_srli_8               
0000dba8  __mspabi_srli_9               
0000decc  __mspabi_srll                 
0000db7a  __mspabi_srll_1               
0000db44  __mspabi_srll_10              
0000db3e  __mspabi_srll_11              
0000db38  __mspabi_srll_12              
0000db32  __mspabi_srll_13              
0000db2c  __mspabi_srll_14              
0000db26  __mspabi_srll_15              
0000db74  __mspabi_srll_2               
0000db6e  __mspabi_srll_3               
0000db68  __mspabi_srll_4               
0000db62  __mspabi_srll_5               
0000db5c  __mspabi_srll_6               
0000db56  __mspabi_srll_7               
0000db50  __mspabi_srll_8               
0000db4a  __mspabi_srll_9               
0000dd10  __mspabi_subd                 
0000de36  _c_int00_noargs               
0000fffe  _reset_vector                 
000003b0  _stack                        
0000df6a  _system_post_cinit            
0000df66  _system_pre_init              
00000290  a                             
0000df60  abort                         
0000cec6  alternativeHillClimbing       
0000028e  b                             
0000028a  block                         
0000d34a  calculatePower                
00000220  current1                      
00000228  current2                      
00000230  currentPower_watt             
00000292  diffV                         
00000238  differenceVolt                
00000282  direction                     
00000268  directionChange               
00000240  duty                          
00000271  echoBack                      
0000026a  getTime                       
0000dac8  initMSP                       
0000d4c0  main                          
0000028c  measureCur                    
0000d6c2  measureCurrent                
0000ddea  measurePower                  
0000dcd4  measureVoltage                
0000dede  memcpy                        
00000248  power                         
0000027a  powerDifference_watt          
00000272  precision_watt                
00000200  rxBuffer                      
0000026f  rxBufferEnd                   
00000270  rxBufferError                 
0000026e  rxBufferStart                 
0000ddc0  serialPrint                   
0000de6a  serialPrintln                 
0000def0  serialWrite                   
0000dbce  setDuty                       
0000df52  setPeriod                     
00000250  stepSize                      
00000258  testPower_watt                
0000026c  time                          
00000260  voltage                       


GLOBAL SYMBOLS: SORTED BY Symbol Address 

address   name                          
-------   ----                          
00000000  IE1                           
00000001  IE2                           
00000002  IFG1                          
00000003  IFG2                          
00000010  P3REN                         
00000018  P3IN                          
00000019  P3OUT                         
0000001a  P3DIR                         
0000001b  P3SEL                         
00000020  P1IN                          
00000021  P1OUT                         
00000022  P1DIR                         
00000023  P1IFG                         
00000024  P1IES                         
00000025  P1IE                          
00000026  P1SEL                         
00000027  P1REN                         
00000028  P2IN                          
00000029  P2OUT                         
0000002a  P2DIR                         
0000002b  P2IFG                         
0000002c  P2IES                         
0000002d  P2IE                          
0000002e  P2SEL                         
0000002f  P2REN                         
00000041  P1SEL2                        
00000042  P2SEL2                        
00000043  P3SEL2                        
00000048  ADC10DTC0                     
00000049  ADC10DTC1                     
0000004a  ADC10AE0                      
00000050  __STACK_SIZE                  
00000053  BCSCTL3                       
00000056  DCOCTL                        
00000057  BCSCTL1                       
00000058  BCSCTL2                       
00000059  CACTL1                        
0000005a  CACTL2                        
0000005b  CAPD                          
0000005d  UCA0ABCTL                     
0000005e  UCA0IRTCTL                    
0000005f  UCA0IRRCTL                    
00000060  UCA0CTL0                      
00000061  UCA0CTL1                      
00000062  UCA0BR0                       
00000063  UCA0BR1                       
00000064  UCA0MCTL                      
00000065  UCA0STAT                      
00000066  UCA0RXBUF                     
00000067  UCA0TXBUF                     
00000068  UCB0CTL0                      
00000069  UCB0CTL1                      
0000006a  UCB0BR0                       
0000006b  UCB0BR1                       
0000006c  UCB0I2CIE                     
0000006d  UCB0STAT                      
0000006e  UCB0RXBUF                     
0000006f  UCB0TXBUF                     
00000118  UCB0I2COA                     
0000011a  UCB0I2CSA                     
0000011e  TA1IV                         
00000120  WDTCTL                        
00000128  FCTL1                         
0000012a  FCTL2                         
0000012c  FCTL3                         
0000012e  TA0IV                         
00000160  TA0CTL                        
00000162  TA0CCTL0                      
00000164  TA0CCTL1                      
00000166  TA0CCTL2                      
00000170  TA0R                          
00000172  TA0CCR0                       
00000174  TA0CCR1                       
00000176  TA0CCR2                       
00000180  TA1CTL                        
00000182  TA1CCTL0                      
00000184  TA1CCTL1                      
00000186  TA1CCTL2                      
00000190  TA1R                          
00000192  TA1CCR0                       
00000194  TA1CCR1                       
00000196  TA1CCR2                       
000001b0  ADC10CTL0                     
000001b2  ADC10CTL1                     
000001b4  ADC10MEM                      
000001bc  ADC10SA                       
00000200  rxBuffer                      
00000220  current1                      
00000228  current2                      
00000230  currentPower_watt             
00000238  differenceVolt                
00000240  duty                          
00000248  power                         
00000250  stepSize                      
00000258  testPower_watt                
00000260  voltage                       
00000268  directionChange               
0000026a  getTime                       
0000026c  time                          
0000026e  rxBufferStart                 
0000026f  rxBufferEnd                   
00000270  rxBufferError                 
00000271  echoBack                      
00000272  precision_watt                
0000027a  powerDifference_watt          
00000282  direction                     
0000028a  block                         
0000028c  measureCur                    
0000028e  b                             
00000290  a                             
00000292  diffV                         
000003b0  _stack                        
00000400  __STACK_END                   
000010c0  TLV_CHECKSUM                  
000010da  TLV_ADC10_1_TAG               
000010db  TLV_ADC10_1_LEN               
000010f6  TLV_DCO_30_TAG                
000010f7  TLV_DCO_30_LEN                
000010f8  CALDCO_16MHZ                  
000010f9  CALBC1_16MHZ                  
000010fa  CALDCO_12MHZ                  
000010fb  CALBC1_12MHZ                  
000010fc  CALDCO_8MHZ                   
000010fd  CALBC1_8MHZ                   
000010fe  CALDCO_1MHZ                   
000010ff  CALBC1_1MHZ                   
0000c000  __TI_frcdivd                  
0000c478  __mspabi_addd                 
0000c772  __TI_frcmpyd                  
0000c9f8  __mspabi_mpyd                 
0000cc66  __TI_frcaddd                  
0000cec6  alternativeHillClimbing       
0000d112  __mspabi_divd                 
0000d34a  calculatePower                
0000d4c0  main                          
0000d5e6  __mspabi_cmpd                 
0000d6c2  measureCurrent                
0000d782  __TI_renormd                  
0000d840  __mspabi_fltlid               
0000d8ec  __mspabi_fltuld               
0000d976  __TI_decompress_lzss          
0000d9f2  __mspabi_fixdul               
0000da66  USCI0RX_ISR                   
0000dac8  initMSP                       
0000db26  __mspabi_srll_15              
0000db2c  __mspabi_srll_14              
0000db32  __mspabi_srll_13              
0000db38  __mspabi_srll_12              
0000db3e  __mspabi_srll_11              
0000db44  __mspabi_srll_10              
0000db4a  __mspabi_srll_9               
0000db50  __mspabi_srll_8               
0000db56  __mspabi_srll_7               
0000db5c  __mspabi_srll_6               
0000db62  __mspabi_srll_5               
0000db68  __mspabi_srll_4               
0000db6e  __mspabi_srll_3               
0000db74  __mspabi_srll_2               
0000db7a  __mspabi_srll_1               
0000db82  __mspabi_srli                 
0000db90  __mspabi_srli_15              
0000db94  __mspabi_srli_14              
0000db98  __mspabi_srli_13              
0000db9c  __mspabi_srli_12              
0000dba0  __mspabi_srli_11              
0000dba4  __mspabi_srli_10              
0000dba8  __mspabi_srli_9               
0000dbac  __mspabi_srli_8               
0000dbb0  __mspabi_srli_7               
0000dbb4  __mspabi_srli_6               
0000dbb8  __mspabi_srli_5               
0000dbbc  __mspabi_srli_4               
0000dbc0  __mspabi_srli_3               
0000dbc4  __mspabi_srli_2               
0000dbc8  __mspabi_srli_1               
0000dbce  setDuty                       
0000dc16  __TI_auto_init_nobinit_nopinit
0000dc58  __mspabi_sral_15              
0000dc5c  __mspabi_sral_14              
0000dc60  __mspabi_sral_13              
0000dc64  __mspabi_sral_12              
0000dc68  __mspabi_sral_11              
0000dc6c  __mspabi_sral_10              
0000dc70  __mspabi_sral_9               
0000dc74  __mspabi_sral_8               
0000dc78  __mspabi_sral_7               
0000dc7c  __mspabi_sral_6               
0000dc80  __mspabi_sral_5               
0000dc84  __mspabi_sral_4               
0000dc88  __mspabi_sral_3               
0000dc8c  __mspabi_sral_2               
0000dc90  __mspabi_sral_1               
0000dc96  __mspabi_slll_15              
0000dc9a  __mspabi_slll_14              
0000dc9e  __mspabi_slll_13              
0000dca2  __mspabi_slll_12              
0000dca6  __mspabi_slll_11              
0000dcaa  __mspabi_slll_10              
0000dcae  __mspabi_slll_9               
0000dcb2  __mspabi_slll_8               
0000dcb6  __mspabi_slll_7               
0000dcba  __mspabi_slll_6               
0000dcbe  __mspabi_slll_5               
0000dcc2  __mspabi_slll_4               
0000dcc6  __mspabi_slll_3               
0000dcca  __mspabi_slll_2               
0000dcce  __mspabi_slll_1               
0000dcd4  measureVoltage                
0000dd10  __mspabi_subd                 
0000dd3e  __mspabi_srai                 
0000dd4a  __mspabi_srai_15              
0000dd4c  __mspabi_srai_14              
0000dd4e  __mspabi_srai_13              
0000dd50  __mspabi_srai_12              
0000dd52  __mspabi_srai_11              
0000dd54  __mspabi_srai_10              
0000dd56  __mspabi_srai_9               
0000dd58  __mspabi_srai_8               
0000dd5a  __mspabi_srai_7               
0000dd5c  __mspabi_srai_6               
0000dd5e  __mspabi_srai_5               
0000dd60  __mspabi_srai_4               
0000dd62  __mspabi_srai_3               
0000dd64  __mspabi_srai_2               
0000dd66  __mspabi_srai_1               
0000dd6a  __mspabi_slli                 
0000dd76  __mspabi_slli_15              
0000dd78  __mspabi_slli_14              
0000dd7a  __mspabi_slli_13              
0000dd7c  __mspabi_slli_12              
0000dd7e  __mspabi_slli_11              
0000dd80  __mspabi_slli_10              
0000dd82  __mspabi_slli_9               
0000dd84  __mspabi_slli_8               
0000dd86  __mspabi_slli_7               
0000dd88  __mspabi_slli_6               
0000dd8a  __mspabi_slli_5               
0000dd8c  __mspabi_slli_4               
0000dd8e  __mspabi_slli_3               
0000dd90  __mspabi_slli_2               
0000dd92  __mspabi_slli_1               
0000dd96  __mspabi_negd                 
0000ddc0  serialPrint                   
0000ddea  measurePower                  
0000de10  __mspabi_mpyl                 
0000de10  __mspabi_mpyl_sw              
0000de36  _c_int00_noargs               
0000de52  Port_1                        
0000de6a  serialPrintln                 
0000de80  __TI_zero_init_nomemset       
0000de94  __mspabi_mpyi                 
0000de94  __mspabi_mpyi_sw              
0000dea8  __mspabi_fixdu                
0000deba  __TI_decompress_none          
0000decc  __mspabi_srll                 
0000dede  memcpy                        
0000def0  serialWrite                   
0000df02  __mspabi_sral                 
0000df12  __mspabi_slll                 
0000df22  __mspabi_func_epilog_7        
0000df24  __mspabi_func_epilog_6        
0000df26  __mspabi_func_epilog_5        
0000df28  __mspabi_func_epilog_4        
0000df2a  __mspabi_func_epilog_3        
0000df2c  __mspabi_func_epilog_2        
0000df2e  __mspabi_func_epilog_1        
0000df32  Timer_A                       
0000df3e  __mspabi_fltid                
0000df4a  __TI_ISR_TRAP                 
0000df52  setPeriod                     
0000df5a  __mspabi_fltud                
0000df60  C$$EXIT                       
0000df60  abort                         
0000df66  _system_pre_init              
0000df6a  _system_post_cinit            
0000df98  __TI_Handler_Table_Base       
0000df9e  __TI_Handler_Table_Limit      
0000dfa2  __TI_CINIT_Base               
0000dfaa  __TI_CINIT_Limit              
0000ffe0  __TI_int00                    
0000ffe4  __TI_int02                    
0000ffe6  __TI_int03                    
0000ffea  __TI_int05                    
0000ffec  __TI_int06                    
0000ffee  __TI_int07                    
0000fff0  __TI_int08                    
0000fff2  __TI_int09                    
0000fff4  __TI_int10                    
0000fff6  __TI_int11                    
0000fff8  __TI_int12                    
0000fffa  __TI_int13                    
0000fffc  __TI_int14                    
0000fffe  _reset_vector                 
ffffffff  __TI_pprof_out_hndl           
ffffffff  __TI_prof_data_size           
ffffffff  __TI_prof_data_start          
ffffffff  __c_args__                    

[297 symbols]
