******************************************************************************
                  MSP430 Linker PC v17.9.0                     
******************************************************************************
>> Linked Thu Mar 29 15:35:44 2018

OUTPUT FILE NAME:   <Schaltwandler.out>
ENTRY POINT SYMBOL: "_c_int00_noargs"  address: 0000de08


MEMORY CONFIGURATION

         name            origin    length      used     unused   attr    fill
----------------------  --------  ---------  --------  --------  ----  --------
  SFR                   00000000   00000010  00000000  00000010  RWIX
  PERIPHERALS_8BIT      00000010   000000f0  00000000  000000f0  RWIX
  PERIPHERALS_16BIT     00000100   00000100  00000000  00000100  RWIX
  RAM                   00000200   00000200  00000126  000000da  RWIX
  INFOD                 00001000   00000040  00000000  00000040  RWIX
  INFOC                 00001040   00000040  00000000  00000040  RWIX
  INFOB                 00001080   00000040  00000000  00000040  RWIX
  INFOA                 000010c0   00000040  00000000  00000040  RWIX
  FLASH                 0000c000   00003fde  00001f62  0000207c  RWIX
  BSLSIGNATURE          0000ffde   00000002  00000002  00000000  RWIX  ffff 
  INT00                 0000ffe0   00000002  00000002  00000000  RWIX
  INT01                 0000ffe2   00000002  00000000  00000002  RWIX
  INT02                 0000ffe4   00000002  00000002  00000000  RWIX
  INT03                 0000ffe6   00000002  00000002  00000000  RWIX
  INT04                 0000ffe8   00000002  00000000  00000002  RWIX
  INT05                 0000ffea   00000002  00000002  00000000  RWIX
  INT06                 0000ffec   00000002  00000002  00000000  RWIX
  INT07                 0000ffee   00000002  00000002  00000000  RWIX
  INT08                 0000fff0   00000002  00000002  00000000  RWIX
  INT09                 0000fff2   00000002  00000002  00000000  RWIX
  INT10                 0000fff4   00000002  00000002  00000000  RWIX
  INT11                 0000fff6   00000002  00000002  00000000  RWIX
  INT12                 0000fff8   00000002  00000002  00000000  RWIX
  INT13                 0000fffa   00000002  00000002  00000000  RWIX
  INT14                 0000fffc   00000002  00000002  00000000  RWIX
  RESET                 0000fffe   00000002  00000002  00000000  RWIX


SECTION ALLOCATION MAP

 output                                  attributes/
section   page    origin      length       input sections
--------  ----  ----------  ----------   ----------------
.bss       0    00000200    000000b4     UNINITIALIZED
                  00000200    00000050     (.common:dutyArray)
                  00000250    00000020     (.common:rxBuffer)
                  00000270    00000008     (.common:current1)
                  00000278    00000008     (.common:current2)
                  00000280    00000008     (.common:currentPower_watt)
                  00000288    00000008     (.common:duty)
                  00000290    00000008     (.common:power)
                  00000298    00000008     (.common:stepSize)
                  000002a0    00000008     (.common:testPower_watt)
                  000002a8    00000008     (.common:voltage)
                  000002b0    00000002     (.common:getTime)
                  000002b2    00000002     (.common:time)

.data      0    000002b4    00000022     UNINITIALIZED
                  000002b4    00000022     main.obj (.data)

.stack     0    000003b0    00000050     UNINITIALIZED
                  000003b0    00000002     rts430_eabi.lib : boot.obj (.stack)
                  000003b2    0000004e     --HOLE--

.text      0    0000c000    00001f26     
                  0000c000    00000478     rts430_eabi.lib : frcdivd.obj (.text:__TI_frcdivd)
                  0000c478    000002fa                     : addd.obj (.text:__mspabi_addd)
                  0000c772    00000286                     : frcmpyd.obj (.text:__TI_frcmpyd)
                  0000c9f8    0000026e                     : mpyd.obj (.text:__mspabi_mpyd)
                  0000cc66    00000260                     : frcaddd.obj (.text:__TI_frcaddd)
                  0000cec6    00000238                     : divd.obj (.text:__mspabi_divd)
                  0000d0fe    00000226     main.obj (.text:hillClimbing)
                  0000d324    00000144     main.obj (.text:calculatePower)
                  0000d468    00000138     main.obj (.text:main)
                  0000d5a0    000000dc     rts430_eabi.lib : cmpd.obj (.text:__mspabi_cmpd)
                  0000d67c    000000be                     : renormd.obj (.text:__TI_renormd)
                  0000d73a    000000ba     main.obj (.text:measureCurrent)
                  0000d7f4    000000ac     rts430_eabi.lib : fltlid.obj (.text:__mspabi_fltlid)
                  0000d8a0    0000008a                     : fltuld.obj (.text:__mspabi_fltuld)
                  0000d92a    0000007c                     : copy_decompress_lzss.obj (.text:decompress:lzss:__TI_decompress_lzss)
                  0000d9a6    00000074                     : fixdul.obj (.text:__mspabi_fixdul)
                  0000da1a    00000062     main.obj (.text:USCI0RX_ISR)
                  0000da7c    0000005e     main.obj (.text:initMSP)
                  0000dada    0000005c     rts430_eabi.lib : lsr32.obj (.text:l_lsr_const)
                  0000db36    0000004c                     : lsr16.obj (.text)
                  0000db82    00000048     main.obj (.text:setDuty)
                  0000dbca    00000042     rts430_eabi.lib : autoinit.obj (.text:__TI_auto_init_nobinit_nopinit:__TI_auto_init_nobinit_nopinit)
                  0000dc0c    0000003e                     : asr32.obj (.text:l_asr_const)
                  0000dc4a    0000003e                     : lsl32.obj (.text:l_lsl_const)
                  0000dc88    0000003c     main.obj (.text:measureVoltage)
                  0000dcc4    0000002e     rts430_eabi.lib : subd.obj (.text:__mspabi_subd)
                  0000dcf2    0000002c                     : asr16.obj (.text)
                  0000dd1e    0000002c                     : lsl16.obj (.text)
                  0000dd4a    0000002a                     : negd.obj (.text:__mspabi_negd)
                  0000dd74    0000002a     main.obj (.text:serialPrint)
                  0000dd9e    00000026     main.obj (.text:measurePower)
                  0000ddc4    00000026     rts430_eabi.lib : mult32.obj (.text)
                  0000ddea    0000001e     main.obj (.text:Port_1)
                  0000de08    0000001c     rts430_eabi.lib : boot.obj (.text:_c_int00_noargs)
                  0000de24    00000016     main.obj (.text:serialPrintln)
                  0000de3a    00000014     rts430_eabi.lib : copy_zero_init.obj (.text:decompress:ZI:__TI_zero_init_nomemset:__TI_zero_init_nomemset)
                  0000de4e    00000014                     : mult16.obj (.text)
                  0000de62    00000012                     : fixdu.obj (.text:__mspabi_fixdu)
                  0000de74    00000012                     : copy_decompress_none.obj (.text:decompress:none:__TI_decompress_none)
                  0000de86    00000012                     : lsr32.obj (.text:l_lsr)
                  0000de98    00000012                     : memcpy.obj (.text:memcpy)
                  0000deaa    00000012     main.obj (.text:serialWrite)
                  0000debc    00000010     rts430_eabi.lib : asr32.obj (.text:l_asr)
                  0000decc    00000010                     : lsl32.obj (.text:l_lsl)
                  0000dedc    00000010                     : epilog.obj (.text)
                  0000deec    0000000c     main.obj (.text:Timer_A)
                  0000def8    0000000c     rts430_eabi.lib : fltid.obj (.text:__mspabi_fltid)
                  0000df04    00000008                     : isr_trap.obj (.text:_isr:__TI_ISR_TRAP)
                  0000df0c    00000008     main.obj (.text:setPeriod)
                  0000df14    00000006     rts430_eabi.lib : fltud.obj (.text:__mspabi_fltud)
                  0000df1a    00000006                     : exit.obj (.text:abort)
                  0000df20    00000004                     : pre_init.obj (.text:_system_pre_init)
                  0000df24    00000002                     : startup.obj (.text:_system_post_cinit)

.const     0    0000df26    00000012     
                  0000df26    00000012     main.obj (.const:.string)

.cinit     0    0000df38    0000002a     
                  0000df38    00000017     (.cinit..data.load) [load image, compression = lzss]
                  0000df4f    00000001     --HOLE-- [fill = 0]
                  0000df50    00000006     (__TI_handler_table)
                  0000df56    00000004     (.cinit..bss.load) [load image, compression = zero_init]
                  0000df5a    00000008     (__TI_cinit_table)

.binit     0    0000c000    00000000     

.init_array 
*          0    0000c000    00000000     UNINITIALIZED

TRAPINT    0    0000ffe0    00000002     
                  0000ffe0    00000002     rts430_eabi.lib : int00.obj (.int00)

PORT1      0    0000ffe4    00000002     
                  0000ffe4    00000002     main.obj (.int02)

PORT2      0    0000ffe6    00000002     
                  0000ffe6    00000002     rts430_eabi.lib : int03.obj (.int03)

ADC10      0    0000ffea    00000002     
                  0000ffea    00000002     rts430_eabi.lib : int05.obj (.int05)

USCIAB0TX 
*          0    0000ffec    00000002     
                  0000ffec    00000002     rts430_eabi.lib : int06.obj (.int06)

USCIAB0RX 
*          0    0000ffee    00000002     
                  0000ffee    00000002     main.obj (.int07)

TIMER0_A1 
*          0    0000fff0    00000002     
                  0000fff0    00000002     rts430_eabi.lib : int08.obj (.int08)

TIMER0_A0 
*          0    0000fff2    00000002     
                  0000fff2    00000002     rts430_eabi.lib : int09.obj (.int09)

WDT        0    0000fff4    00000002     
                  0000fff4    00000002     rts430_eabi.lib : int10.obj (.int10)

COMPARATORA 
*          0    0000fff6    00000002     
                  0000fff6    00000002     rts430_eabi.lib : int11.obj (.int11)

TIMER1_A1 
*          0    0000fff8    00000002     
                  0000fff8    00000002     main.obj (.int12)

TIMER1_A0 
*          0    0000fffa    00000002     
                  0000fffa    00000002     rts430_eabi.lib : int13.obj (.int13)

NMI        0    0000fffc    00000002     
                  0000fffc    00000002     rts430_eabi.lib : int14.obj (.int14)

.reset     0    0000fffe    00000002     
                  0000fffe    00000002     rts430_eabi.lib : boot.obj (.reset)

$fill000   0    0000ffde    00000002     
                  0000ffde    00000002     --HOLE-- [fill = ffff]

MODULE SUMMARY

       Module                     code   ro data   rw data
       ------                     ----   -------   -------
    .\
       main.obj                   1866   24        214    
    +--+--------------------------+------+---------+---------+
       Total:                     1866   24        214    
                                                          
    C:\ti\ccsv7\tools\compiler\ti-cgt-msp430_17.9.0.STS\lib\rts430_eabi.lib
       frcdivd.obj                1144   0         0      
       addd.obj                   762    0         0      
       frcmpyd.obj                646    0         0      
       mpyd.obj                   622    0         0      
       frcaddd.obj                608    0         0      
       divd.obj                   568    0         0      
       cmpd.obj                   220    0         0      
       renormd.obj                190    0         0      
       fltlid.obj                 172    0         0      
       fltuld.obj                 138    0         0      
       copy_decompress_lzss.obj   124    0         0      
       fixdul.obj                 116    0         0      
       lsr32.obj                  110    0         0      
       asr32.obj                  78     0         0      
       lsl32.obj                  78     0         0      
       lsr16.obj                  76     0         0      
       autoinit.obj               66     0         0      
       subd.obj                   46     0         0      
       asr16.obj                  44     0         0      
       lsl16.obj                  44     0         0      
       negd.obj                   42     0         0      
       mult32.obj                 38     0         0      
       boot.obj                   28     2         0      
       copy_zero_init.obj         20     0         0      
       mult16.obj                 20     0         0      
       copy_decompress_none.obj   18     0         0      
       fixdu.obj                  18     0         0      
       memcpy.obj                 18     0         0      
       epilog.obj                 16     0         0      
       fltid.obj                  12     0         0      
       isr_trap.obj               8      0         0      
       exit.obj                   6      0         0      
       fltud.obj                  6      0         0      
       pre_init.obj               4      0         0      
       int00.obj                  0      2         0      
       int03.obj                  0      2         0      
       int05.obj                  0      2         0      
       int06.obj                  0      2         0      
       int08.obj                  0      2         0      
       int09.obj                  0      2         0      
       int10.obj                  0      2         0      
       int11.obj                  0      2         0      
       int13.obj                  0      2         0      
       int14.obj                  0      2         0      
       startup.obj                2      0         0      
    +--+--------------------------+------+---------+---------+
       Total:                     6108   22        0      
                                                          
       Stack:                     0      0         80     
       Linker Generated:          0      41        0      
    +--+--------------------------+------+---------+---------+
       Grand Total:               7974   87        294    


LINKER GENERATED COPY TABLES

__TI_cinit_table @ 0000df5a records: 2, size/record: 4, table size: 8
	.data: load addr=0000df38, load size=00000017 bytes, run addr=000002b4, run size=00000022 bytes, compression=lzss
	.bss: load addr=0000df56, load size=00000004 bytes, run addr=00000200, run size=000000b4 bytes, compression=zero_init


LINKER GENERATED HANDLER TABLE

__TI_handler_table @ 0000df50 records: 3, size/record: 2, table size: 6
	index: 0, handler: __TI_zero_init
	index: 1, handler: __TI_decompress_lzss
	index: 2, handler: __TI_decompress_none


GLOBAL SYMBOLS: SORTED ALPHABETICALLY BY Name 

address   name                          
-------   ----                          
0000004a  ADC10AE0                      
000001b0  ADC10CTL0                     
000001b2  ADC10CTL1                     
00000048  ADC10DTC0                     
00000049  ADC10DTC1                     
000001b4  ADC10MEM                      
000001bc  ADC10SA                       
00000057  BCSCTL1                       
00000058  BCSCTL2                       
00000053  BCSCTL3                       
0000df1a  C$$EXIT                       
00000059  CACTL1                        
0000005a  CACTL2                        
000010fb  CALBC1_12MHZ                  
000010f9  CALBC1_16MHZ                  
000010ff  CALBC1_1MHZ                   
000010fd  CALBC1_8MHZ                   
000010fa  CALDCO_12MHZ                  
000010f8  CALDCO_16MHZ                  
000010fe  CALDCO_1MHZ                   
000010fc  CALDCO_8MHZ                   
0000005b  CAPD                          
00000056  DCOCTL                        
00000128  FCTL1                         
0000012a  FCTL2                         
0000012c  FCTL3                         
00000000  IE1                           
00000001  IE2                           
00000002  IFG1                          
00000003  IFG2                          
00000022  P1DIR                         
00000025  P1IE                          
00000024  P1IES                         
00000023  P1IFG                         
00000020  P1IN                          
00000021  P1OUT                         
00000027  P1REN                         
00000026  P1SEL                         
00000041  P1SEL2                        
0000002a  P2DIR                         
0000002d  P2IE                          
0000002c  P2IES                         
0000002b  P2IFG                         
00000028  P2IN                          
00000029  P2OUT                         
0000002f  P2REN                         
0000002e  P2SEL                         
00000042  P2SEL2                        
0000001a  P3DIR                         
00000018  P3IN                          
00000019  P3OUT                         
00000010  P3REN                         
0000001b  P3SEL                         
00000043  P3SEL2                        
0000ddea  Port_1                        
00000172  TA0CCR0                       
00000174  TA0CCR1                       
00000176  TA0CCR2                       
00000162  TA0CCTL0                      
00000164  TA0CCTL1                      
00000166  TA0CCTL2                      
00000160  TA0CTL                        
0000012e  TA0IV                         
00000170  TA0R                          
00000192  TA1CCR0                       
00000194  TA1CCR1                       
00000196  TA1CCR2                       
00000182  TA1CCTL0                      
00000184  TA1CCTL1                      
00000186  TA1CCTL2                      
00000180  TA1CTL                        
0000011e  TA1IV                         
00000190  TA1R                          
000010db  TLV_ADC10_1_LEN               
000010da  TLV_ADC10_1_TAG               
000010c0  TLV_CHECKSUM                  
000010f7  TLV_DCO_30_LEN                
000010f6  TLV_DCO_30_TAG                
0000deec  Timer_A                       
0000005d  UCA0ABCTL                     
00000062  UCA0BR0                       
00000063  UCA0BR1                       
00000060  UCA0CTL0                      
00000061  UCA0CTL1                      
0000005f  UCA0IRRCTL                    
0000005e  UCA0IRTCTL                    
00000064  UCA0MCTL                      
00000066  UCA0RXBUF                     
00000065  UCA0STAT                      
00000067  UCA0TXBUF                     
0000006a  UCB0BR0                       
0000006b  UCB0BR1                       
00000068  UCB0CTL0                      
00000069  UCB0CTL1                      
0000006c  UCB0I2CIE                     
00000118  UCB0I2COA                     
0000011a  UCB0I2CSA                     
0000006e  UCB0RXBUF                     
0000006d  UCB0STAT                      
0000006f  UCB0TXBUF                     
0000da1a  USCI0RX_ISR                   
00000120  WDTCTL                        
00000400  __STACK_END                   
00000050  __STACK_SIZE                  
0000df5a  __TI_CINIT_Base               
0000df62  __TI_CINIT_Limit              
0000df50  __TI_Handler_Table_Base       
0000df56  __TI_Handler_Table_Limit      
0000df04  __TI_ISR_TRAP                 
0000dbca  __TI_auto_init_nobinit_nopinit
0000d92a  __TI_decompress_lzss          
0000de74  __TI_decompress_none          
0000cc66  __TI_frcaddd                  
0000c000  __TI_frcdivd                  
0000c772  __TI_frcmpyd                  
0000ffe0  __TI_int00                    
0000ffe4  __TI_int02                    
0000ffe6  __TI_int03                    
0000ffea  __TI_int05                    
0000ffec  __TI_int06                    
0000ffee  __TI_int07                    
0000fff0  __TI_int08                    
0000fff2  __TI_int09                    
0000fff4  __TI_int10                    
0000fff6  __TI_int11                    
0000fff8  __TI_int12                    
0000fffa  __TI_int13                    
0000fffc  __TI_int14                    
ffffffff  __TI_pprof_out_hndl           
ffffffff  __TI_prof_data_size           
ffffffff  __TI_prof_data_start          
0000d67c  __TI_renormd                  
0000de3a  __TI_zero_init_nomemset       
ffffffff  __c_args__                    
0000c478  __mspabi_addd                 
0000d5a0  __mspabi_cmpd                 
0000cec6  __mspabi_divd                 
0000de62  __mspabi_fixdu                
0000d9a6  __mspabi_fixdul               
0000def8  __mspabi_fltid                
0000d7f4  __mspabi_fltlid               
0000df14  __mspabi_fltud                
0000d8a0  __mspabi_fltuld               
0000dee8  __mspabi_func_epilog_1        
0000dee6  __mspabi_func_epilog_2        
0000dee4  __mspabi_func_epilog_3        
0000dee2  __mspabi_func_epilog_4        
0000dee0  __mspabi_func_epilog_5        
0000dede  __mspabi_func_epilog_6        
0000dedc  __mspabi_func_epilog_7        
0000c9f8  __mspabi_mpyd                 
0000de4e  __mspabi_mpyi                 
0000de4e  __mspabi_mpyi_sw              
0000ddc4  __mspabi_mpyl                 
0000ddc4  __mspabi_mpyl_sw              
0000dd4a  __mspabi_negd                 
0000dd1e  __mspabi_slli                 
0000dd46  __mspabi_slli_1               
0000dd34  __mspabi_slli_10              
0000dd32  __mspabi_slli_11              
0000dd30  __mspabi_slli_12              
0000dd2e  __mspabi_slli_13              
0000dd2c  __mspabi_slli_14              
0000dd2a  __mspabi_slli_15              
0000dd44  __mspabi_slli_2               
0000dd42  __mspabi_slli_3               
0000dd40  __mspabi_slli_4               
0000dd3e  __mspabi_slli_5               
0000dd3c  __mspabi_slli_6               
0000dd3a  __mspabi_slli_7               
0000dd38  __mspabi_slli_8               
0000dd36  __mspabi_slli_9               
0000decc  __mspabi_slll                 
0000dc82  __mspabi_slll_1               
0000dc5e  __mspabi_slll_10              
0000dc5a  __mspabi_slll_11              
0000dc56  __mspabi_slll_12              
0000dc52  __mspabi_slll_13              
0000dc4e  __mspabi_slll_14              
0000dc4a  __mspabi_slll_15              
0000dc7e  __mspabi_slll_2               
0000dc7a  __mspabi_slll_3               
0000dc76  __mspabi_slll_4               
0000dc72  __mspabi_slll_5               
0000dc6e  __mspabi_slll_6               
0000dc6a  __mspabi_slll_7               
0000dc66  __mspabi_slll_8               
0000dc62  __mspabi_slll_9               
0000dcf2  __mspabi_srai                 
0000dd1a  __mspabi_srai_1               
0000dd08  __mspabi_srai_10              
0000dd06  __mspabi_srai_11              
0000dd04  __mspabi_srai_12              
0000dd02  __mspabi_srai_13              
0000dd00  __mspabi_srai_14              
0000dcfe  __mspabi_srai_15              
0000dd18  __mspabi_srai_2               
0000dd16  __mspabi_srai_3               
0000dd14  __mspabi_srai_4               
0000dd12  __mspabi_srai_5               
0000dd10  __mspabi_srai_6               
0000dd0e  __mspabi_srai_7               
0000dd0c  __mspabi_srai_8               
0000dd0a  __mspabi_srai_9               
0000debc  __mspabi_sral                 
0000dc44  __mspabi_sral_1               
0000dc20  __mspabi_sral_10              
0000dc1c  __mspabi_sral_11              
0000dc18  __mspabi_sral_12              
0000dc14  __mspabi_sral_13              
0000dc10  __mspabi_sral_14              
0000dc0c  __mspabi_sral_15              
0000dc40  __mspabi_sral_2               
0000dc3c  __mspabi_sral_3               
0000dc38  __mspabi_sral_4               
0000dc34  __mspabi_sral_5               
0000dc30  __mspabi_sral_6               
0000dc2c  __mspabi_sral_7               
0000dc28  __mspabi_sral_8               
0000dc24  __mspabi_sral_9               
0000db36  __mspabi_srli                 
0000db7c  __mspabi_srli_1               
0000db58  __mspabi_srli_10              
0000db54  __mspabi_srli_11              
0000db50  __mspabi_srli_12              
0000db4c  __mspabi_srli_13              
0000db48  __mspabi_srli_14              
0000db44  __mspabi_srli_15              
0000db78  __mspabi_srli_2               
0000db74  __mspabi_srli_3               
0000db70  __mspabi_srli_4               
0000db6c  __mspabi_srli_5               
0000db68  __mspabi_srli_6               
0000db64  __mspabi_srli_7               
0000db60  __mspabi_srli_8               
0000db5c  __mspabi_srli_9               
0000de86  __mspabi_srll                 
0000db2e  __mspabi_srll_1               
0000daf8  __mspabi_srll_10              
0000daf2  __mspabi_srll_11              
0000daec  __mspabi_srll_12              
0000dae6  __mspabi_srll_13              
0000dae0  __mspabi_srll_14              
0000dada  __mspabi_srll_15              
0000db28  __mspabi_srll_2               
0000db22  __mspabi_srll_3               
0000db1c  __mspabi_srll_4               
0000db16  __mspabi_srll_5               
0000db10  __mspabi_srll_6               
0000db0a  __mspabi_srll_7               
0000db04  __mspabi_srll_8               
0000dafe  __mspabi_srll_9               
0000dcc4  __mspabi_subd                 
0000de08  _c_int00_noargs               
0000fffe  _reset_vector                 
000003b0  _stack                        
0000df24  _system_post_cinit            
0000df20  _system_pre_init              
000002d4  a                             
0000df1a  abort                         
000002c8  block                         
0000d324  calculatePower                
00000270  current1                      
00000278  current2                      
00000280  currentPower_watt             
000002ca  direction                     
00000288  duty                          
00000200  dutyArray                     
000002b7  echoBack                      
000002b0  getTime                       
0000d0fe  hillClimbing                  
0000da7c  initMSP                       
0000d468  main                          
000002d2  measureCur                    
0000d73a  measureCurrent                
0000dd9e  measurePower                  
0000dc88  measureVoltage                
0000de98  memcpy                        
00000290  power                         
000002c0  powerDifference_watt          
000002b8  precision_watt                
00000250  rxBuffer                      
000002b5  rxBufferEnd                   
000002b6  rxBufferError                 
000002b4  rxBufferStart                 
0000dd74  serialPrint                   
0000de24  serialPrintln                 
0000deaa  serialWrite                   
0000db82  setDuty                       
0000df0c  setPeriod                     
00000298  stepSize                      
000002a0  testPower_watt                
000002b2  time                          
000002a8  voltage                       


GLOBAL SYMBOLS: SORTED BY Symbol Address 

address   name                          
-------   ----                          
00000000  IE1                           
00000001  IE2                           
00000002  IFG1                          
00000003  IFG2                          
00000010  P3REN                         
00000018  P3IN                          
00000019  P3OUT                         
0000001a  P3DIR                         
0000001b  P3SEL                         
00000020  P1IN                          
00000021  P1OUT                         
00000022  P1DIR                         
00000023  P1IFG                         
00000024  P1IES                         
00000025  P1IE                          
00000026  P1SEL                         
00000027  P1REN                         
00000028  P2IN                          
00000029  P2OUT                         
0000002a  P2DIR                         
0000002b  P2IFG                         
0000002c  P2IES                         
0000002d  P2IE                          
0000002e  P2SEL                         
0000002f  P2REN                         
00000041  P1SEL2                        
00000042  P2SEL2                        
00000043  P3SEL2                        
00000048  ADC10DTC0                     
00000049  ADC10DTC1                     
0000004a  ADC10AE0                      
00000050  __STACK_SIZE                  
00000053  BCSCTL3                       
00000056  DCOCTL                        
00000057  BCSCTL1                       
00000058  BCSCTL2                       
00000059  CACTL1                        
0000005a  CACTL2                        
0000005b  CAPD                          
0000005d  UCA0ABCTL                     
0000005e  UCA0IRTCTL                    
0000005f  UCA0IRRCTL                    
00000060  UCA0CTL0                      
00000061  UCA0CTL1                      
00000062  UCA0BR0                       
00000063  UCA0BR1                       
00000064  UCA0MCTL                      
00000065  UCA0STAT                      
00000066  UCA0RXBUF                     
00000067  UCA0TXBUF                     
00000068  UCB0CTL0                      
00000069  UCB0CTL1                      
0000006a  UCB0BR0                       
0000006b  UCB0BR1                       
0000006c  UCB0I2CIE                     
0000006d  UCB0STAT                      
0000006e  UCB0RXBUF                     
0000006f  UCB0TXBUF                     
00000118  UCB0I2COA                     
0000011a  UCB0I2CSA                     
0000011e  TA1IV                         
00000120  WDTCTL                        
00000128  FCTL1                         
0000012a  FCTL2                         
0000012c  FCTL3                         
0000012e  TA0IV                         
00000160  TA0CTL                        
00000162  TA0CCTL0                      
00000164  TA0CCTL1                      
00000166  TA0CCTL2                      
00000170  TA0R                          
00000172  TA0CCR0                       
00000174  TA0CCR1                       
00000176  TA0CCR2                       
00000180  TA1CTL                        
00000182  TA1CCTL0                      
00000184  TA1CCTL1                      
00000186  TA1CCTL2                      
00000190  TA1R                          
00000192  TA1CCR0                       
00000194  TA1CCR1                       
00000196  TA1CCR2                       
000001b0  ADC10CTL0                     
000001b2  ADC10CTL1                     
000001b4  ADC10MEM                      
000001bc  ADC10SA                       
00000200  dutyArray                     
00000250  rxBuffer                      
00000270  current1                      
00000278  current2                      
00000280  currentPower_watt             
00000288  duty                          
00000290  power                         
00000298  stepSize                      
000002a0  testPower_watt                
000002a8  voltage                       
000002b0  getTime                       
000002b2  time                          
000002b4  rxBufferStart                 
000002b5  rxBufferEnd                   
000002b6  rxBufferError                 
000002b7  echoBack                      
000002b8  precision_watt                
000002c0  powerDifference_watt          
000002c8  block                         
000002ca  direction                     
000002d2  measureCur                    
000002d4  a                             
000003b0  _stack                        
00000400  __STACK_END                   
000010c0  TLV_CHECKSUM                  
000010da  TLV_ADC10_1_TAG               
000010db  TLV_ADC10_1_LEN               
000010f6  TLV_DCO_30_TAG                
000010f7  TLV_DCO_30_LEN                
000010f8  CALDCO_16MHZ                  
000010f9  CALBC1_16MHZ                  
000010fa  CALDCO_12MHZ                  
000010fb  CALBC1_12MHZ                  
000010fc  CALDCO_8MHZ                   
000010fd  CALBC1_8MHZ                   
000010fe  CALDCO_1MHZ                   
000010ff  CALBC1_1MHZ                   
0000c000  __TI_frcdivd                  
0000c478  __mspabi_addd                 
0000c772  __TI_frcmpyd                  
0000c9f8  __mspabi_mpyd                 
0000cc66  __TI_frcaddd                  
0000cec6  __mspabi_divd                 
0000d0fe  hillClimbing                  
0000d324  calculatePower                
0000d468  main                          
0000d5a0  __mspabi_cmpd                 
0000d67c  __TI_renormd                  
0000d73a  measureCurrent                
0000d7f4  __mspabi_fltlid               
0000d8a0  __mspabi_fltuld               
0000d92a  __TI_decompress_lzss          
0000d9a6  __mspabi_fixdul               
0000da1a  USCI0RX_ISR                   
0000da7c  initMSP                       
0000dada  __mspabi_srll_15              
0000dae0  __mspabi_srll_14              
0000dae6  __mspabi_srll_13              
0000daec  __mspabi_srll_12              
0000daf2  __mspabi_srll_11              
0000daf8  __mspabi_srll_10              
0000dafe  __mspabi_srll_9               
0000db04  __mspabi_srll_8               
0000db0a  __mspabi_srll_7               
0000db10  __mspabi_srll_6               
0000db16  __mspabi_srll_5               
0000db1c  __mspabi_srll_4               
0000db22  __mspabi_srll_3               
0000db28  __mspabi_srll_2               
0000db2e  __mspabi_srll_1               
0000db36  __mspabi_srli                 
0000db44  __mspabi_srli_15              
0000db48  __mspabi_srli_14              
0000db4c  __mspabi_srli_13              
0000db50  __mspabi_srli_12              
0000db54  __mspabi_srli_11              
0000db58  __mspabi_srli_10              
0000db5c  __mspabi_srli_9               
0000db60  __mspabi_srli_8               
0000db64  __mspabi_srli_7               
0000db68  __mspabi_srli_6               
0000db6c  __mspabi_srli_5               
0000db70  __mspabi_srli_4               
0000db74  __mspabi_srli_3               
0000db78  __mspabi_srli_2               
0000db7c  __mspabi_srli_1               
0000db82  setDuty                       
0000dbca  __TI_auto_init_nobinit_nopinit
0000dc0c  __mspabi_sral_15              
0000dc10  __mspabi_sral_14              
0000dc14  __mspabi_sral_13              
0000dc18  __mspabi_sral_12              
0000dc1c  __mspabi_sral_11              
0000dc20  __mspabi_sral_10              
0000dc24  __mspabi_sral_9               
0000dc28  __mspabi_sral_8               
0000dc2c  __mspabi_sral_7               
0000dc30  __mspabi_sral_6               
0000dc34  __mspabi_sral_5               
0000dc38  __mspabi_sral_4               
0000dc3c  __mspabi_sral_3               
0000dc40  __mspabi_sral_2               
0000dc44  __mspabi_sral_1               
0000dc4a  __mspabi_slll_15              
0000dc4e  __mspabi_slll_14              
0000dc52  __mspabi_slll_13              
0000dc56  __mspabi_slll_12              
0000dc5a  __mspabi_slll_11              
0000dc5e  __mspabi_slll_10              
0000dc62  __mspabi_slll_9               
0000dc66  __mspabi_slll_8               
0000dc6a  __mspabi_slll_7               
0000dc6e  __mspabi_slll_6               
0000dc72  __mspabi_slll_5               
0000dc76  __mspabi_slll_4               
0000dc7a  __mspabi_slll_3               
0000dc7e  __mspabi_slll_2               
0000dc82  __mspabi_slll_1               
0000dc88  measureVoltage                
0000dcc4  __mspabi_subd                 
0000dcf2  __mspabi_srai                 
0000dcfe  __mspabi_srai_15              
0000dd00  __mspabi_srai_14              
0000dd02  __mspabi_srai_13              
0000dd04  __mspabi_srai_12              
0000dd06  __mspabi_srai_11              
0000dd08  __mspabi_srai_10              
0000dd0a  __mspabi_srai_9               
0000dd0c  __mspabi_srai_8               
0000dd0e  __mspabi_srai_7               
0000dd10  __mspabi_srai_6               
0000dd12  __mspabi_srai_5               
0000dd14  __mspabi_srai_4               
0000dd16  __mspabi_srai_3               
0000dd18  __mspabi_srai_2               
0000dd1a  __mspabi_srai_1               
0000dd1e  __mspabi_slli                 
0000dd2a  __mspabi_slli_15              
0000dd2c  __mspabi_slli_14              
0000dd2e  __mspabi_slli_13              
0000dd30  __mspabi_slli_12              
0000dd32  __mspabi_slli_11              
0000dd34  __mspabi_slli_10              
0000dd36  __mspabi_slli_9               
0000dd38  __mspabi_slli_8               
0000dd3a  __mspabi_slli_7               
0000dd3c  __mspabi_slli_6               
0000dd3e  __mspabi_slli_5               
0000dd40  __mspabi_slli_4               
0000dd42  __mspabi_slli_3               
0000dd44  __mspabi_slli_2               
0000dd46  __mspabi_slli_1               
0000dd4a  __mspabi_negd                 
0000dd74  serialPrint                   
0000dd9e  measurePower                  
0000ddc4  __mspabi_mpyl                 
0000ddc4  __mspabi_mpyl_sw              
0000ddea  Port_1                        
0000de08  _c_int00_noargs               
0000de24  serialPrintln                 
0000de3a  __TI_zero_init_nomemset       
0000de4e  __mspabi_mpyi                 
0000de4e  __mspabi_mpyi_sw              
0000de62  __mspabi_fixdu                
0000de74  __TI_decompress_none          
0000de86  __mspabi_srll                 
0000de98  memcpy                        
0000deaa  serialWrite                   
0000debc  __mspabi_sral                 
0000decc  __mspabi_slll                 
0000dedc  __mspabi_func_epilog_7        
0000dede  __mspabi_func_epilog_6        
0000dee0  __mspabi_func_epilog_5        
0000dee2  __mspabi_func_epilog_4        
0000dee4  __mspabi_func_epilog_3        
0000dee6  __mspabi_func_epilog_2        
0000dee8  __mspabi_func_epilog_1        
0000deec  Timer_A                       
0000def8  __mspabi_fltid                
0000df04  __TI_ISR_TRAP                 
0000df0c  setPeriod                     
0000df14  __mspabi_fltud                
0000df1a  C$$EXIT                       
0000df1a  abort                         
0000df20  _system_pre_init              
0000df24  _system_post_cinit            
0000df50  __TI_Handler_Table_Base       
0000df56  __TI_Handler_Table_Limit      
0000df5a  __TI_CINIT_Base               
0000df62  __TI_CINIT_Limit              
0000ffe0  __TI_int00                    
0000ffe4  __TI_int02                    
0000ffe6  __TI_int03                    
0000ffea  __TI_int05                    
0000ffec  __TI_int06                    
0000ffee  __TI_int07                    
0000fff0  __TI_int08                    
0000fff2  __TI_int09                    
0000fff4  __TI_int10                    
0000fff6  __TI_int11                    
0000fff8  __TI_int12                    
0000fffa  __TI_int13                    
0000fffc  __TI_int14                    
0000fffe  _reset_vector                 
ffffffff  __TI_pprof_out_hndl           
ffffffff  __TI_prof_data_size           
ffffffff  __TI_prof_data_start          
ffffffff  __c_args__                    

[294 symbols]
