<?xml version="1.0"?>
<link_info>
   <banner>MSP430 Linker PC v17.9.0.STS</banner>
   <copyright>Copyright (c) 2003-2017 Texas Instruments Incorporated</copyright>
   <link_time>0x5abcebb0</link_time>
   <link_errors>0x0</link_errors>
   <output_file>Schaltwandler.out</output_file>
   <entry_point>
      <name>_c_int00_noargs</name>
      <address>0xde08</address>
   </entry_point>
   <input_file_list>
      <input_file id="fl-2">
         <path>.\</path>
         <kind>object</kind>
         <file>main.obj</file>
         <name>main.obj</name>
      </input_file>
      <input_file id="fl-7">
         <kind>object</kind>
         <file>&lt;internal&gt;</file>
         <name>&lt;internal&gt;</name>
      </input_file>
      <input_file id="fl-1d">
         <path>C:\ti\ccsv7\tools\compiler\ti-cgt-msp430_17.9.0.STS\lib\</path>
         <kind>archive</kind>
         <file>rts430_eabi.lib</file>
         <name>asr16.obj</name>
      </input_file>
      <input_file id="fl-1e">
         <path>C:\ti\ccsv7\tools\compiler\ti-cgt-msp430_17.9.0.STS\lib\</path>
         <kind>archive</kind>
         <file>rts430_eabi.lib</file>
         <name>div16s.obj</name>
      </input_file>
      <input_file id="fl-1f">
         <path>C:\ti\ccsv7\tools\compiler\ti-cgt-msp430_17.9.0.STS\lib\</path>
         <kind>archive</kind>
         <file>rts430_eabi.lib</file>
         <name>div16u.obj</name>
      </input_file>
      <input_file id="fl-20">
         <path>C:\ti\ccsv7\tools\compiler\ti-cgt-msp430_17.9.0.STS\lib\</path>
         <kind>archive</kind>
         <file>rts430_eabi.lib</file>
         <name>epilog.obj</name>
      </input_file>
      <input_file id="fl-21">
         <path>C:\ti\ccsv7\tools\compiler\ti-cgt-msp430_17.9.0.STS\lib\</path>
         <kind>archive</kind>
         <file>rts430_eabi.lib</file>
         <name>int00.obj</name>
      </input_file>
      <input_file id="fl-22">
         <path>C:\ti\ccsv7\tools\compiler\ti-cgt-msp430_17.9.0.STS\lib\</path>
         <kind>archive</kind>
         <file>rts430_eabi.lib</file>
         <name>int03.obj</name>
      </input_file>
      <input_file id="fl-23">
         <path>C:\ti\ccsv7\tools\compiler\ti-cgt-msp430_17.9.0.STS\lib\</path>
         <kind>archive</kind>
         <file>rts430_eabi.lib</file>
         <name>int05.obj</name>
      </input_file>
      <input_file id="fl-24">
         <path>C:\ti\ccsv7\tools\compiler\ti-cgt-msp430_17.9.0.STS\lib\</path>
         <kind>archive</kind>
         <file>rts430_eabi.lib</file>
         <name>int06.obj</name>
      </input_file>
      <input_file id="fl-25">
         <path>C:\ti\ccsv7\tools\compiler\ti-cgt-msp430_17.9.0.STS\lib\</path>
         <kind>archive</kind>
         <file>rts430_eabi.lib</file>
         <name>int08.obj</name>
      </input_file>
      <input_file id="fl-26">
         <path>C:\ti\ccsv7\tools\compiler\ti-cgt-msp430_17.9.0.STS\lib\</path>
         <kind>archive</kind>
         <file>rts430_eabi.lib</file>
         <name>int09.obj</name>
      </input_file>
      <input_file id="fl-27">
         <path>C:\ti\ccsv7\tools\compiler\ti-cgt-msp430_17.9.0.STS\lib\</path>
         <kind>archive</kind>
         <file>rts430_eabi.lib</file>
         <name>int10.obj</name>
      </input_file>
      <input_file id="fl-28">
         <path>C:\ti\ccsv7\tools\compiler\ti-cgt-msp430_17.9.0.STS\lib\</path>
         <kind>archive</kind>
         <file>rts430_eabi.lib</file>
         <name>int11.obj</name>
      </input_file>
      <input_file id="fl-29">
         <path>C:\ti\ccsv7\tools\compiler\ti-cgt-msp430_17.9.0.STS\lib\</path>
         <kind>archive</kind>
         <file>rts430_eabi.lib</file>
         <name>int13.obj</name>
      </input_file>
      <input_file id="fl-2a">
         <path>C:\ti\ccsv7\tools\compiler\ti-cgt-msp430_17.9.0.STS\lib\</path>
         <kind>archive</kind>
         <file>rts430_eabi.lib</file>
         <name>int14.obj</name>
      </input_file>
      <input_file id="fl-2b">
         <path>C:\ti\ccsv7\tools\compiler\ti-cgt-msp430_17.9.0.STS\lib\</path>
         <kind>archive</kind>
         <file>rts430_eabi.lib</file>
         <name>isr_trap.obj</name>
      </input_file>
      <input_file id="fl-2c">
         <path>C:\ti\ccsv7\tools\compiler\ti-cgt-msp430_17.9.0.STS\lib\</path>
         <kind>archive</kind>
         <file>rts430_eabi.lib</file>
         <name>lsr16.obj</name>
      </input_file>
      <input_file id="fl-2d">
         <path>C:\ti\ccsv7\tools\compiler\ti-cgt-msp430_17.9.0.STS\lib\</path>
         <kind>archive</kind>
         <file>rts430_eabi.lib</file>
         <name>mult16.obj</name>
      </input_file>
      <input_file id="fl-2e">
         <path>C:\ti\ccsv7\tools\compiler\ti-cgt-msp430_17.9.0.STS\lib\</path>
         <kind>archive</kind>
         <file>rts430_eabi.lib</file>
         <name>addd.obj</name>
      </input_file>
      <input_file id="fl-2f">
         <path>C:\ti\ccsv7\tools\compiler\ti-cgt-msp430_17.9.0.STS\lib\</path>
         <kind>archive</kind>
         <file>rts430_eabi.lib</file>
         <name>cmpd.obj</name>
      </input_file>
      <input_file id="fl-30">
         <path>C:\ti\ccsv7\tools\compiler\ti-cgt-msp430_17.9.0.STS\lib\</path>
         <kind>archive</kind>
         <file>rts430_eabi.lib</file>
         <name>divd.obj</name>
      </input_file>
      <input_file id="fl-31">
         <path>C:\ti\ccsv7\tools\compiler\ti-cgt-msp430_17.9.0.STS\lib\</path>
         <kind>archive</kind>
         <file>rts430_eabi.lib</file>
         <name>fixdu.obj</name>
      </input_file>
      <input_file id="fl-32">
         <path>C:\ti\ccsv7\tools\compiler\ti-cgt-msp430_17.9.0.STS\lib\</path>
         <kind>archive</kind>
         <file>rts430_eabi.lib</file>
         <name>fixdul.obj</name>
      </input_file>
      <input_file id="fl-33">
         <path>C:\ti\ccsv7\tools\compiler\ti-cgt-msp430_17.9.0.STS\lib\</path>
         <kind>archive</kind>
         <file>rts430_eabi.lib</file>
         <name>fltid.obj</name>
      </input_file>
      <input_file id="fl-34">
         <path>C:\ti\ccsv7\tools\compiler\ti-cgt-msp430_17.9.0.STS\lib\</path>
         <kind>archive</kind>
         <file>rts430_eabi.lib</file>
         <name>fltlid.obj</name>
      </input_file>
      <input_file id="fl-35">
         <path>C:\ti\ccsv7\tools\compiler\ti-cgt-msp430_17.9.0.STS\lib\</path>
         <kind>archive</kind>
         <file>rts430_eabi.lib</file>
         <name>fltud.obj</name>
      </input_file>
      <input_file id="fl-36">
         <path>C:\ti\ccsv7\tools\compiler\ti-cgt-msp430_17.9.0.STS\lib\</path>
         <kind>archive</kind>
         <file>rts430_eabi.lib</file>
         <name>fltuld.obj</name>
      </input_file>
      <input_file id="fl-37">
         <path>C:\ti\ccsv7\tools\compiler\ti-cgt-msp430_17.9.0.STS\lib\</path>
         <kind>archive</kind>
         <file>rts430_eabi.lib</file>
         <name>frcaddd.obj</name>
      </input_file>
      <input_file id="fl-38">
         <path>C:\ti\ccsv7\tools\compiler\ti-cgt-msp430_17.9.0.STS\lib\</path>
         <kind>archive</kind>
         <file>rts430_eabi.lib</file>
         <name>frcdivd.obj</name>
      </input_file>
      <input_file id="fl-39">
         <path>C:\ti\ccsv7\tools\compiler\ti-cgt-msp430_17.9.0.STS\lib\</path>
         <kind>archive</kind>
         <file>rts430_eabi.lib</file>
         <name>mpyd.obj</name>
      </input_file>
      <input_file id="fl-3a">
         <path>C:\ti\ccsv7\tools\compiler\ti-cgt-msp430_17.9.0.STS\lib\</path>
         <kind>archive</kind>
         <file>rts430_eabi.lib</file>
         <name>negd.obj</name>
      </input_file>
      <input_file id="fl-3b">
         <path>C:\ti\ccsv7\tools\compiler\ti-cgt-msp430_17.9.0.STS\lib\</path>
         <kind>archive</kind>
         <file>rts430_eabi.lib</file>
         <name>renormd.obj</name>
      </input_file>
      <input_file id="fl-3c">
         <path>C:\ti\ccsv7\tools\compiler\ti-cgt-msp430_17.9.0.STS\lib\</path>
         <kind>archive</kind>
         <file>rts430_eabi.lib</file>
         <name>subd.obj</name>
      </input_file>
      <input_file id="fl-3d">
         <path>C:\ti\ccsv7\tools\compiler\ti-cgt-msp430_17.9.0.STS\lib\</path>
         <kind>archive</kind>
         <file>rts430_eabi.lib</file>
         <name>boot.obj</name>
      </input_file>
      <input_file id="fl-3e">
         <path>C:\ti\ccsv7\tools\compiler\ti-cgt-msp430_17.9.0.STS\lib\</path>
         <kind>archive</kind>
         <file>rts430_eabi.lib</file>
         <name>autoinit.obj</name>
      </input_file>
      <input_file id="fl-3f">
         <path>C:\ti\ccsv7\tools\compiler\ti-cgt-msp430_17.9.0.STS\lib\</path>
         <kind>archive</kind>
         <file>rts430_eabi.lib</file>
         <name>copy_zero_init.obj</name>
      </input_file>
      <input_file id="fl-40">
         <path>C:\ti\ccsv7\tools\compiler\ti-cgt-msp430_17.9.0.STS\lib\</path>
         <kind>archive</kind>
         <file>rts430_eabi.lib</file>
         <name>cpy_tbl.obj</name>
      </input_file>
      <input_file id="fl-41">
         <path>C:\ti\ccsv7\tools\compiler\ti-cgt-msp430_17.9.0.STS\lib\</path>
         <kind>archive</kind>
         <file>rts430_eabi.lib</file>
         <name>mpu_init.obj</name>
      </input_file>
      <input_file id="fl-42">
         <path>C:\ti\ccsv7\tools\compiler\ti-cgt-msp430_17.9.0.STS\lib\</path>
         <kind>archive</kind>
         <file>rts430_eabi.lib</file>
         <name>lsr64.obj</name>
      </input_file>
      <input_file id="fl-43">
         <path>C:\ti\ccsv7\tools\compiler\ti-cgt-msp430_17.9.0.STS\lib\</path>
         <kind>archive</kind>
         <file>rts430_eabi.lib</file>
         <name>pre_init.obj</name>
      </input_file>
      <input_file id="fl-44">
         <path>C:\ti\ccsv7\tools\compiler\ti-cgt-msp430_17.9.0.STS\lib\</path>
         <kind>archive</kind>
         <file>rts430_eabi.lib</file>
         <name>startup.obj</name>
      </input_file>
      <input_file id="fl-45">
         <path>C:\ti\ccsv7\tools\compiler\ti-cgt-msp430_17.9.0.STS\lib\</path>
         <kind>archive</kind>
         <file>rts430_eabi.lib</file>
         <name>copy_decompress_none.obj</name>
      </input_file>
      <input_file id="fl-46">
         <path>C:\ti\ccsv7\tools\compiler\ti-cgt-msp430_17.9.0.STS\lib\</path>
         <kind>archive</kind>
         <file>rts430_eabi.lib</file>
         <name>copy_decompress_lzss.obj</name>
      </input_file>
      <input_file id="fl-47">
         <path>C:\ti\ccsv7\tools\compiler\ti-cgt-msp430_17.9.0.STS\lib\</path>
         <kind>archive</kind>
         <file>rts430_eabi.lib</file>
         <name>exit.obj</name>
      </input_file>
      <input_file id="fl-48">
         <path>C:\ti\ccsv7\tools\compiler\ti-cgt-msp430_17.9.0.STS\lib\</path>
         <kind>archive</kind>
         <file>rts430_eabi.lib</file>
         <name>_lock.obj</name>
      </input_file>
      <input_file id="fl-49">
         <path>C:\ti\ccsv7\tools\compiler\ti-cgt-msp430_17.9.0.STS\lib\</path>
         <kind>archive</kind>
         <file>rts430_eabi.lib</file>
         <name>args_main.obj</name>
      </input_file>
      <input_file id="fl-4a">
         <path>C:\ti\ccsv7\tools\compiler\ti-cgt-msp430_17.9.0.STS\lib\</path>
         <kind>archive</kind>
         <file>rts430_eabi.lib</file>
         <name>memcpy.obj</name>
      </input_file>
      <input_file id="fl-4b">
         <path>C:\ti\ccsv7\tools\compiler\ti-cgt-msp430_17.9.0.STS\lib\</path>
         <kind>archive</kind>
         <file>rts430_eabi.lib</file>
         <name>asr32.obj</name>
      </input_file>
      <input_file id="fl-4c">
         <path>C:\ti\ccsv7\tools\compiler\ti-cgt-msp430_17.9.0.STS\lib\</path>
         <kind>archive</kind>
         <file>rts430_eabi.lib</file>
         <name>lsl16.obj</name>
      </input_file>
      <input_file id="fl-4d">
         <path>C:\ti\ccsv7\tools\compiler\ti-cgt-msp430_17.9.0.STS\lib\</path>
         <kind>archive</kind>
         <file>rts430_eabi.lib</file>
         <name>lsl32.obj</name>
      </input_file>
      <input_file id="fl-4e">
         <path>C:\ti\ccsv7\tools\compiler\ti-cgt-msp430_17.9.0.STS\lib\</path>
         <kind>archive</kind>
         <file>rts430_eabi.lib</file>
         <name>lsr32.obj</name>
      </input_file>
      <input_file id="fl-4f">
         <path>C:\ti\ccsv7\tools\compiler\ti-cgt-msp430_17.9.0.STS\lib\</path>
         <kind>archive</kind>
         <file>rts430_eabi.lib</file>
         <name>mult32.obj</name>
      </input_file>
      <input_file id="fl-50">
         <path>C:\ti\ccsv7\tools\compiler\ti-cgt-msp430_17.9.0.STS\lib\</path>
         <kind>archive</kind>
         <file>rts430_eabi.lib</file>
         <name>frcmpyd.obj</name>
      </input_file>
      <input_file id="fl-51">
         <path>C:\ti\ccsv7\tools\compiler\ti-cgt-msp430_17.9.0.STS\lib\</path>
         <kind>archive</kind>
         <file>rts430_eabi.lib</file>
         <name>exit_gvars.obj</name>
      </input_file>
   </input_file_list>
   <object_component_list>
      <object_component id="oc-14d">
         <name>.common:rxBuffer</name>
         <uninitialized>true</uninitialized>
         <run_address>0x250</run_address>
         <size>0x20</size>
      </object_component>
      <object_component id="oc-28e">
         <name>.common:time</name>
         <uninitialized>true</uninitialized>
         <run_address>0x2b2</run_address>
         <size>0x2</size>
      </object_component>
      <object_component id="oc-156">
         <name>.common:getTime</name>
         <uninitialized>true</uninitialized>
         <run_address>0x2b0</run_address>
         <size>0x2</size>
      </object_component>
      <object_component id="oc-2fb">
         <name>.common:power</name>
         <uninitialized>true</uninitialized>
         <run_address>0x290</run_address>
         <size>0x8</size>
      </object_component>
      <object_component id="oc-2ea">
         <name>.common:current1</name>
         <uninitialized>true</uninitialized>
         <run_address>0x270</run_address>
         <size>0x8</size>
      </object_component>
      <object_component id="oc-2eb">
         <name>.common:current2</name>
         <uninitialized>true</uninitialized>
         <run_address>0x278</run_address>
         <size>0x8</size>
      </object_component>
      <object_component id="oc-2ed">
         <name>.common:voltage</name>
         <uninitialized>true</uninitialized>
         <run_address>0x2a8</run_address>
         <size>0x8</size>
      </object_component>
      <object_component id="oc-1f6">
         <name>.common:duty</name>
         <uninitialized>true</uninitialized>
         <run_address>0x288</run_address>
         <size>0x8</size>
      </object_component>
      <object_component id="oc-20a">
         <name>.common:stepSize</name>
         <uninitialized>true</uninitialized>
         <run_address>0x298</run_address>
         <size>0x8</size>
      </object_component>
      <object_component id="oc-211">
         <name>.common:currentPower_watt</name>
         <uninitialized>true</uninitialized>
         <run_address>0x280</run_address>
         <size>0x8</size>
      </object_component>
      <object_component id="oc-218">
         <name>.common:testPower_watt</name>
         <uninitialized>true</uninitialized>
         <run_address>0x2a0</run_address>
         <size>0x8</size>
      </object_component>
      <object_component id="oc-1a6">
         <name>.common:dutyArray</name>
         <uninitialized>true</uninitialized>
         <run_address>0x200</run_address>
         <size>0x50</size>
      </object_component>
      <object_component id="oc-149">
         <name>.data</name>
         <load_address>0x2b4</load_address>
         <run_address>0x2b4</run_address>
         <size>0x22</size>
         <input_file_ref idref="fl-2"/>
      </object_component>
      <object_component id="oc-b1">
         <name>.stack</name>
         <uninitialized>true</uninitialized>
         <run_address>0x3b0</run_address>
         <size>0x2</size>
         <input_file_ref idref="fl-3d"/>
      </object_component>
      <object_component id="oc-38b">
         <name>.stack</name>
         <uninitialized>true</uninitialized>
         <run_address>0x3b0</run_address>
         <size>0x0</size>
      </object_component>
      <object_component id="oc-327">
         <name>.text:__TI_frcdivd</name>
         <load_address>0xc000</load_address>
         <run_address>0xc000</run_address>
         <size>0x478</size>
         <input_file_ref idref="fl-38"/>
      </object_component>
      <object_component id="oc-212">
         <name>.text:__mspabi_addd</name>
         <load_address>0xc478</load_address>
         <run_address>0xc478</run_address>
         <size>0x2fa</size>
         <input_file_ref idref="fl-2e"/>
      </object_component>
      <object_component id="oc-26e">
         <name>.text:__TI_frcmpyd</name>
         <load_address>0xc772</load_address>
         <run_address>0xc772</run_address>
         <size>0x286</size>
         <input_file_ref idref="fl-50"/>
      </object_component>
      <object_component id="oc-1fd">
         <name>.text:__mspabi_mpyd</name>
         <load_address>0xc9f8</load_address>
         <run_address>0xc9f8</run_address>
         <size>0x26e</size>
         <input_file_ref idref="fl-39"/>
      </object_component>
      <object_component id="oc-296">
         <name>.text:__TI_frcaddd</name>
         <load_address>0xcc66</load_address>
         <run_address>0xcc66</run_address>
         <size>0x260</size>
         <input_file_ref idref="fl-37"/>
      </object_component>
      <object_component id="oc-2ef">
         <name>.text:__mspabi_divd</name>
         <load_address>0xcec6</load_address>
         <run_address>0xcec6</run_address>
         <size>0x238</size>
         <input_file_ref idref="fl-30"/>
      </object_component>
      <object_component id="oc-1a0">
         <name>.text:hillClimbing</name>
         <load_address>0xd0fe</load_address>
         <run_address>0xd0fe</run_address>
         <size>0x226</size>
         <input_file_ref idref="fl-2"/>
      </object_component>
      <object_component id="oc-28f">
         <name>.text:calculatePower</name>
         <load_address>0xd324</load_address>
         <run_address>0xd324</run_address>
         <size>0x144</size>
         <input_file_ref idref="fl-2"/>
      </object_component>
      <object_component id="oc-166">
         <name>.text:main</name>
         <load_address>0xd468</load_address>
         <run_address>0xd468</run_address>
         <size>0x138</size>
         <input_file_ref idref="fl-2"/>
      </object_component>
      <object_component id="oc-219">
         <name>.text:__mspabi_cmpd</name>
         <load_address>0xd5a0</load_address>
         <run_address>0xd5a0</run_address>
         <size>0xdc</size>
         <input_file_ref idref="fl-2f"/>
      </object_component>
      <object_component id="oc-307">
         <name>.text:__TI_renormd</name>
         <load_address>0xd67c</load_address>
         <run_address>0xd67c</run_address>
         <size>0xbe</size>
         <input_file_ref idref="fl-3b"/>
      </object_component>
      <object_component id="oc-282">
         <name>.text:measureCurrent</name>
         <load_address>0xd73a</load_address>
         <run_address>0xd73a</run_address>
         <size>0xba</size>
         <input_file_ref idref="fl-2"/>
      </object_component>
      <object_component id="oc-32f">
         <name>.text:__mspabi_fltlid</name>
         <load_address>0xd7f4</load_address>
         <run_address>0xd7f4</run_address>
         <size>0xac</size>
         <input_file_ref idref="fl-34"/>
      </object_component>
      <object_component id="oc-267">
         <name>.text:__mspabi_fltuld</name>
         <load_address>0xd8a0</load_address>
         <run_address>0xd8a0</run_address>
         <size>0x8a</size>
         <input_file_ref idref="fl-36"/>
      </object_component>
      <object_component id="oc-34">
         <name>.text:decompress:lzss:__TI_decompress_lzss</name>
         <load_address>0xd92a</load_address>
         <run_address>0xd92a</run_address>
         <size>0x7c</size>
         <input_file_ref idref="fl-46"/>
      </object_component>
      <object_component id="oc-27b">
         <name>.text:__mspabi_fixdul</name>
         <load_address>0xd9a6</load_address>
         <run_address>0xd9a6</run_address>
         <size>0x74</size>
         <input_file_ref idref="fl-32"/>
      </object_component>
      <object_component id="oc-e7">
         <name>.text:USCI0RX_ISR</name>
         <load_address>0xda1a</load_address>
         <run_address>0xda1a</run_address>
         <size>0x62</size>
         <input_file_ref idref="fl-2"/>
      </object_component>
      <object_component id="oc-18e">
         <name>.text:initMSP</name>
         <load_address>0xda7c</load_address>
         <run_address>0xda7c</run_address>
         <size>0x5e</size>
         <input_file_ref idref="fl-2"/>
      </object_component>
      <object_component id="oc-2cf">
         <name>.text:l_lsr_const</name>
         <load_address>0xdada</load_address>
         <run_address>0xdada</run_address>
         <size>0x5c</size>
         <input_file_ref idref="fl-4e"/>
      </object_component>
      <object_component id="oc-ba">
         <name>.text</name>
         <load_address>0xdb36</load_address>
         <run_address>0xdb36</run_address>
         <size>0x4c</size>
         <input_file_ref idref="fl-2c"/>
      </object_component>
      <object_component id="oc-19a">
         <name>.text:setDuty</name>
         <load_address>0xdb82</load_address>
         <run_address>0xdb82</run_address>
         <size>0x48</size>
         <input_file_ref idref="fl-2"/>
      </object_component>
      <object_component id="oc-1b4">
         <name>.text:__TI_auto_init_nobinit_nopinit:__TI_auto_init_nobinit_nopinit</name>
         <load_address>0xdbca</load_address>
         <run_address>0xdbca</run_address>
         <size>0x42</size>
         <input_file_ref idref="fl-3e"/>
      </object_component>
      <object_component id="oc-2d6">
         <name>.text:l_asr_const</name>
         <load_address>0xdc0c</load_address>
         <run_address>0xdc0c</run_address>
         <size>0x3e</size>
         <input_file_ref idref="fl-4b"/>
      </object_component>
      <object_component id="oc-2ca">
         <name>.text:l_lsl_const</name>
         <load_address>0xdc4a</load_address>
         <run_address>0xdc4a</run_address>
         <size>0x3e</size>
         <input_file_ref idref="fl-4d"/>
      </object_component>
      <object_component id="oc-288">
         <name>.text:measureVoltage</name>
         <load_address>0xdc88</load_address>
         <run_address>0xdc88</run_address>
         <size>0x3c</size>
         <input_file_ref idref="fl-2"/>
      </object_component>
      <object_component id="oc-225">
         <name>.text:__mspabi_subd</name>
         <load_address>0xdcc4</load_address>
         <run_address>0xdcc4</run_address>
         <size>0x2e</size>
         <input_file_ref idref="fl-3c"/>
      </object_component>
      <object_component id="oc-150">
         <name>.text</name>
         <load_address>0xdcf2</load_address>
         <run_address>0xdcf2</run_address>
         <size>0x2c</size>
         <input_file_ref idref="fl-1d"/>
      </object_component>
      <object_component id="oc-b5">
         <name>.text</name>
         <load_address>0xdd1e</load_address>
         <run_address>0xdd1e</run_address>
         <size>0x2c</size>
         <input_file_ref idref="fl-4c"/>
      </object_component>
      <object_component id="oc-21f">
         <name>.text:__mspabi_negd</name>
         <load_address>0xdd4a</load_address>
         <run_address>0xdd4a</run_address>
         <size>0x2a</size>
         <input_file_ref idref="fl-3a"/>
      </object_component>
      <object_component id="oc-260">
         <name>.text:serialPrint</name>
         <load_address>0xdd74</load_address>
         <run_address>0xdd74</run_address>
         <size>0x2a</size>
         <input_file_ref idref="fl-2"/>
      </object_component>
      <object_component id="oc-20b">
         <name>.text:measurePower</name>
         <load_address>0xdd9e</load_address>
         <run_address>0xdd9e</run_address>
         <size>0x26</size>
         <input_file_ref idref="fl-2"/>
      </object_component>
      <object_component id="oc-2db">
         <name>.text</name>
         <load_address>0xddc4</load_address>
         <run_address>0xddc4</run_address>
         <size>0x26</size>
         <input_file_ref idref="fl-4f"/>
      </object_component>
      <object_component id="oc-e1">
         <name>.text:Port_1</name>
         <load_address>0xddea</load_address>
         <run_address>0xddea</run_address>
         <size>0x1e</size>
         <input_file_ref idref="fl-2"/>
      </object_component>
      <object_component id="oc-105">
         <name>.text:_c_int00_noargs</name>
         <load_address>0xde08</load_address>
         <run_address>0xde08</run_address>
         <size>0x1c</size>
         <input_file_ref idref="fl-3d"/>
      </object_component>
      <object_component id="oc-1ee">
         <name>.text:serialPrintln</name>
         <load_address>0xde24</load_address>
         <run_address>0xde24</run_address>
         <size>0x16</size>
         <input_file_ref idref="fl-2"/>
      </object_component>
      <object_component id="oc-f3">
         <name>.text:decompress:ZI:__TI_zero_init_nomemset:__TI_zero_init_nomemset</name>
         <load_address>0xde3a</load_address>
         <run_address>0xde3a</run_address>
         <size>0x14</size>
         <input_file_ref idref="fl-3f"/>
      </object_component>
      <object_component id="oc-2c2">
         <name>.text</name>
         <load_address>0xde4e</load_address>
         <run_address>0xde4e</run_address>
         <size>0x14</size>
         <input_file_ref idref="fl-2d"/>
      </object_component>
      <object_component id="oc-203">
         <name>.text:__mspabi_fixdu</name>
         <load_address>0xde62</load_address>
         <run_address>0xde62</run_address>
         <size>0x12</size>
         <input_file_ref idref="fl-31"/>
      </object_component>
      <object_component id="oc-3a">
         <name>.text:decompress:none:__TI_decompress_none</name>
         <load_address>0xde74</load_address>
         <run_address>0xde74</run_address>
         <size>0x12</size>
         <input_file_ref idref="fl-45"/>
      </object_component>
      <object_component id="oc-2e4">
         <name>.text:l_lsr</name>
         <load_address>0xde86</load_address>
         <run_address>0xde86</run_address>
         <size>0x12</size>
         <input_file_ref idref="fl-4e"/>
      </object_component>
      <object_component id="oc-cf">
         <name>.text:memcpy</name>
         <load_address>0xde98</load_address>
         <run_address>0xde98</run_address>
         <size>0x12</size>
         <input_file_ref idref="fl-4a"/>
      </object_component>
      <object_component id="oc-1e7">
         <name>.text:serialWrite</name>
         <load_address>0xdeaa</load_address>
         <run_address>0xdeaa</run_address>
         <size>0x12</size>
         <input_file_ref idref="fl-2"/>
      </object_component>
      <object_component id="oc-302">
         <name>.text:l_asr</name>
         <load_address>0xdebc</load_address>
         <run_address>0xdebc</run_address>
         <size>0x10</size>
         <input_file_ref idref="fl-4b"/>
      </object_component>
      <object_component id="oc-2fd">
         <name>.text:l_lsl</name>
         <load_address>0xdecc</load_address>
         <run_address>0xdecc</run_address>
         <size>0x10</size>
         <input_file_ref idref="fl-4d"/>
      </object_component>
      <object_component id="oc-bf">
         <name>.text</name>
         <load_address>0xdedc</load_address>
         <run_address>0xdedc</run_address>
         <size>0x10</size>
         <input_file_ref idref="fl-20"/>
      </object_component>
      <object_component id="oc-ed">
         <name>.text:Timer_A</name>
         <load_address>0xdeec</load_address>
         <run_address>0xdeec</run_address>
         <size>0xc</size>
         <input_file_ref idref="fl-2"/>
      </object_component>
      <object_component id="oc-2f5">
         <name>.text:__mspabi_fltid</name>
         <load_address>0xdef8</load_address>
         <run_address>0xdef8</run_address>
         <size>0xc</size>
         <input_file_ref idref="fl-33"/>
      </object_component>
      <object_component id="oc-dc">
         <name>.text:_isr:__TI_ISR_TRAP</name>
         <load_address>0xdf04</load_address>
         <run_address>0xdf04</run_address>
         <size>0x8</size>
         <input_file_ref idref="fl-2b"/>
      </object_component>
      <object_component id="oc-194">
         <name>.text:setPeriod</name>
         <load_address>0xdf0c</load_address>
         <run_address>0xdf0c</run_address>
         <size>0x8</size>
         <input_file_ref idref="fl-2"/>
      </object_component>
      <object_component id="oc-1f7">
         <name>.text:__mspabi_fltud</name>
         <load_address>0xdf14</load_address>
         <run_address>0xdf14</run_address>
         <size>0x6</size>
         <input_file_ref idref="fl-35"/>
      </object_component>
      <object_component id="oc-1a8">
         <name>.text:abort</name>
         <load_address>0xdf1a</load_address>
         <run_address>0xdf1a</run_address>
         <size>0x6</size>
         <input_file_ref idref="fl-47"/>
      </object_component>
      <object_component id="oc-160">
         <name>.text:_system_pre_init</name>
         <load_address>0xdf20</load_address>
         <run_address>0xdf20</run_address>
         <size>0x4</size>
         <input_file_ref idref="fl-43"/>
      </object_component>
      <object_component id="oc-23e">
         <name>.text:_system_post_cinit</name>
         <load_address>0xdf24</load_address>
         <run_address>0xdf24</run_address>
         <size>0x2</size>
         <input_file_ref idref="fl-44"/>
      </object_component>
      <object_component id="oc-38a">
         <name>.cinit..data.load</name>
         <load_address>0xdf38</load_address>
         <run_address>0xdf38</run_address>
         <size>0x17</size>
      </object_component>
      <object_component id="oc-387">
         <name>__TI_handler_table</name>
         <load_address>0xdf50</load_address>
         <run_address>0xdf50</run_address>
         <size>0x6</size>
      </object_component>
      <object_component id="oc-389">
         <name>.cinit..bss.load</name>
         <load_address>0xdf56</load_address>
         <run_address>0xdf56</run_address>
         <size>0x4</size>
      </object_component>
      <object_component id="oc-388">
         <name>__TI_cinit_table</name>
         <load_address>0xdf5a</load_address>
         <run_address>0xdf5a</run_address>
         <size>0x8</size>
      </object_component>
      <object_component id="oc-1ed">
         <name>.const:.string</name>
         <load_address>0xdf26</load_address>
         <run_address>0xdf26</run_address>
         <size>0x12</size>
         <input_file_ref idref="fl-2"/>
      </object_component>
      <object_component id="oc-349">
         <name>.binit</name>
         <load_address>0xc000</load_address>
         <run_address>0xc000</run_address>
         <size>0x0</size>
      </object_component>
      <object_component id="oc-40">
         <name>.int00</name>
         <load_address>0xffe0</load_address>
         <run_address>0xffe0</run_address>
         <size>0x2</size>
         <input_file_ref idref="fl-21"/>
      </object_component>
      <object_component id="oc-41">
         <name>.int02</name>
         <load_address>0xffe4</load_address>
         <run_address>0xffe4</run_address>
         <size>0x2</size>
         <input_file_ref idref="fl-2"/>
      </object_component>
      <object_component id="oc-42">
         <name>.int03</name>
         <load_address>0xffe6</load_address>
         <run_address>0xffe6</run_address>
         <size>0x2</size>
         <input_file_ref idref="fl-22"/>
      </object_component>
      <object_component id="oc-43">
         <name>.int05</name>
         <load_address>0xffea</load_address>
         <run_address>0xffea</run_address>
         <size>0x2</size>
         <input_file_ref idref="fl-23"/>
      </object_component>
      <object_component id="oc-44">
         <name>.int06</name>
         <load_address>0xffec</load_address>
         <run_address>0xffec</run_address>
         <size>0x2</size>
         <input_file_ref idref="fl-24"/>
      </object_component>
      <object_component id="oc-45">
         <name>.int07</name>
         <load_address>0xffee</load_address>
         <run_address>0xffee</run_address>
         <size>0x2</size>
         <input_file_ref idref="fl-2"/>
      </object_component>
      <object_component id="oc-46">
         <name>.int08</name>
         <load_address>0xfff0</load_address>
         <run_address>0xfff0</run_address>
         <size>0x2</size>
         <input_file_ref idref="fl-25"/>
      </object_component>
      <object_component id="oc-47">
         <name>.int09</name>
         <load_address>0xfff2</load_address>
         <run_address>0xfff2</run_address>
         <size>0x2</size>
         <input_file_ref idref="fl-26"/>
      </object_component>
      <object_component id="oc-48">
         <name>.int10</name>
         <load_address>0xfff4</load_address>
         <run_address>0xfff4</run_address>
         <size>0x2</size>
         <input_file_ref idref="fl-27"/>
      </object_component>
      <object_component id="oc-49">
         <name>.int11</name>
         <load_address>0xfff6</load_address>
         <run_address>0xfff6</run_address>
         <size>0x2</size>
         <input_file_ref idref="fl-28"/>
      </object_component>
      <object_component id="oc-4a">
         <name>.int12</name>
         <load_address>0xfff8</load_address>
         <run_address>0xfff8</run_address>
         <size>0x2</size>
         <input_file_ref idref="fl-2"/>
      </object_component>
      <object_component id="oc-4b">
         <name>.int13</name>
         <load_address>0xfffa</load_address>
         <run_address>0xfffa</run_address>
         <size>0x2</size>
         <input_file_ref idref="fl-29"/>
      </object_component>
      <object_component id="oc-4c">
         <name>.int14</name>
         <load_address>0xfffc</load_address>
         <run_address>0xfffc</run_address>
         <size>0x2</size>
         <input_file_ref idref="fl-2a"/>
      </object_component>
      <object_component id="oc-b4">
         <name>.reset</name>
         <load_address>0xfffe</load_address>
         <run_address>0xfffe</run_address>
         <size>0x2</size>
         <input_file_ref idref="fl-3d"/>
      </object_component>
      <object_component id="oc-14e">
         <name>.debug_info</name>
         <load_address>0x0</load_address>
         <run_address>0x0</run_address>
         <size>0x804</size>
         <input_file_ref idref="fl-2"/>
      </object_component>
      <object_component id="oc-14a">
         <name>.debug_info</name>
         <load_address>0x804</load_address>
         <run_address>0x804</run_address>
         <size>0x223</size>
         <input_file_ref idref="fl-2"/>
      </object_component>
      <object_component id="oc-195">
         <name>.debug_info</name>
         <load_address>0xa27</load_address>
         <run_address>0xa27</run_address>
         <size>0x101</size>
         <input_file_ref idref="fl-2"/>
      </object_component>
      <object_component id="oc-19b">
         <name>.debug_info</name>
         <load_address>0xb28</load_address>
         <run_address>0xb28</run_address>
         <size>0x146</size>
         <input_file_ref idref="fl-2"/>
      </object_component>
      <object_component id="oc-1e8">
         <name>.debug_info</name>
         <load_address>0xc6e</load_address>
         <run_address>0xc6e</run_address>
         <size>0x164</size>
         <input_file_ref idref="fl-2"/>
      </object_component>
      <object_component id="oc-261">
         <name>.debug_info</name>
         <load_address>0xdd2</load_address>
         <run_address>0xdd2</run_address>
         <size>0x18c</size>
         <input_file_ref idref="fl-2"/>
      </object_component>
      <object_component id="oc-1ef">
         <name>.debug_info</name>
         <load_address>0xf5e</load_address>
         <run_address>0xf5e</run_address>
         <size>0x191</size>
         <input_file_ref idref="fl-2"/>
      </object_component>
      <object_component id="oc-289">
         <name>.debug_info</name>
         <load_address>0x10ef</load_address>
         <run_address>0x10ef</run_address>
         <size>0x115</size>
         <input_file_ref idref="fl-2"/>
      </object_component>
      <object_component id="oc-283">
         <name>.debug_info</name>
         <load_address>0x1204</load_address>
         <run_address>0x1204</run_address>
         <size>0x135</size>
         <input_file_ref idref="fl-2"/>
      </object_component>
      <object_component id="oc-290">
         <name>.debug_info</name>
         <load_address>0x1339</load_address>
         <run_address>0x1339</run_address>
         <size>0x20a</size>
         <input_file_ref idref="fl-2"/>
      </object_component>
      <object_component id="oc-20c">
         <name>.debug_info</name>
         <load_address>0x1543</load_address>
         <run_address>0x1543</run_address>
         <size>0x13f</size>
         <input_file_ref idref="fl-2"/>
      </object_component>
      <object_component id="oc-18f">
         <name>.debug_info</name>
         <load_address>0x1682</load_address>
         <run_address>0x1682</run_address>
         <size>0x16b</size>
         <input_file_ref idref="fl-2"/>
      </object_component>
      <object_component id="oc-1a1">
         <name>.debug_info</name>
         <load_address>0x17ed</load_address>
         <run_address>0x17ed</run_address>
         <size>0x1ce</size>
         <input_file_ref idref="fl-2"/>
      </object_component>
      <object_component id="oc-167">
         <name>.debug_info</name>
         <load_address>0x19bb</load_address>
         <run_address>0x19bb</run_address>
         <size>0x125</size>
         <input_file_ref idref="fl-2"/>
      </object_component>
      <object_component id="oc-e8">
         <name>.debug_info</name>
         <load_address>0x1ae0</load_address>
         <run_address>0x1ae0</run_address>
         <size>0x17b</size>
         <input_file_ref idref="fl-2"/>
      </object_component>
      <object_component id="oc-ee">
         <name>.debug_info</name>
         <load_address>0x1c5b</load_address>
         <run_address>0x1c5b</run_address>
         <size>0xf3</size>
         <input_file_ref idref="fl-2"/>
      </object_component>
      <object_component id="oc-e2">
         <name>.debug_info</name>
         <load_address>0x1d4e</load_address>
         <run_address>0x1d4e</run_address>
         <size>0xf1</size>
         <input_file_ref idref="fl-2"/>
      </object_component>
      <object_component id="oc-ca">
         <name>.debug_info</name>
         <load_address>0x1e3f</load_address>
         <run_address>0x1e3f</run_address>
         <size>0x84</size>
         <input_file_ref idref="fl-2"/>
      </object_component>
      <object_component id="oc-153">
         <name>.debug_info</name>
         <load_address>0x1ec3</load_address>
         <run_address>0x1ec3</run_address>
         <size>0x118</size>
         <input_file_ref idref="fl-1d"/>
      </object_component>
      <object_component id="oc-c0">
         <name>.debug_info</name>
         <load_address>0x1fdb</load_address>
         <run_address>0x1fdb</run_address>
         <size>0x126</size>
         <input_file_ref idref="fl-20"/>
      </object_component>
      <object_component id="oc-de">
         <name>.debug_info</name>
         <load_address>0x2101</load_address>
         <run_address>0x2101</run_address>
         <size>0x107</size>
         <input_file_ref idref="fl-2b"/>
      </object_component>
      <object_component id="oc-bc">
         <name>.debug_info</name>
         <load_address>0x2208</load_address>
         <run_address>0x2208</run_address>
         <size>0x118</size>
         <input_file_ref idref="fl-2c"/>
      </object_component>
      <object_component id="oc-2c5">
         <name>.debug_info</name>
         <load_address>0x2320</load_address>
         <run_address>0x2320</run_address>
         <size>0x119</size>
         <input_file_ref idref="fl-2d"/>
      </object_component>
      <object_component id="oc-29d">
         <name>.debug_info</name>
         <load_address>0x2439</load_address>
         <run_address>0x2439</run_address>
         <size>0x206</size>
         <input_file_ref idref="fl-2e"/>
      </object_component>
      <object_component id="oc-214">
         <name>.debug_info</name>
         <load_address>0x263f</load_address>
         <run_address>0x263f</run_address>
         <size>0x24c</size>
         <input_file_ref idref="fl-2e"/>
      </object_component>
      <object_component id="oc-275">
         <name>.debug_info</name>
         <load_address>0x288b</load_address>
         <run_address>0x288b</run_address>
         <size>0x94</size>
         <input_file_ref idref="fl-2e"/>
      </object_component>
      <object_component id="oc-21a">
         <name>.debug_info</name>
         <load_address>0x291f</load_address>
         <run_address>0x291f</run_address>
         <size>0x1a4</size>
         <input_file_ref idref="fl-2f"/>
      </object_component>
      <object_component id="oc-32e">
         <name>.debug_info</name>
         <load_address>0x2ac3</load_address>
         <run_address>0x2ac3</run_address>
         <size>0x201</size>
         <input_file_ref idref="fl-30"/>
      </object_component>
      <object_component id="oc-2f1">
         <name>.debug_info</name>
         <load_address>0x2cc4</load_address>
         <run_address>0x2cc4</run_address>
         <size>0x27f</size>
         <input_file_ref idref="fl-30"/>
      </object_component>
      <object_component id="oc-204">
         <name>.debug_info</name>
         <load_address>0x2f43</load_address>
         <run_address>0x2f43</run_address>
         <size>0x160</size>
         <input_file_ref idref="fl-31"/>
      </object_component>
      <object_component id="oc-27c">
         <name>.debug_info</name>
         <load_address>0x30a3</load_address>
         <run_address>0x30a3</run_address>
         <size>0x1b5</size>
         <input_file_ref idref="fl-32"/>
      </object_component>
      <object_component id="oc-2f8">
         <name>.debug_info</name>
         <load_address>0x3258</load_address>
         <run_address>0x3258</run_address>
         <size>0x15b</size>
         <input_file_ref idref="fl-33"/>
      </object_component>
      <object_component id="oc-341">
         <name>.debug_info</name>
         <load_address>0x33b3</load_address>
         <run_address>0x33b3</run_address>
         <size>0x1ca</size>
         <input_file_ref idref="fl-34"/>
      </object_component>
      <object_component id="oc-332">
         <name>.debug_info</name>
         <load_address>0x357d</load_address>
         <run_address>0x357d</run_address>
         <size>0x210</size>
         <input_file_ref idref="fl-34"/>
      </object_component>
      <object_component id="oc-1fa">
         <name>.debug_info</name>
         <load_address>0x378d</load_address>
         <run_address>0x378d</run_address>
         <size>0x15b</size>
         <input_file_ref idref="fl-35"/>
      </object_component>
      <object_component id="oc-2d5">
         <name>.debug_info</name>
         <load_address>0x38e8</load_address>
         <run_address>0x38e8</run_address>
         <size>0x1ca</size>
         <input_file_ref idref="fl-36"/>
      </object_component>
      <object_component id="oc-26a">
         <name>.debug_info</name>
         <load_address>0x3ab2</load_address>
         <run_address>0x3ab2</run_address>
         <size>0x1d8</size>
         <input_file_ref idref="fl-36"/>
      </object_component>
      <object_component id="oc-30e">
         <name>.debug_info</name>
         <load_address>0x3c8a</load_address>
         <run_address>0x3c8a</run_address>
         <size>0x1ff</size>
         <input_file_ref idref="fl-37"/>
      </object_component>
      <object_component id="oc-297">
         <name>.debug_info</name>
         <load_address>0x3e89</load_address>
         <run_address>0x3e89</run_address>
         <size>0x31e</size>
         <input_file_ref idref="fl-37"/>
      </object_component>
      <object_component id="oc-33d">
         <name>.debug_info</name>
         <load_address>0x41a7</load_address>
         <run_address>0x41a7</run_address>
         <size>0x1d1</size>
         <input_file_ref idref="fl-38"/>
      </object_component>
      <object_component id="oc-328">
         <name>.debug_info</name>
         <load_address>0x4378</load_address>
         <run_address>0x4378</run_address>
         <size>0x5c4</size>
         <input_file_ref idref="fl-38"/>
      </object_component>
      <object_component id="oc-27a">
         <name>.debug_info</name>
         <load_address>0x493c</load_address>
         <run_address>0x493c</run_address>
         <size>0x201</size>
         <input_file_ref idref="fl-39"/>
      </object_component>
      <object_component id="oc-1fe">
         <name>.debug_info</name>
         <load_address>0x4b3d</load_address>
         <run_address>0x4b3d</run_address>
         <size>0x2d5</size>
         <input_file_ref idref="fl-39"/>
      </object_component>
      <object_component id="oc-222">
         <name>.debug_info</name>
         <load_address>0x4e12</load_address>
         <run_address>0x4e12</run_address>
         <size>0x14d</size>
         <input_file_ref idref="fl-3a"/>
      </object_component>
      <object_component id="oc-339">
         <name>.debug_info</name>
         <load_address>0x4f5f</load_address>
         <run_address>0x4f5f</run_address>
         <size>0x1d1</size>
         <input_file_ref idref="fl-3b"/>
      </object_component>
      <object_component id="oc-309">
         <name>.debug_info</name>
         <load_address>0x5130</load_address>
         <run_address>0x5130</run_address>
         <size>0x1ee</size>
         <input_file_ref idref="fl-3b"/>
      </object_component>
      <object_component id="oc-226">
         <name>.debug_info</name>
         <load_address>0x531e</load_address>
         <run_address>0x531e</run_address>
         <size>0x182</size>
         <input_file_ref idref="fl-3c"/>
      </object_component>
      <object_component id="oc-b2">
         <name>.debug_info</name>
         <load_address>0x54a0</load_address>
         <run_address>0x54a0</run_address>
         <size>0xf5</size>
         <input_file_ref idref="fl-3d"/>
      </object_component>
      <object_component id="oc-106">
         <name>.debug_info</name>
         <load_address>0x5595</load_address>
         <run_address>0x5595</run_address>
         <size>0x16f</size>
         <input_file_ref idref="fl-3d"/>
      </object_component>
      <object_component id="oc-245">
         <name>.debug_info</name>
         <load_address>0x5704</load_address>
         <run_address>0x5704</run_address>
         <size>0x3d3</size>
         <input_file_ref idref="fl-3e"/>
      </object_component>
      <object_component id="oc-1b5">
         <name>.debug_info</name>
         <load_address>0x5ad7</load_address>
         <run_address>0x5ad7</run_address>
         <size>0x1d5</size>
         <input_file_ref idref="fl-3e"/>
      </object_component>
      <object_component id="oc-2b8">
         <name>.debug_info</name>
         <load_address>0x5cac</load_address>
         <run_address>0x5cac</run_address>
         <size>0x39</size>
         <input_file_ref idref="fl-3e"/>
      </object_component>
      <object_component id="oc-250">
         <name>.debug_info</name>
         <load_address>0x5ce5</load_address>
         <run_address>0x5ce5</run_address>
         <size>0x2c</size>
         <input_file_ref idref="fl-3e"/>
      </object_component>
      <object_component id="oc-2bd">
         <name>.debug_info</name>
         <load_address>0x5d11</load_address>
         <run_address>0x5d11</run_address>
         <size>0xcd</size>
         <input_file_ref idref="fl-3e"/>
      </object_component>
      <object_component id="oc-15e">
         <name>.debug_info</name>
         <load_address>0x5dde</load_address>
         <run_address>0x5dde</run_address>
         <size>0x16a</size>
         <input_file_ref idref="fl-3f"/>
      </object_component>
      <object_component id="oc-f4">
         <name>.debug_info</name>
         <load_address>0x5f48</load_address>
         <run_address>0x5f48</run_address>
         <size>0x1c7</size>
         <input_file_ref idref="fl-3f"/>
      </object_component>
      <object_component id="oc-159">
         <name>.debug_info</name>
         <load_address>0x610f</load_address>
         <run_address>0x610f</run_address>
         <size>0x46</size>
         <input_file_ref idref="fl-3f"/>
      </object_component>
      <object_component id="oc-13c">
         <name>.debug_info</name>
         <load_address>0x6155</load_address>
         <run_address>0x6155</run_address>
         <size>0x2c</size>
         <input_file_ref idref="fl-3f"/>
      </object_component>
      <object_component id="oc-164">
         <name>.debug_info</name>
         <load_address>0x6181</load_address>
         <run_address>0x6181</run_address>
         <size>0x148</size>
         <input_file_ref idref="fl-43"/>
      </object_component>
      <object_component id="oc-241">
         <name>.debug_info</name>
         <load_address>0x62c9</load_address>
         <run_address>0x62c9</run_address>
         <size>0x145</size>
         <input_file_ref idref="fl-44"/>
      </object_component>
      <object_component id="oc-db">
         <name>.debug_info</name>
         <load_address>0x640e</load_address>
         <run_address>0x640e</run_address>
         <size>0x1bc</size>
         <input_file_ref idref="fl-45"/>
      </object_component>
      <object_component id="oc-3b">
         <name>.debug_info</name>
         <load_address>0x65ca</load_address>
         <run_address>0x65ca</run_address>
         <size>0x1df</size>
         <input_file_ref idref="fl-45"/>
      </object_component>
      <object_component id="oc-d6">
         <name>.debug_info</name>
         <load_address>0x67a9</load_address>
         <run_address>0x67a9</run_address>
         <size>0x46</size>
         <input_file_ref idref="fl-45"/>
      </object_component>
      <object_component id="oc-141">
         <name>.debug_info</name>
         <load_address>0x67ef</load_address>
         <run_address>0x67ef</run_address>
         <size>0x2c</size>
         <input_file_ref idref="fl-45"/>
      </object_component>
      <object_component id="oc-139">
         <name>.debug_info</name>
         <load_address>0x681b</load_address>
         <run_address>0x681b</run_address>
         <size>0x16b</size>
         <input_file_ref idref="fl-46"/>
      </object_component>
      <object_component id="oc-35">
         <name>.debug_info</name>
         <load_address>0x6986</load_address>
         <run_address>0x6986</run_address>
         <size>0x287</size>
         <input_file_ref idref="fl-46"/>
      </object_component>
      <object_component id="oc-c5">
         <name>.debug_info</name>
         <load_address>0x6c0d</load_address>
         <run_address>0x6c0d</run_address>
         <size>0x60</size>
         <input_file_ref idref="fl-46"/>
      </object_component>
      <object_component id="oc-134">
         <name>.debug_info</name>
         <load_address>0x6c6d</load_address>
         <run_address>0x6c6d</run_address>
         <size>0x46</size>
         <input_file_ref idref="fl-46"/>
      </object_component>
      <object_component id="oc-1ac">
         <name>.debug_info</name>
         <load_address>0x6cb3</load_address>
         <run_address>0x6cb3</run_address>
         <size>0x117</size>
         <input_file_ref idref="fl-47"/>
      </object_component>
      <object_component id="oc-13b">
         <name>.debug_info</name>
         <load_address>0x6dca</load_address>
         <run_address>0x6dca</run_address>
         <size>0x176</size>
         <input_file_ref idref="fl-4a"/>
      </object_component>
      <object_component id="oc-d0">
         <name>.debug_info</name>
         <load_address>0x6f40</load_address>
         <run_address>0x6f40</run_address>
         <size>0x16f</size>
         <input_file_ref idref="fl-4a"/>
      </object_component>
      <object_component id="oc-304">
         <name>.debug_info</name>
         <load_address>0x70af</load_address>
         <run_address>0x70af</run_address>
         <size>0x118</size>
         <input_file_ref idref="fl-4b"/>
      </object_component>
      <object_component id="oc-2d8">
         <name>.debug_info</name>
         <load_address>0x71c7</load_address>
         <run_address>0x71c7</run_address>
         <size>0x11e</size>
         <input_file_ref idref="fl-4b"/>
      </object_component>
      <object_component id="oc-b7">
         <name>.debug_info</name>
         <load_address>0x72e5</load_address>
         <run_address>0x72e5</run_address>
         <size>0x118</size>
         <input_file_ref idref="fl-4c"/>
      </object_component>
      <object_component id="oc-300">
         <name>.debug_info</name>
         <load_address>0x73fd</load_address>
         <run_address>0x73fd</run_address>
         <size>0x118</size>
         <input_file_ref idref="fl-4d"/>
      </object_component>
      <object_component id="oc-2cb">
         <name>.debug_info</name>
         <load_address>0x7515</load_address>
         <run_address>0x7515</run_address>
         <size>0x11e</size>
         <input_file_ref idref="fl-4d"/>
      </object_component>
      <object_component id="oc-2e6">
         <name>.debug_info</name>
         <load_address>0x7633</load_address>
         <run_address>0x7633</run_address>
         <size>0x118</size>
         <input_file_ref idref="fl-4e"/>
      </object_component>
      <object_component id="oc-2d0">
         <name>.debug_info</name>
         <load_address>0x774b</load_address>
         <run_address>0x774b</run_address>
         <size>0x11e</size>
         <input_file_ref idref="fl-4e"/>
      </object_component>
      <object_component id="oc-2de">
         <name>.debug_info</name>
         <load_address>0x7869</load_address>
         <run_address>0x7869</run_address>
         <size>0x119</size>
         <input_file_ref idref="fl-4f"/>
      </object_component>
      <object_component id="oc-2e1">
         <name>.debug_info</name>
         <load_address>0x7982</load_address>
         <run_address>0x7982</run_address>
         <size>0x1d1</size>
         <input_file_ref idref="fl-50"/>
      </object_component>
      <object_component id="oc-26f">
         <name>.debug_info</name>
         <load_address>0x7b53</load_address>
         <run_address>0x7b53</run_address>
         <size>0x3a0</size>
         <input_file_ref idref="fl-50"/>
      </object_component>
      <object_component id="oc-38c">
         <name>.debug_info</name>
         <load_address>0x7ef3</load_address>
         <run_address>0x7ef3</run_address>
         <size>0x9c</size>
      </object_component>
      <object_component id="oc-189">
         <name>.debug_line</name>
         <load_address>0x0</load_address>
         <run_address>0x0</run_address>
         <size>0x129</size>
         <input_file_ref idref="fl-2"/>
      </object_component>
      <object_component id="oc-187">
         <name>.debug_line</name>
         <load_address>0x129</load_address>
         <run_address>0x129</run_address>
         <size>0x62</size>
         <input_file_ref idref="fl-2"/>
      </object_component>
      <object_component id="oc-199">
         <name>.debug_line</name>
         <load_address>0x18b</load_address>
         <run_address>0x18b</run_address>
         <size>0x43</size>
         <input_file_ref idref="fl-2"/>
      </object_component>
      <object_component id="oc-19e">
         <name>.debug_line</name>
         <load_address>0x1ce</load_address>
         <run_address>0x1ce</run_address>
         <size>0x44</size>
         <input_file_ref idref="fl-2"/>
      </object_component>
      <object_component id="oc-1eb">
         <name>.debug_line</name>
         <load_address>0x212</load_address>
         <run_address>0x212</run_address>
         <size>0x71</size>
         <input_file_ref idref="fl-2"/>
      </object_component>
      <object_component id="oc-264">
         <name>.debug_line</name>
         <load_address>0x283</load_address>
         <run_address>0x283</run_address>
         <size>0x7d</size>
         <input_file_ref idref="fl-2"/>
      </object_component>
      <object_component id="oc-1f2">
         <name>.debug_line</name>
         <load_address>0x300</load_address>
         <run_address>0x300</run_address>
         <size>0x6d</size>
         <input_file_ref idref="fl-2"/>
      </object_component>
      <object_component id="oc-28c">
         <name>.debug_line</name>
         <load_address>0x36d</load_address>
         <run_address>0x36d</run_address>
         <size>0x49</size>
         <input_file_ref idref="fl-2"/>
      </object_component>
      <object_component id="oc-286">
         <name>.debug_line</name>
         <load_address>0x3b6</load_address>
         <run_address>0x3b6</run_address>
         <size>0x69</size>
         <input_file_ref idref="fl-2"/>
      </object_component>
      <object_component id="oc-293">
         <name>.debug_line</name>
         <load_address>0x41f</load_address>
         <run_address>0x41f</run_address>
         <size>0x47</size>
         <input_file_ref idref="fl-2"/>
      </object_component>
      <object_component id="oc-20f">
         <name>.debug_line</name>
         <load_address>0x466</load_address>
         <run_address>0x466</run_address>
         <size>0x4c</size>
         <input_file_ref idref="fl-2"/>
      </object_component>
      <object_component id="oc-192">
         <name>.debug_line</name>
         <load_address>0x4b2</load_address>
         <run_address>0x4b2</run_address>
         <size>0x88</size>
         <input_file_ref idref="fl-2"/>
      </object_component>
      <object_component id="oc-1a4">
         <name>.debug_line</name>
         <load_address>0x53a</load_address>
         <run_address>0x53a</run_address>
         <size>0x60</size>
         <input_file_ref idref="fl-2"/>
      </object_component>
      <object_component id="oc-16a">
         <name>.debug_line</name>
         <load_address>0x59a</load_address>
         <run_address>0x59a</run_address>
         <size>0x71</size>
         <input_file_ref idref="fl-2"/>
      </object_component>
      <object_component id="oc-eb">
         <name>.debug_line</name>
         <load_address>0x60b</load_address>
         <run_address>0x60b</run_address>
         <size>0x79</size>
         <input_file_ref idref="fl-2"/>
      </object_component>
      <object_component id="oc-f1">
         <name>.debug_line</name>
         <load_address>0x684</load_address>
         <run_address>0x684</run_address>
         <size>0x46</size>
         <input_file_ref idref="fl-2"/>
      </object_component>
      <object_component id="oc-e5">
         <name>.debug_line</name>
         <load_address>0x6ca</load_address>
         <run_address>0x6ca</run_address>
         <size>0x47</size>
         <input_file_ref idref="fl-2"/>
      </object_component>
      <object_component id="oc-cd">
         <name>.debug_line</name>
         <load_address>0x711</load_address>
         <run_address>0x711</run_address>
         <size>0x20</size>
         <input_file_ref idref="fl-2"/>
      </object_component>
      <object_component id="oc-152">
         <name>.debug_line</name>
         <load_address>0x731</load_address>
         <run_address>0x731</run_address>
         <size>0x4e</size>
         <input_file_ref idref="fl-1d"/>
      </object_component>
      <object_component id="oc-c3">
         <name>.debug_line</name>
         <load_address>0x77f</load_address>
         <run_address>0x77f</run_address>
         <size>0x40</size>
         <input_file_ref idref="fl-20"/>
      </object_component>
      <object_component id="oc-dd">
         <name>.debug_line</name>
         <load_address>0x7bf</load_address>
         <run_address>0x7bf</run_address>
         <size>0x3d</size>
         <input_file_ref idref="fl-2b"/>
      </object_component>
      <object_component id="oc-be">
         <name>.debug_line</name>
         <load_address>0x7fc</load_address>
         <run_address>0x7fc</run_address>
         <size>0x5e</size>
         <input_file_ref idref="fl-2c"/>
      </object_component>
      <object_component id="oc-2c3">
         <name>.debug_line</name>
         <load_address>0x85a</load_address>
         <run_address>0x85a</run_address>
         <size>0x42</size>
         <input_file_ref idref="fl-2d"/>
      </object_component>
      <object_component id="oc-310">
         <name>.debug_line</name>
         <load_address>0x89c</load_address>
         <run_address>0x89c</run_address>
         <size>0x2d</size>
         <input_file_ref idref="fl-2e"/>
      </object_component>
      <object_component id="oc-213">
         <name>.debug_line</name>
         <load_address>0x8c9</load_address>
         <run_address>0x8c9</run_address>
         <size>0xcc</size>
         <input_file_ref idref="fl-2e"/>
      </object_component>
      <object_component id="oc-278">
         <name>.debug_line</name>
         <load_address>0x995</load_address>
         <run_address>0x995</run_address>
         <size>0x2e</size>
         <input_file_ref idref="fl-2e"/>
      </object_component>
      <object_component id="oc-21d">
         <name>.debug_line</name>
         <load_address>0x9c3</load_address>
         <run_address>0x9c3</run_address>
         <size>0x75</size>
         <input_file_ref idref="fl-2f"/>
      </object_component>
      <object_component id="oc-33f">
         <name>.debug_line</name>
         <load_address>0xa38</load_address>
         <run_address>0xa38</run_address>
         <size>0x2d</size>
         <input_file_ref idref="fl-30"/>
      </object_component>
      <object_component id="oc-2f4">
         <name>.debug_line</name>
         <load_address>0xa65</load_address>
         <run_address>0xa65</run_address>
         <size>0xe9</size>
         <input_file_ref idref="fl-30"/>
      </object_component>
      <object_component id="oc-207">
         <name>.debug_line</name>
         <load_address>0xb4e</load_address>
         <run_address>0xb4e</run_address>
         <size>0x3d</size>
         <input_file_ref idref="fl-31"/>
      </object_component>
      <object_component id="oc-280">
         <name>.debug_line</name>
         <load_address>0xb8b</load_address>
         <run_address>0xb8b</run_address>
         <size>0x5a</size>
         <input_file_ref idref="fl-32"/>
      </object_component>
      <object_component id="oc-2fa">
         <name>.debug_line</name>
         <load_address>0xbe5</load_address>
         <run_address>0xbe5</run_address>
         <size>0x3d</size>
         <input_file_ref idref="fl-33"/>
      </object_component>
      <object_component id="oc-347">
         <name>.debug_line</name>
         <load_address>0xc22</load_address>
         <run_address>0xc22</run_address>
         <size>0x20</size>
         <input_file_ref idref="fl-34"/>
      </object_component>
      <object_component id="oc-334">
         <name>.debug_line</name>
         <load_address>0xc42</load_address>
         <run_address>0xc42</run_address>
         <size>0x81</size>
         <input_file_ref idref="fl-34"/>
      </object_component>
      <object_component id="oc-1f8">
         <name>.debug_line</name>
         <load_address>0xcc3</load_address>
         <run_address>0xcc3</run_address>
         <size>0x3d</size>
         <input_file_ref idref="fl-35"/>
      </object_component>
      <object_component id="oc-321">
         <name>.debug_line</name>
         <load_address>0xd00</load_address>
         <run_address>0xd00</run_address>
         <size>0x20</size>
         <input_file_ref idref="fl-36"/>
      </object_component>
      <object_component id="oc-268">
         <name>.debug_line</name>
         <load_address>0xd20</load_address>
         <run_address>0xd20</run_address>
         <size>0x71</size>
         <input_file_ref idref="fl-36"/>
      </object_component>
      <object_component id="oc-33b">
         <name>.debug_line</name>
         <load_address>0xd91</load_address>
         <run_address>0xd91</run_address>
         <size>0x2d</size>
         <input_file_ref idref="fl-37"/>
      </object_component>
      <object_component id="oc-29a">
         <name>.debug_line</name>
         <load_address>0xdbe</load_address>
         <run_address>0xdbe</run_address>
         <size>0xfd</size>
         <input_file_ref idref="fl-37"/>
      </object_component>
      <object_component id="oc-345">
         <name>.debug_line</name>
         <load_address>0xebb</load_address>
         <run_address>0xebb</run_address>
         <size>0x20</size>
         <input_file_ref idref="fl-38"/>
      </object_component>
      <object_component id="oc-32b">
         <name>.debug_line</name>
         <load_address>0xedb</load_address>
         <run_address>0xedb</run_address>
         <size>0xdc</size>
         <input_file_ref idref="fl-38"/>
      </object_component>
      <object_component id="oc-2e3">
         <name>.debug_line</name>
         <load_address>0xfb7</load_address>
         <run_address>0xfb7</run_address>
         <size>0x2d</size>
         <input_file_ref idref="fl-39"/>
      </object_component>
      <object_component id="oc-201">
         <name>.debug_line</name>
         <load_address>0xfe4</load_address>
         <run_address>0xfe4</run_address>
         <size>0x103</size>
         <input_file_ref idref="fl-39"/>
      </object_component>
      <object_component id="oc-220">
         <name>.debug_line</name>
         <load_address>0x10e7</load_address>
         <run_address>0x10e7</run_address>
         <size>0x49</size>
         <input_file_ref idref="fl-3a"/>
      </object_component>
      <object_component id="oc-343">
         <name>.debug_line</name>
         <load_address>0x1130</load_address>
         <run_address>0x1130</run_address>
         <size>0x20</size>
         <input_file_ref idref="fl-3b"/>
      </object_component>
      <object_component id="oc-30c">
         <name>.debug_line</name>
         <load_address>0x1150</load_address>
         <run_address>0x1150</run_address>
         <size>0x82</size>
         <input_file_ref idref="fl-3b"/>
      </object_component>
      <object_component id="oc-229">
         <name>.debug_line</name>
         <load_address>0x11d2</load_address>
         <run_address>0x11d2</run_address>
         <size>0x4b</size>
         <input_file_ref idref="fl-3c"/>
      </object_component>
      <object_component id="oc-130">
         <name>.debug_line</name>
         <load_address>0x121d</load_address>
         <run_address>0x121d</run_address>
         <size>0x2a</size>
         <input_file_ref idref="fl-3d"/>
      </object_component>
      <object_component id="oc-109">
         <name>.debug_line</name>
         <load_address>0x1247</load_address>
         <run_address>0x1247</run_address>
         <size>0x46</size>
         <input_file_ref idref="fl-3d"/>
      </object_component>
      <object_component id="oc-2b7">
         <name>.debug_line</name>
         <load_address>0x128d</load_address>
         <run_address>0x128d</run_address>
         <size>0xb7</size>
         <input_file_ref idref="fl-3e"/>
      </object_component>
      <object_component id="oc-1b9">
         <name>.debug_line</name>
         <load_address>0x1344</load_address>
         <run_address>0x1344</run_address>
         <size>0x73</size>
         <input_file_ref idref="fl-3e"/>
      </object_component>
      <object_component id="oc-2bb">
         <name>.debug_line</name>
         <load_address>0x13b7</load_address>
         <run_address>0x13b7</run_address>
         <size>0x2e</size>
         <input_file_ref idref="fl-3e"/>
      </object_component>
      <object_component id="oc-253">
         <name>.debug_line</name>
         <load_address>0x13e5</load_address>
         <run_address>0x13e5</run_address>
         <size>0x8a</size>
         <input_file_ref idref="fl-3e"/>
      </object_component>
      <object_component id="oc-2c0">
         <name>.debug_line</name>
         <load_address>0x146f</load_address>
         <run_address>0x146f</run_address>
         <size>0x8b</size>
         <input_file_ref idref="fl-3e"/>
      </object_component>
      <object_component id="oc-18c">
         <name>.debug_line</name>
         <load_address>0x14fa</load_address>
         <run_address>0x14fa</run_address>
         <size>0x20</size>
         <input_file_ref idref="fl-3f"/>
      </object_component>
      <object_component id="oc-f7">
         <name>.debug_line</name>
         <load_address>0x151a</load_address>
         <run_address>0x151a</run_address>
         <size>0x4d</size>
         <input_file_ref idref="fl-3f"/>
      </object_component>
      <object_component id="oc-15c">
         <name>.debug_line</name>
         <load_address>0x1567</load_address>
         <run_address>0x1567</run_address>
         <size>0x34</size>
         <input_file_ref idref="fl-3f"/>
      </object_component>
      <object_component id="oc-13f">
         <name>.debug_line</name>
         <load_address>0x159b</load_address>
         <run_address>0x159b</run_address>
         <size>0x8a</size>
         <input_file_ref idref="fl-3f"/>
      </object_component>
      <object_component id="oc-162">
         <name>.debug_line</name>
         <load_address>0x1625</load_address>
         <run_address>0x1625</run_address>
         <size>0x3e</size>
         <input_file_ref idref="fl-43"/>
      </object_component>
      <object_component id="oc-23f">
         <name>.debug_line</name>
         <load_address>0x1663</load_address>
         <run_address>0x1663</run_address>
         <size>0x3a</size>
         <input_file_ref idref="fl-44"/>
      </object_component>
      <object_component id="oc-147">
         <name>.debug_line</name>
         <load_address>0x169d</load_address>
         <run_address>0x169d</run_address>
         <size>0x8a</size>
         <input_file_ref idref="fl-45"/>
      </object_component>
      <object_component id="oc-3e">
         <name>.debug_line</name>
         <load_address>0x1727</load_address>
         <run_address>0x1727</run_address>
         <size>0x50</size>
         <input_file_ref idref="fl-45"/>
      </object_component>
      <object_component id="oc-d9">
         <name>.debug_line</name>
         <load_address>0x1777</load_address>
         <run_address>0x1777</run_address>
         <size>0x3a</size>
         <input_file_ref idref="fl-45"/>
      </object_component>
      <object_component id="oc-144">
         <name>.debug_line</name>
         <load_address>0x17b1</load_address>
         <run_address>0x17b1</run_address>
         <size>0x8a</size>
         <input_file_ref idref="fl-45"/>
      </object_component>
      <object_component id="oc-183">
         <name>.debug_line</name>
         <load_address>0x183b</load_address>
         <run_address>0x183b</run_address>
         <size>0x20</size>
         <input_file_ref idref="fl-46"/>
      </object_component>
      <object_component id="oc-38">
         <name>.debug_line</name>
         <load_address>0x185b</load_address>
         <run_address>0x185b</run_address>
         <size>0x92</size>
         <input_file_ref idref="fl-46"/>
      </object_component>
      <object_component id="oc-c8">
         <name>.debug_line</name>
         <load_address>0x18ed</load_address>
         <run_address>0x18ed</run_address>
         <size>0x3a</size>
         <input_file_ref idref="fl-46"/>
      </object_component>
      <object_component id="oc-137">
         <name>.debug_line</name>
         <load_address>0x1927</load_address>
         <run_address>0x1927</run_address>
         <size>0x8a</size>
         <input_file_ref idref="fl-46"/>
      </object_component>
      <object_component id="oc-1a9">
         <name>.debug_line</name>
         <load_address>0x19b1</load_address>
         <run_address>0x19b1</run_address>
         <size>0x3d</size>
         <input_file_ref idref="fl-47"/>
      </object_component>
      <object_component id="oc-185">
         <name>.debug_line</name>
         <load_address>0x19ee</load_address>
         <run_address>0x19ee</run_address>
         <size>0x20</size>
         <input_file_ref idref="fl-4a"/>
      </object_component>
      <object_component id="oc-d3">
         <name>.debug_line</name>
         <load_address>0x1a0e</load_address>
         <run_address>0x1a0e</run_address>
         <size>0x42</size>
         <input_file_ref idref="fl-4a"/>
      </object_component>
      <object_component id="oc-303">
         <name>.debug_line</name>
         <load_address>0x1a50</load_address>
         <run_address>0x1a50</run_address>
         <size>0x3e</size>
         <input_file_ref idref="fl-4b"/>
      </object_component>
      <object_component id="oc-2da">
         <name>.debug_line</name>
         <load_address>0x1a8e</load_address>
         <run_address>0x1a8e</run_address>
         <size>0x56</size>
         <input_file_ref idref="fl-4b"/>
      </object_component>
      <object_component id="oc-b9">
         <name>.debug_line</name>
         <load_address>0x1ae4</load_address>
         <run_address>0x1ae4</run_address>
         <size>0x4e</size>
         <input_file_ref idref="fl-4c"/>
      </object_component>
      <object_component id="oc-2ff">
         <name>.debug_line</name>
         <load_address>0x1b32</load_address>
         <run_address>0x1b32</run_address>
         <size>0x3e</size>
         <input_file_ref idref="fl-4d"/>
      </object_component>
      <object_component id="oc-2ce">
         <name>.debug_line</name>
         <load_address>0x1b70</load_address>
         <run_address>0x1b70</run_address>
         <size>0x56</size>
         <input_file_ref idref="fl-4d"/>
      </object_component>
      <object_component id="oc-2e8">
         <name>.debug_line</name>
         <load_address>0x1bc6</load_address>
         <run_address>0x1bc6</run_address>
         <size>0x42</size>
         <input_file_ref idref="fl-4e"/>
      </object_component>
      <object_component id="oc-2d3">
         <name>.debug_line</name>
         <load_address>0x1c08</load_address>
         <run_address>0x1c08</run_address>
         <size>0x65</size>
         <input_file_ref idref="fl-4e"/>
      </object_component>
      <object_component id="oc-2dc">
         <name>.debug_line</name>
         <load_address>0x1c6d</load_address>
         <run_address>0x1c6d</run_address>
         <size>0x4b</size>
         <input_file_ref idref="fl-4f"/>
      </object_component>
      <object_component id="oc-325">
         <name>.debug_line</name>
         <load_address>0x1cb8</load_address>
         <run_address>0x1cb8</run_address>
         <size>0x20</size>
         <input_file_ref idref="fl-50"/>
      </object_component>
      <object_component id="oc-272">
         <name>.debug_line</name>
         <load_address>0x1cd8</load_address>
         <run_address>0x1cd8</run_address>
         <size>0x99</size>
         <input_file_ref idref="fl-50"/>
      </object_component>
      <object_component id="oc-198">
         <name>.debug_frame</name>
         <load_address>0x0</load_address>
         <run_address>0x0</run_address>
         <size>0x3c</size>
         <input_file_ref idref="fl-2"/>
      </object_component>
      <object_component id="oc-19f">
         <name>.debug_frame</name>
         <load_address>0x3c</load_address>
         <run_address>0x3c</run_address>
         <size>0x48</size>
         <input_file_ref idref="fl-2"/>
      </object_component>
      <object_component id="oc-1ec">
         <name>.debug_frame</name>
         <load_address>0x84</load_address>
         <run_address>0x84</run_address>
         <size>0x3c</size>
         <input_file_ref idref="fl-2"/>
      </object_component>
      <object_component id="oc-265">
         <name>.debug_frame</name>
         <load_address>0xc0</load_address>
         <run_address>0xc0</run_address>
         <size>0x3c</size>
         <input_file_ref idref="fl-2"/>
      </object_component>
      <object_component id="oc-1f3">
         <name>.debug_frame</name>
         <load_address>0xfc</load_address>
         <run_address>0xfc</run_address>
         <size>0x3c</size>
         <input_file_ref idref="fl-2"/>
      </object_component>
      <object_component id="oc-28d">
         <name>.debug_frame</name>
         <load_address>0x138</load_address>
         <run_address>0x138</run_address>
         <size>0x3c</size>
         <input_file_ref idref="fl-2"/>
      </object_component>
      <object_component id="oc-287">
         <name>.debug_frame</name>
         <load_address>0x174</load_address>
         <run_address>0x174</run_address>
         <size>0x40</size>
         <input_file_ref idref="fl-2"/>
      </object_component>
      <object_component id="oc-294">
         <name>.debug_frame</name>
         <load_address>0x1b4</load_address>
         <run_address>0x1b4</run_address>
         <size>0x60</size>
         <input_file_ref idref="fl-2"/>
      </object_component>
      <object_component id="oc-210">
         <name>.debug_frame</name>
         <load_address>0x214</load_address>
         <run_address>0x214</run_address>
         <size>0x3c</size>
         <input_file_ref idref="fl-2"/>
      </object_component>
      <object_component id="oc-193">
         <name>.debug_frame</name>
         <load_address>0x250</load_address>
         <run_address>0x250</run_address>
         <size>0x3c</size>
         <input_file_ref idref="fl-2"/>
      </object_component>
      <object_component id="oc-1a5">
         <name>.debug_frame</name>
         <load_address>0x28c</load_address>
         <run_address>0x28c</run_address>
         <size>0x4c</size>
         <input_file_ref idref="fl-2"/>
      </object_component>
      <object_component id="oc-16b">
         <name>.debug_frame</name>
         <load_address>0x2d8</load_address>
         <run_address>0x2d8</run_address>
         <size>0x40</size>
         <input_file_ref idref="fl-2"/>
      </object_component>
      <object_component id="oc-ec">
         <name>.debug_frame</name>
         <load_address>0x318</load_address>
         <run_address>0x318</run_address>
         <size>0x64</size>
         <input_file_ref idref="fl-2"/>
      </object_component>
      <object_component id="oc-f2">
         <name>.debug_frame</name>
         <load_address>0x37c</load_address>
         <run_address>0x37c</run_address>
         <size>0x3c</size>
         <input_file_ref idref="fl-2"/>
      </object_component>
      <object_component id="oc-e6">
         <name>.debug_frame</name>
         <load_address>0x3b8</load_address>
         <run_address>0x3b8</run_address>
         <size>0x3c</size>
         <input_file_ref idref="fl-2"/>
      </object_component>
      <object_component id="oc-217">
         <name>.debug_frame</name>
         <load_address>0x3f4</load_address>
         <run_address>0x3f4</run_address>
         <size>0x68</size>
         <input_file_ref idref="fl-2e"/>
      </object_component>
      <object_component id="oc-21e">
         <name>.debug_frame</name>
[...]
      </symbol>
      <symbol id="sm-186">
         <name>__mspabi_func_epilog_4</name>
         <value>0xdee2</value>
         <object_component_ref idref="oc-bf"/>
      </symbol>
      <symbol id="sm-187">
         <name>__mspabi_func_epilog_5</name>
         <value>0xdee0</value>
         <object_component_ref idref="oc-bf"/>
      </symbol>
      <symbol id="sm-18a">
         <name>__TI_int00</name>
         <value>0xffe0</value>
         <object_component_ref idref="oc-40"/>
      </symbol>
      <symbol id="sm-18d">
         <name>__TI_int03</name>
         <value>0xffe6</value>
         <object_component_ref idref="oc-42"/>
      </symbol>
      <symbol id="sm-190">
         <name>__TI_int05</name>
         <value>0xffea</value>
         <object_component_ref idref="oc-43"/>
      </symbol>
      <symbol id="sm-193">
         <name>__TI_int06</name>
         <value>0xffec</value>
         <object_component_ref idref="oc-44"/>
      </symbol>
      <symbol id="sm-196">
         <name>__TI_int08</name>
         <value>0xfff0</value>
         <object_component_ref idref="oc-46"/>
      </symbol>
      <symbol id="sm-199">
         <name>__TI_int09</name>
         <value>0xfff2</value>
         <object_component_ref idref="oc-47"/>
      </symbol>
      <symbol id="sm-19c">
         <name>__TI_int10</name>
         <value>0xfff4</value>
         <object_component_ref idref="oc-48"/>
      </symbol>
      <symbol id="sm-19f">
         <name>__TI_int11</name>
         <value>0xfff6</value>
         <object_component_ref idref="oc-49"/>
      </symbol>
      <symbol id="sm-1a2">
         <name>__TI_int13</name>
         <value>0xfffa</value>
         <object_component_ref idref="oc-4b"/>
      </symbol>
      <symbol id="sm-1a5">
         <name>__TI_int14</name>
         <value>0xfffc</value>
         <object_component_ref idref="oc-4c"/>
      </symbol>
      <symbol id="sm-1ad">
         <name>__TI_ISR_TRAP</name>
         <value>0xdf04</value>
         <object_component_ref idref="oc-dc"/>
      </symbol>
      <symbol id="sm-1b5">
         <name>__mspabi_srli_8</name>
         <value>0xdb60</value>
         <object_component_ref idref="oc-ba"/>
      </symbol>
      <symbol id="sm-1b6">
         <name>__mspabi_srli_9</name>
         <value>0xdb5c</value>
         <object_component_ref idref="oc-ba"/>
      </symbol>
      <symbol id="sm-1b7">
         <name>__mspabi_srli_6</name>
         <value>0xdb68</value>
         <object_component_ref idref="oc-ba"/>
      </symbol>
      <symbol id="sm-1b8">
         <name>__mspabi_srli_7</name>
         <value>0xdb64</value>
         <object_component_ref idref="oc-ba"/>
      </symbol>
      <symbol id="sm-1b9">
         <name>__mspabi_srli_4</name>
         <value>0xdb70</value>
         <object_component_ref idref="oc-ba"/>
      </symbol>
      <symbol id="sm-1ba">
         <name>__mspabi_srli_5</name>
         <value>0xdb6c</value>
         <object_component_ref idref="oc-ba"/>
      </symbol>
      <symbol id="sm-1bb">
         <name>__mspabi_srli_2</name>
         <value>0xdb78</value>
         <object_component_ref idref="oc-ba"/>
      </symbol>
      <symbol id="sm-1bc">
         <name>__mspabi_srli_3</name>
         <value>0xdb74</value>
         <object_component_ref idref="oc-ba"/>
      </symbol>
      <symbol id="sm-1bd">
         <name>__mspabi_srli_1</name>
         <value>0xdb7c</value>
         <object_component_ref idref="oc-ba"/>
      </symbol>
      <symbol id="sm-1be">
         <name>__mspabi_srli</name>
         <value>0xdb36</value>
         <object_component_ref idref="oc-ba"/>
      </symbol>
      <symbol id="sm-1bf">
         <name>__mspabi_srli_15</name>
         <value>0xdb44</value>
         <object_component_ref idref="oc-ba"/>
      </symbol>
      <symbol id="sm-1c0">
         <name>__mspabi_srli_14</name>
         <value>0xdb48</value>
         <object_component_ref idref="oc-ba"/>
      </symbol>
      <symbol id="sm-1c1">
         <name>__mspabi_srli_13</name>
         <value>0xdb4c</value>
         <object_component_ref idref="oc-ba"/>
      </symbol>
      <symbol id="sm-1c2">
         <name>__mspabi_srli_12</name>
         <value>0xdb50</value>
         <object_component_ref idref="oc-ba"/>
      </symbol>
      <symbol id="sm-1c3">
         <name>__mspabi_srli_11</name>
         <value>0xdb54</value>
         <object_component_ref idref="oc-ba"/>
      </symbol>
      <symbol id="sm-1c4">
         <name>__mspabi_srli_10</name>
         <value>0xdb58</value>
         <object_component_ref idref="oc-ba"/>
      </symbol>
      <symbol id="sm-1ce">
         <name>__mspabi_mpyi_sw</name>
         <value>0xde4e</value>
         <object_component_ref idref="oc-2c2"/>
      </symbol>
      <symbol id="sm-1cf">
         <name>__mspabi_mpyi</name>
         <value>0xde4e</value>
         <object_component_ref idref="oc-2c2"/>
      </symbol>
      <symbol id="sm-1f6">
         <name>__mspabi_addd</name>
         <value>0xc478</value>
         <object_component_ref idref="oc-212"/>
      </symbol>
      <symbol id="sm-210">
         <name>__mspabi_cmpd</name>
         <value>0xd5a0</value>
         <object_component_ref idref="oc-219"/>
      </symbol>
      <symbol id="sm-231">
         <name>__mspabi_divd</name>
         <value>0xcec6</value>
         <object_component_ref idref="oc-2ef"/>
      </symbol>
      <symbol id="sm-23c">
         <name>__mspabi_fixdu</name>
         <value>0xde62</value>
         <object_component_ref idref="oc-203"/>
      </symbol>
      <symbol id="sm-24c">
         <name>__mspabi_fixdul</name>
         <value>0xd9a6</value>
         <object_component_ref idref="oc-27b"/>
      </symbol>
      <symbol id="sm-255">
         <name>__mspabi_fltid</name>
         <value>0xdef8</value>
         <object_component_ref idref="oc-2f5"/>
      </symbol>
      <symbol id="sm-26c">
         <name>__mspabi_fltlid</name>
         <value>0xd7f4</value>
         <object_component_ref idref="oc-32f"/>
      </symbol>
      <symbol id="sm-275">
         <name>__mspabi_fltud</name>
         <value>0xdf14</value>
         <object_component_ref idref="oc-1f7"/>
      </symbol>
      <symbol id="sm-28a">
         <name>__mspabi_fltuld</name>
         <value>0xd8a0</value>
         <object_component_ref idref="oc-267"/>
      </symbol>
      <symbol id="sm-2ab">
         <name>__TI_frcaddd</name>
         <value>0xcc66</value>
         <object_component_ref idref="oc-296"/>
      </symbol>
      <symbol id="sm-2c6">
         <name>__TI_frcdivd</name>
         <value>0xc000</value>
         <object_component_ref idref="oc-327"/>
      </symbol>
      <symbol id="sm-2e8">
         <name>__mspabi_mpyd</name>
         <value>0xc9f8</value>
         <object_component_ref idref="oc-1fd"/>
      </symbol>
      <symbol id="sm-2f1">
         <name>__mspabi_negd</name>
         <value>0xdd4a</value>
         <object_component_ref idref="oc-21f"/>
      </symbol>
      <symbol id="sm-304">
         <name>__TI_renormd</name>
         <value>0xd67c</value>
         <object_component_ref idref="oc-307"/>
      </symbol>
      <symbol id="sm-30d">
         <name>__mspabi_subd</name>
         <value>0xdcc4</value>
         <object_component_ref idref="oc-225"/>
      </symbol>
      <symbol id="sm-31d">
         <name>_stack</name>
         <value>0x3b0</value>
         <object_component_ref idref="oc-b1"/>
      </symbol>
      <symbol id="sm-31e">
         <name>_c_int00_noargs</name>
         <value>0xde08</value>
         <object_component_ref idref="oc-105"/>
      </symbol>
      <symbol id="sm-31f">
         <name>_reset_vector</name>
         <value>0xfffe</value>
         <object_component_ref idref="oc-b4"/>
      </symbol>
      <symbol id="sm-33c">
         <name>__TI_auto_init_nobinit_nopinit</name>
         <value>0xdbca</value>
         <object_component_ref idref="oc-1b4"/>
      </symbol>
      <symbol id="sm-354">
         <name>__TI_zero_init_nomemset</name>
         <value>0xde3a</value>
         <object_component_ref idref="oc-f3"/>
      </symbol>
      <symbol id="sm-360">
         <name>_system_pre_init</name>
         <value>0xdf20</value>
         <object_component_ref idref="oc-160"/>
      </symbol>
      <symbol id="sm-369">
         <name>_system_post_cinit</name>
         <value>0xdf24</value>
         <object_component_ref idref="oc-23e"/>
      </symbol>
      <symbol id="sm-37f">
         <name>__TI_decompress_none</name>
         <value>0xde74</value>
         <object_component_ref idref="oc-3a"/>
      </symbol>
      <symbol id="sm-39d">
         <name>__TI_decompress_lzss</name>
         <value>0xd92a</value>
         <object_component_ref idref="oc-34"/>
      </symbol>
      <symbol id="sm-3a7">
         <name>C$$EXIT</name>
         <value>0xdf1a</value>
         <object_component_ref idref="oc-1a8"/>
      </symbol>
      <symbol id="sm-3a8">
         <name>abort</name>
         <value>0xdf1a</value>
         <object_component_ref idref="oc-1a8"/>
      </symbol>
      <symbol id="sm-3b8">
         <name>memcpy</name>
         <value>0xde98</value>
         <object_component_ref idref="oc-cf"/>
      </symbol>
      <symbol id="sm-3c8">
         <name>__mspabi_sral</name>
         <value>0xdebc</value>
         <object_component_ref idref="oc-302"/>
      </symbol>
      <symbol id="sm-3c9">
         <name>__mspabi_sral_15</name>
         <value>0xdc0c</value>
         <object_component_ref idref="oc-2d6"/>
      </symbol>
      <symbol id="sm-3ca">
         <name>__mspabi_sral_14</name>
         <value>0xdc10</value>
         <object_component_ref idref="oc-2d6"/>
      </symbol>
      <symbol id="sm-3cb">
         <name>__mspabi_sral_13</name>
         <value>0xdc14</value>
         <object_component_ref idref="oc-2d6"/>
      </symbol>
      <symbol id="sm-3cc">
         <name>__mspabi_sral_12</name>
         <value>0xdc18</value>
         <object_component_ref idref="oc-2d6"/>
      </symbol>
      <symbol id="sm-3cd">
         <name>__mspabi_sral_11</name>
         <value>0xdc1c</value>
         <object_component_ref idref="oc-2d6"/>
      </symbol>
      <symbol id="sm-3ce">
         <name>__mspabi_sral_10</name>
         <value>0xdc20</value>
         <object_component_ref idref="oc-2d6"/>
      </symbol>
      <symbol id="sm-3cf">
         <name>__mspabi_sral_8</name>
         <value>0xdc28</value>
         <object_component_ref idref="oc-2d6"/>
      </symbol>
      <symbol id="sm-3d0">
         <name>__mspabi_sral_9</name>
         <value>0xdc24</value>
         <object_component_ref idref="oc-2d6"/>
      </symbol>
      <symbol id="sm-3d1">
         <name>__mspabi_sral_6</name>
         <value>0xdc30</value>
         <object_component_ref idref="oc-2d6"/>
      </symbol>
      <symbol id="sm-3d2">
         <name>__mspabi_sral_7</name>
         <value>0xdc2c</value>
         <object_component_ref idref="oc-2d6"/>
      </symbol>
      <symbol id="sm-3d3">
         <name>__mspabi_sral_4</name>
         <value>0xdc38</value>
         <object_component_ref idref="oc-2d6"/>
      </symbol>
      <symbol id="sm-3d4">
         <name>__mspabi_sral_5</name>
         <value>0xdc34</value>
         <object_component_ref idref="oc-2d6"/>
      </symbol>
      <symbol id="sm-3d5">
         <name>__mspabi_sral_2</name>
         <value>0xdc40</value>
         <object_component_ref idref="oc-2d6"/>
      </symbol>
      <symbol id="sm-3d6">
         <name>__mspabi_sral_3</name>
         <value>0xdc3c</value>
         <object_component_ref idref="oc-2d6"/>
      </symbol>
      <symbol id="sm-3d7">
         <name>__mspabi_sral_1</name>
         <value>0xdc44</value>
         <object_component_ref idref="oc-2d6"/>
      </symbol>
      <symbol id="sm-3df">
         <name>__mspabi_slli</name>
         <value>0xdd1e</value>
         <object_component_ref idref="oc-b5"/>
      </symbol>
      <symbol id="sm-3e0">
         <name>__mspabi_slli_9</name>
         <value>0xdd36</value>
         <object_component_ref idref="oc-b5"/>
      </symbol>
      <symbol id="sm-3e1">
         <name>__mspabi_slli_8</name>
         <value>0xdd38</value>
         <object_component_ref idref="oc-b5"/>
      </symbol>
      <symbol id="sm-3e2">
         <name>__mspabi_slli_7</name>
         <value>0xdd3a</value>
         <object_component_ref idref="oc-b5"/>
      </symbol>
      <symbol id="sm-3e3">
         <name>__mspabi_slli_6</name>
         <value>0xdd3c</value>
         <object_component_ref idref="oc-b5"/>
      </symbol>
      <symbol id="sm-3e4">
         <name>__mspabi_slli_5</name>
         <value>0xdd3e</value>
         <object_component_ref idref="oc-b5"/>
      </symbol>
      <symbol id="sm-3e5">
         <name>__mspabi_slli_4</name>
         <value>0xdd40</value>
         <object_component_ref idref="oc-b5"/>
      </symbol>
      <symbol id="sm-3e6">
         <name>__mspabi_slli_3</name>
         <value>0xdd42</value>
         <object_component_ref idref="oc-b5"/>
      </symbol>
      <symbol id="sm-3e7">
         <name>__mspabi_slli_2</name>
         <value>0xdd44</value>
         <object_component_ref idref="oc-b5"/>
      </symbol>
      <symbol id="sm-3e8">
         <name>__mspabi_slli_1</name>
         <value>0xdd46</value>
         <object_component_ref idref="oc-b5"/>
      </symbol>
      <symbol id="sm-3e9">
         <name>__mspabi_slli_15</name>
         <value>0xdd2a</value>
         <object_component_ref idref="oc-b5"/>
      </symbol>
      <symbol id="sm-3ea">
         <name>__mspabi_slli_14</name>
         <value>0xdd2c</value>
         <object_component_ref idref="oc-b5"/>
      </symbol>
      <symbol id="sm-3eb">
         <name>__mspabi_slli_13</name>
         <value>0xdd2e</value>
         <object_component_ref idref="oc-b5"/>
      </symbol>
      <symbol id="sm-3ec">
         <name>__mspabi_slli_12</name>
         <value>0xdd30</value>
         <object_component_ref idref="oc-b5"/>
      </symbol>
      <symbol id="sm-3ed">
         <name>__mspabi_slli_11</name>
         <value>0xdd32</value>
         <object_component_ref idref="oc-b5"/>
      </symbol>
      <symbol id="sm-3ee">
         <name>__mspabi_slli_10</name>
         <value>0xdd34</value>
         <object_component_ref idref="oc-b5"/>
      </symbol>
      <symbol id="sm-3fe">
         <name>__mspabi_slll_9</name>
         <value>0xdc62</value>
         <object_component_ref idref="oc-2ca"/>
      </symbol>
      <symbol id="sm-3ff">
         <name>__mspabi_slll_8</name>
         <value>0xdc66</value>
         <object_component_ref idref="oc-2ca"/>
      </symbol>
      <symbol id="sm-400">
         <name>__mspabi_slll_7</name>
         <value>0xdc6a</value>
         <object_component_ref idref="oc-2ca"/>
      </symbol>
      <symbol id="sm-401">
         <name>__mspabi_slll_6</name>
         <value>0xdc6e</value>
         <object_component_ref idref="oc-2ca"/>
      </symbol>
      <symbol id="sm-402">
         <name>__mspabi_slll_5</name>
         <value>0xdc72</value>
         <object_component_ref idref="oc-2ca"/>
      </symbol>
      <symbol id="sm-403">
         <name>__mspabi_slll_4</name>
         <value>0xdc76</value>
         <object_component_ref idref="oc-2ca"/>
      </symbol>
      <symbol id="sm-404">
         <name>__mspabi_slll_3</name>
         <value>0xdc7a</value>
         <object_component_ref idref="oc-2ca"/>
      </symbol>
      <symbol id="sm-405">
         <name>__mspabi_slll_2</name>
         <value>0xdc7e</value>
         <object_component_ref idref="oc-2ca"/>
      </symbol>
      <symbol id="sm-406">
         <name>__mspabi_slll_1</name>
         <value>0xdc82</value>
         <object_component_ref idref="oc-2ca"/>
      </symbol>
      <symbol id="sm-407">
         <name>__mspabi_slll</name>
         <value>0xdecc</value>
         <object_component_ref idref="oc-2fd"/>
      </symbol>
      <symbol id="sm-408">
         <name>__mspabi_slll_15</name>
         <value>0xdc4a</value>
         <object_component_ref idref="oc-2ca"/>
      </symbol>
      <symbol id="sm-409">
         <name>__mspabi_slll_14</name>
         <value>0xdc4e</value>
         <object_component_ref idref="oc-2ca"/>
      </symbol>
      <symbol id="sm-40a">
         <name>__mspabi_slll_13</name>
         <value>0xdc52</value>
         <object_component_ref idref="oc-2ca"/>
      </symbol>
      <symbol id="sm-40b">
         <name>__mspabi_slll_12</name>
         <value>0xdc56</value>
         <object_component_ref idref="oc-2ca"/>
      </symbol>
      <symbol id="sm-40c">
         <name>__mspabi_slll_11</name>
         <value>0xdc5a</value>
         <object_component_ref idref="oc-2ca"/>
      </symbol>
      <symbol id="sm-40d">
         <name>__mspabi_slll_10</name>
         <value>0xdc5e</value>
         <object_component_ref idref="oc-2ca"/>
      </symbol>
      <symbol id="sm-41d">
         <name>__mspabi_srll_8</name>
         <value>0xdb04</value>
         <object_component_ref idref="oc-2cf"/>
      </symbol>
      <symbol id="sm-41e">
         <name>__mspabi_srll_9</name>
         <value>0xdafe</value>
         <object_component_ref idref="oc-2cf"/>
      </symbol>
      <symbol id="sm-41f">
         <name>__mspabi_srll_6</name>
         <value>0xdb10</value>
         <object_component_ref idref="oc-2cf"/>
      </symbol>
      <symbol id="sm-420">
         <name>__mspabi_srll_7</name>
         <value>0xdb0a</value>
         <object_component_ref idref="oc-2cf"/>
      </symbol>
      <symbol id="sm-421">
         <name>__mspabi_srll_4</name>
         <value>0xdb1c</value>
         <object_component_ref idref="oc-2cf"/>
      </symbol>
      <symbol id="sm-422">
         <name>__mspabi_srll_5</name>
         <value>0xdb16</value>
         <object_component_ref idref="oc-2cf"/>
      </symbol>
      <symbol id="sm-423">
         <name>__mspabi_srll_2</name>
         <value>0xdb28</value>
         <object_component_ref idref="oc-2cf"/>
      </symbol>
      <symbol id="sm-424">
         <name>__mspabi_srll_3</name>
         <value>0xdb22</value>
         <object_component_ref idref="oc-2cf"/>
      </symbol>
      <symbol id="sm-425">
         <name>__mspabi_srll_1</name>
         <value>0xdb2e</value>
         <object_component_ref idref="oc-2cf"/>
      </symbol>
      <symbol id="sm-426">
         <name>__mspabi_srll_15</name>
         <value>0xdada</value>
         <object_component_ref idref="oc-2cf"/>
      </symbol>
      <symbol id="sm-427">
         <name>__mspabi_srll_14</name>
         <value>0xdae0</value>
         <object_component_ref idref="oc-2cf"/>
      </symbol>
      <symbol id="sm-428">
         <name>__mspabi_srll_13</name>
         <value>0xdae6</value>
         <object_component_ref idref="oc-2cf"/>
      </symbol>
      <symbol id="sm-429">
         <name>__mspabi_srll_12</name>
         <value>0xdaec</value>
         <object_component_ref idref="oc-2cf"/>
      </symbol>
      <symbol id="sm-42a">
         <name>__mspabi_srll_11</name>
         <value>0xdaf2</value>
         <object_component_ref idref="oc-2cf"/>
      </symbol>
      <symbol id="sm-42b">
         <name>__mspabi_srll_10</name>
         <value>0xdaf8</value>
         <object_component_ref idref="oc-2cf"/>
      </symbol>
      <symbol id="sm-42c">
         <name>__mspabi_srll</name>
         <value>0xde86</value>
         <object_component_ref idref="oc-2e4"/>
      </symbol>
      <symbol id="sm-436">
         <name>__mspabi_mpyl_sw</name>
         <value>0xddc4</value>
         <object_component_ref idref="oc-2db"/>
      </symbol>
      <symbol id="sm-437">
         <name>__mspabi_mpyl</name>
         <value>0xddc4</value>
         <object_component_ref idref="oc-2db"/>
      </symbol>
      <symbol id="sm-447">
         <name>__TI_frcmpyd</name>
         <value>0xc772</value>
         <object_component_ref idref="oc-26e"/>
      </symbol>
   </symbol_table>
   <title>Link successful</title>
</link_info>
