******************************************************************************
                  MSP430 Linker PC v17.9.0                     
******************************************************************************
>> Linked Wed Apr 18 11:17:45 2018

OUTPUT FILE NAME:   <Boost_Converter_Abgabe.out>
ENTRY POINT SYMBOL: "_c_int00_noargs"  address: 0000dce2


MEMORY CONFIGURATION

         name            origin    length      used     unused   attr    fill
----------------------  --------  ---------  --------  --------  ----  --------
  SFR                   00000000   00000010  00000000  00000010  RWIX
  PERIPHERALS_8BIT      00000010   000000f0  00000000  000000f0  RWIX
  PERIPHERALS_16BIT     00000100   00000100  00000000  00000100  RWIX
  RAM                   00000200   00000200  00000080  00000180  RWIX
  INFOD                 00001000   00000040  00000000  00000040  RWIX
  INFOC                 00001040   00000040  00000000  00000040  RWIX
  INFOB                 00001080   00000040  00000000  00000040  RWIX
  INFOA                 000010c0   00000040  00000000  00000040  RWIX
  FLASH                 0000c000   00003fde  00001e16  000021c8  RWIX
  BSLSIGNATURE          0000ffde   00000002  00000002  00000000  RWIX  ffff 
  INT00                 0000ffe0   00000002  00000002  00000000  RWIX
  INT01                 0000ffe2   00000002  00000000  00000002  RWIX
  INT02                 0000ffe4   00000002  00000002  00000000  RWIX
  INT03                 0000ffe6   00000002  00000002  00000000  RWIX
  INT04                 0000ffe8   00000002  00000000  00000002  RWIX
  INT05                 0000ffea   00000002  00000002  00000000  RWIX
  INT06                 0000ffec   00000002  00000002  00000000  RWIX
  INT07                 0000ffee   00000002  00000002  00000000  RWIX
  INT08                 0000fff0   00000002  00000002  00000000  RWIX
  INT09                 0000fff2   00000002  00000002  00000000  RWIX
  INT10                 0000fff4   00000002  00000002  00000000  RWIX
  INT11                 0000fff6   00000002  00000002  00000000  RWIX
  INT12                 0000fff8   00000002  00000002  00000000  RWIX
  INT13                 0000fffa   00000002  00000002  00000000  RWIX
  INT14                 0000fffc   00000002  00000002  00000000  RWIX
  RESET                 0000fffe   00000002  00000002  00000000  RWIX


SECTION ALLOCATION MAP

 output                                  attributes/
section   page    origin      length       input sections
--------  ----  ----------  ----------   ----------------
.bss       0    00000200    00000022     UNINITIALIZED
                  00000200    00000008     (.common:currentPower_watt)
                  00000208    00000008     (.common:duty)
                  00000210    00000008     (.common:measuredPower_watt)
                  00000218    00000008     (.common:stepSize)
                  00000220    00000002     (.common:directionChange)

.data      0    00000222    0000000e     UNINITIALIZED
                  00000222    0000000e     main.obj (.data)

.stack     0    000003b0    00000050     UNINITIALIZED
                  000003b0    00000002     rts430_eabi.lib : boot.obj (.stack)
                  000003b2    0000004e     --HOLE--

.text      0    0000c000    00001ddc     
                  0000c000    00000478     rts430_eabi.lib : frcdivd.obj (.text:__TI_frcdivd)
                  0000c478    000002fa                     : addd.obj (.text:__mspabi_addd)
                  0000c772    00000286                     : frcmpyd.obj (.text:__TI_frcmpyd)
                  0000c9f8    0000026e                     : mpyd.obj (.text:__mspabi_mpyd)
                  0000cc66    00000260                     : frcaddd.obj (.text:__TI_frcaddd)
                  0000cec6    0000024c     main.obj (.text:hillClimbing)
                  0000d112    00000238     rts430_eabi.lib : divd.obj (.text:__mspabi_divd)
                  0000d34a    000001c6     main.obj (.text:calculatePower)
                  0000d510    000000dc     rts430_eabi.lib : cmpd.obj (.text:__mspabi_cmpd)
                  0000d5ec    000000cc     main.obj (.text:main)
                  0000d6b8    000000c6     main.obj (.text:measureCurrent)
                  0000d77e    000000be     rts430_eabi.lib : renormd.obj (.text:__TI_renormd)
                  0000d83c    0000008a                     : fltuld.obj (.text:__mspabi_fltuld)
                  0000d8c6    0000007c                     : copy_decompress_lzss.obj (.text:decompress:lzss:__TI_decompress_lzss)
                  0000d942    0000007c     main.obj (.text:measurePower)
                  0000d9be    00000074     rts430_eabi.lib : fixdul.obj (.text:__mspabi_fixdul)
                  0000da32    0000005c                     : lsr32.obj (.text:l_lsr_const)
                  0000da8e    0000004c                     : lsr16.obj (.text)
                  0000dada    00000048     main.obj (.text:setDutyCycle)
                  0000db22    00000042     rts430_eabi.lib : autoinit.obj (.text:__TI_auto_init_nobinit_nopinit:__TI_auto_init_nobinit_nopinit)
                  0000db64    0000003e                     : asr32.obj (.text:l_asr_const)
                  0000dba2    0000003e                     : lsl32.obj (.text:l_lsl_const)
                  0000dbe0    0000002e                     : subd.obj (.text:__mspabi_subd)
                  0000dc0e    0000002c     main.obj (.text:measureVoltage)
                  0000dc3a    0000002c     rts430_eabi.lib : asr16.obj (.text)
                  0000dc66    0000002c                     : lsl16.obj (.text)
                  0000dc92    0000002a                     : negd.obj (.text:__mspabi_negd)
                  0000dcbc    00000026                     : mult32.obj (.text)
                  0000dce2    0000001c                     : boot.obj (.text:_c_int00_noargs)
                  0000dcfe    00000014                     : copy_zero_init.obj (.text:decompress:ZI:__TI_zero_init_nomemset:__TI_zero_init_nomemset)
                  0000dd12    00000014                     : mult16.obj (.text)
                  0000dd26    00000012     main.obj (.text:Port_1)
                  0000dd38    00000012     rts430_eabi.lib : fixdu.obj (.text:__mspabi_fixdu)
                  0000dd4a    00000012                     : copy_decompress_none.obj (.text:decompress:none:__TI_decompress_none)
                  0000dd5c    00000012                     : lsr32.obj (.text:l_lsr)
                  0000dd6e    00000012                     : memcpy.obj (.text:memcpy)
                  0000dd80    00000010                     : asr32.obj (.text:l_asr)
                  0000dd90    00000010                     : lsl32.obj (.text:l_lsl)
                  0000dda0    00000010                     : epilog.obj (.text)
                  0000ddb0    0000000a     main.obj (.text:Timer_A)
                  0000ddba    00000008     rts430_eabi.lib : isr_trap.obj (.text:_isr:__TI_ISR_TRAP)
                  0000ddc2    00000008     main.obj (.text:setPeriod)
                  0000ddca    00000006     rts430_eabi.lib : fltud.obj (.text:__mspabi_fltud)
                  0000ddd0    00000006                     : exit.obj (.text:abort)
                  0000ddd6    00000004                     : pre_init.obj (.text:_system_pre_init)
                  0000ddda    00000002                     : startup.obj (.text:_system_post_cinit)

.const     0    0000dddc    0000001c     
                  0000dddc    0000001c     main.obj (.const)

.cinit     0    0000ddf8    0000001e     
                  0000ddf8    0000000b     (.cinit..data.load) [load image, compression = lzss]
                  0000de03    00000001     --HOLE-- [fill = 0]
                  0000de04    00000006     (__TI_handler_table)
                  0000de0a    00000004     (.cinit..bss.load) [load image, compression = zero_init]
                  0000de0e    00000008     (__TI_cinit_table)

.binit     0    0000c000    00000000     

.init_array 
*          0    0000c000    00000000     UNINITIALIZED

TRAPINT    0    0000ffe0    00000002     
                  0000ffe0    00000002     rts430_eabi.lib : int00.obj (.int00)

PORT1      0    0000ffe4    00000002     
                  0000ffe4    00000002     main.obj (.int02)

PORT2      0    0000ffe6    00000002     
                  0000ffe6    00000002     rts430_eabi.lib : int03.obj (.int03)

ADC10      0    0000ffea    00000002     
                  0000ffea    00000002     rts430_eabi.lib : int05.obj (.int05)

USCIAB0TX 
*          0    0000ffec    00000002     
                  0000ffec    00000002     rts430_eabi.lib : int06.obj (.int06)

USCIAB0RX 
*          0    0000ffee    00000002     
                  0000ffee    00000002     rts430_eabi.lib : int07.obj (.int07)

TIMER0_A1 
*          0    0000fff0    00000002     
                  0000fff0    00000002     rts430_eabi.lib : int08.obj (.int08)

TIMER0_A0 
*          0    0000fff2    00000002     
                  0000fff2    00000002     rts430_eabi.lib : int09.obj (.int09)

WDT        0    0000fff4    00000002     
                  0000fff4    00000002     rts430_eabi.lib : int10.obj (.int10)

COMPARATORA 
*          0    0000fff6    00000002     
                  0000fff6    00000002     rts430_eabi.lib : int11.obj (.int11)

TIMER1_A1 
*          0    0000fff8    00000002     
                  0000fff8    00000002     main.obj (.int12)

TIMER1_A0 
*          0    0000fffa    00000002     
                  0000fffa    00000002     rts430_eabi.lib : int13.obj (.int13)

NMI        0    0000fffc    00000002     
                  0000fffc    00000002     rts430_eabi.lib : int14.obj (.int14)

.reset     0    0000fffe    00000002     
                  0000fffe    00000002     rts430_eabi.lib : boot.obj (.reset)

$fill000   0    0000ffde    00000002     
                  0000ffde    00000002     --HOLE-- [fill = ffff]

MODULE SUMMARY

       Module                     code   ro data   rw data
       ------                     ----   -------   -------
    .\
       main.obj                   1720   32        48     
    +--+--------------------------+------+---------+---------+
       Total:                     1720   32        48     
                                                          
    C:\ti\ccsv7\tools\compiler\ti-cgt-msp430_17.9.0.STS\lib\rts430_eabi.lib
       frcdivd.obj                1144   0         0      
       addd.obj                   762    0         0      
       frcmpyd.obj                646    0         0      
       mpyd.obj                   622    0         0      
       frcaddd.obj                608    0         0      
       divd.obj                   568    0         0      
       cmpd.obj                   220    0         0      
       renormd.obj                190    0         0      
       fltuld.obj                 138    0         0      
       copy_decompress_lzss.obj   124    0         0      
       fixdul.obj                 116    0         0      
       lsr32.obj                  110    0         0      
       asr32.obj                  78     0         0      
       lsl32.obj                  78     0         0      
       lsr16.obj                  76     0         0      
       autoinit.obj               66     0         0      
       subd.obj                   46     0         0      
       asr16.obj                  44     0         0      
       lsl16.obj                  44     0         0      
       negd.obj                   42     0         0      
       mult32.obj                 38     0         0      
       boot.obj                   28     2         0      
       copy_zero_init.obj         20     0         0      
       mult16.obj                 20     0         0      
       copy_decompress_none.obj   18     0         0      
       fixdu.obj                  18     0         0      
       memcpy.obj                 18     0         0      
       epilog.obj                 16     0         0      
       isr_trap.obj               8      0         0      
       exit.obj                   6      0         0      
       fltud.obj                  6      0         0      
       pre_init.obj               4      0         0      
       int00.obj                  0      2         0      
       int03.obj                  0      2         0      
       int05.obj                  0      2         0      
       int06.obj                  0      2         0      
       int07.obj                  0      2         0      
       int08.obj                  0      2         0      
       int09.obj                  0      2         0      
       int10.obj                  0      2         0      
       int11.obj                  0      2         0      
       int13.obj                  0      2         0      
       int14.obj                  0      2         0      
       startup.obj                2      0         0      
    +--+--------------------------+------+---------+---------+
       Total:                     5924   24        0      
                                                          
       Stack:                     0      0         80     
       Linker Generated:          0      29        0      
    +--+--------------------------+------+---------+---------+
       Grand Total:               7644   85        128    


LINKER GENERATED COPY TABLES

__TI_cinit_table @ 0000de0e records: 2, size/record: 4, table size: 8
	.data: load addr=0000ddf8, load size=0000000b bytes, run addr=00000222, run size=0000000e bytes, compression=lzss
	.bss: load addr=0000de0a, load size=00000004 bytes, run addr=00000200, run size=00000022 bytes, compression=zero_init


LINKER GENERATED HANDLER TABLE

__TI_handler_table @ 0000de04 records: 3, size/record: 2, table size: 6
	index: 0, handler: __TI_zero_init
	index: 1, handler: __TI_decompress_lzss
	index: 2, handler: __TI_decompress_none


GLOBAL SYMBOLS: SORTED ALPHABETICALLY BY Name 

address   name                          
-------   ----                          
0000004a  ADC10AE0                      
000001b0  ADC10CTL0                     
000001b2  ADC10CTL1                     
00000048  ADC10DTC0                     
00000049  ADC10DTC1                     
000001b4  ADC10MEM                      
000001bc  ADC10SA                       
00000057  BCSCTL1                       
00000058  BCSCTL2                       
00000053  BCSCTL3                       
0000ddd0  C$$EXIT                       
00000059  CACTL1                        
0000005a  CACTL2                        
000010fb  CALBC1_12MHZ                  
000010f9  CALBC1_16MHZ                  
000010ff  CALBC1_1MHZ                   
000010fd  CALBC1_8MHZ                   
000010fa  CALDCO_12MHZ                  
000010f8  CALDCO_16MHZ                  
000010fe  CALDCO_1MHZ                   
000010fc  CALDCO_8MHZ                   
0000005b  CAPD                          
00000056  DCOCTL                        
00000128  FCTL1                         
0000012a  FCTL2                         
0000012c  FCTL3                         
00000000  IE1                           
00000001  IE2                           
00000002  IFG1                          
00000003  IFG2                          
00000022  P1DIR                         
00000025  P1IE                          
00000024  P1IES                         
00000023  P1IFG                         
00000020  P1IN                          
00000021  P1OUT                         
00000027  P1REN                         
00000026  P1SEL                         
00000041  P1SEL2                        
0000002a  P2DIR                         
0000002d  P2IE                          
0000002c  P2IES                         
0000002b  P2IFG                         
00000028  P2IN                          
00000029  P2OUT                         
0000002f  P2REN                         
0000002e  P2SEL                         
00000042  P2SEL2                        
0000001a  P3DIR                         
00000018  P3IN                          
00000019  P3OUT                         
00000010  P3REN                         
0000001b  P3SEL                         
00000043  P3SEL2                        
0000dd26  Port_1                        
00000172  TA0CCR0                       
00000174  TA0CCR1                       
00000176  TA0CCR2                       
00000162  TA0CCTL0                      
00000164  TA0CCTL1                      
00000166  TA0CCTL2                      
00000160  TA0CTL                        
0000012e  TA0IV                         
00000170  TA0R                          
00000192  TA1CCR0                       
00000194  TA1CCR1                       
00000196  TA1CCR2                       
00000182  TA1CCTL0                      
00000184  TA1CCTL1                      
00000186  TA1CCTL2                      
00000180  TA1CTL                        
0000011e  TA1IV                         
00000190  TA1R                          
000010db  TLV_ADC10_1_LEN               
000010da  TLV_ADC10_1_TAG               
000010c0  TLV_CHECKSUM                  
000010f7  TLV_DCO_30_LEN                
000010f6  TLV_DCO_30_TAG                
0000ddb0  Timer_A                       
0000005d  UCA0ABCTL                     
00000062  UCA0BR0                       
00000063  UCA0BR1                       
00000060  UCA0CTL0                      
00000061  UCA0CTL1                      
0000005f  UCA0IRRCTL                    
0000005e  UCA0IRTCTL                    
00000064  UCA0MCTL                      
00000066  UCA0RXBUF                     
00000065  UCA0STAT                      
00000067  UCA0TXBUF                     
0000006a  UCB0BR0                       
0000006b  UCB0BR1                       
00000068  UCB0CTL0                      
00000069  UCB0CTL1                      
0000006c  UCB0I2CIE                     
00000118  UCB0I2COA                     
0000011a  UCB0I2CSA                     
0000006e  UCB0RXBUF                     
0000006d  UCB0STAT                      
0000006f  UCB0TXBUF                     
00000120  WDTCTL                        
00000400  __STACK_END                   
00000050  __STACK_SIZE                  
0000de0e  __TI_CINIT_Base               
0000de16  __TI_CINIT_Limit              
0000de04  __TI_Handler_Table_Base       
0000de0a  __TI_Handler_Table_Limit      
0000ddba  __TI_ISR_TRAP                 
0000db22  __TI_auto_init_nobinit_nopinit
0000d8c6  __TI_decompress_lzss          
0000dd4a  __TI_decompress_none          
0000cc66  __TI_frcaddd                  
0000c000  __TI_frcdivd                  
0000c772  __TI_frcmpyd                  
0000ffe0  __TI_int00                    
0000ffe4  __TI_int02                    
0000ffe6  __TI_int03                    
0000ffea  __TI_int05                    
0000ffec  __TI_int06                    
0000ffee  __TI_int07                    
0000fff0  __TI_int08                    
0000fff2  __TI_int09                    
0000fff4  __TI_int10                    
0000fff6  __TI_int11                    
0000fff8  __TI_int12                    
0000fffa  __TI_int13                    
0000fffc  __TI_int14                    
ffffffff  __TI_pprof_out_hndl           
ffffffff  __TI_prof_data_size           
ffffffff  __TI_prof_data_start          
0000d77e  __TI_renormd                  
0000dcfe  __TI_zero_init_nomemset       
ffffffff  __c_args__                    
0000c478  __mspabi_addd                 
0000d510  __mspabi_cmpd                 
0000d112  __mspabi_divd                 
0000dd38  __mspabi_fixdu                
0000d9be  __mspabi_fixdul               
0000ddca  __mspabi_fltud                
0000d83c  __mspabi_fltuld               
0000ddac  __mspabi_func_epilog_1        
0000ddaa  __mspabi_func_epilog_2        
0000dda8  __mspabi_func_epilog_3        
0000dda6  __mspabi_func_epilog_4        
0000dda4  __mspabi_func_epilog_5        
0000dda2  __mspabi_func_epilog_6        
0000dda0  __mspabi_func_epilog_7        
0000c9f8  __mspabi_mpyd                 
0000dd12  __mspabi_mpyi                 
0000dd12  __mspabi_mpyi_sw              
0000dcbc  __mspabi_mpyl                 
0000dcbc  __mspabi_mpyl_sw              
0000dc92  __mspabi_negd                 
0000dc66  __mspabi_slli                 
0000dc8e  __mspabi_slli_1               
0000dc7c  __mspabi_slli_10              
0000dc7a  __mspabi_slli_11              
0000dc78  __mspabi_slli_12              
0000dc76  __mspabi_slli_13              
0000dc74  __mspabi_slli_14              
0000dc72  __mspabi_slli_15              
0000dc8c  __mspabi_slli_2               
0000dc8a  __mspabi_slli_3               
0000dc88  __mspabi_slli_4               
0000dc86  __mspabi_slli_5               
0000dc84  __mspabi_slli_6               
0000dc82  __mspabi_slli_7               
0000dc80  __mspabi_slli_8               
0000dc7e  __mspabi_slli_9               
0000dd90  __mspabi_slll                 
0000dbda  __mspabi_slll_1               
0000dbb6  __mspabi_slll_10              
0000dbb2  __mspabi_slll_11              
0000dbae  __mspabi_slll_12              
0000dbaa  __mspabi_slll_13              
0000dba6  __mspabi_slll_14              
0000dba2  __mspabi_slll_15              
0000dbd6  __mspabi_slll_2               
0000dbd2  __mspabi_slll_3               
0000dbce  __mspabi_slll_4               
0000dbca  __mspabi_slll_5               
0000dbc6  __mspabi_slll_6               
0000dbc2  __mspabi_slll_7               
0000dbbe  __mspabi_slll_8               
0000dbba  __mspabi_slll_9               
0000dc3a  __mspabi_srai                 
0000dc62  __mspabi_srai_1               
0000dc50  __mspabi_srai_10              
0000dc4e  __mspabi_srai_11              
0000dc4c  __mspabi_srai_12              
0000dc4a  __mspabi_srai_13              
0000dc48  __mspabi_srai_14              
0000dc46  __mspabi_srai_15              
0000dc60  __mspabi_srai_2               
0000dc5e  __mspabi_srai_3               
0000dc5c  __mspabi_srai_4               
0000dc5a  __mspabi_srai_5               
0000dc58  __mspabi_srai_6               
0000dc56  __mspabi_srai_7               
0000dc54  __mspabi_srai_8               
0000dc52  __mspabi_srai_9               
0000dd80  __mspabi_sral                 
0000db9c  __mspabi_sral_1               
0000db78  __mspabi_sral_10              
0000db74  __mspabi_sral_11              
0000db70  __mspabi_sral_12              
0000db6c  __mspabi_sral_13              
0000db68  __mspabi_sral_14              
0000db64  __mspabi_sral_15              
0000db98  __mspabi_sral_2               
0000db94  __mspabi_sral_3               
0000db90  __mspabi_sral_4               
0000db8c  __mspabi_sral_5               
0000db88  __mspabi_sral_6               
0000db84  __mspabi_sral_7               
0000db80  __mspabi_sral_8               
0000db7c  __mspabi_sral_9               
0000da8e  __mspabi_srli                 
0000dad4  __mspabi_srli_1               
0000dab0  __mspabi_srli_10              
0000daac  __mspabi_srli_11              
0000daa8  __mspabi_srli_12              
0000daa4  __mspabi_srli_13              
0000daa0  __mspabi_srli_14              
0000da9c  __mspabi_srli_15              
0000dad0  __mspabi_srli_2               
0000dacc  __mspabi_srli_3               
0000dac8  __mspabi_srli_4               
0000dac4  __mspabi_srli_5               
0000dac0  __mspabi_srli_6               
0000dabc  __mspabi_srli_7               
0000dab8  __mspabi_srli_8               
0000dab4  __mspabi_srli_9               
0000dd5c  __mspabi_srll                 
0000da86  __mspabi_srll_1               
0000da50  __mspabi_srll_10              
0000da4a  __mspabi_srll_11              
0000da44  __mspabi_srll_12              
0000da3e  __mspabi_srll_13              
0000da38  __mspabi_srll_14              
0000da32  __mspabi_srll_15              
0000da80  __mspabi_srll_2               
0000da7a  __mspabi_srll_3               
0000da74  __mspabi_srll_4               
0000da6e  __mspabi_srll_5               
0000da68  __mspabi_srll_6               
0000da62  __mspabi_srll_7               
0000da5c  __mspabi_srll_8               
0000da56  __mspabi_srll_9               
0000dbe0  __mspabi_subd                 
0000dce2  _c_int00_noargs               
0000fffe  _reset_vector                 
000003b0  _stack                        
0000ddda  _system_post_cinit            
0000ddd6  _system_pre_init              
0000ddd0  abort                         
00000222  blockInterrupt                
0000d34a  calculatePower                
00000200  currentPower_watt             
0000dddc  debugMode                     
00000226  direction                     
00000220  directionChange               
00000208  duty                          
0000cec6  hillClimbing                  
0000d5ec  main                          
00000224  measureCur                    
0000d6b8  measureCurrent                
0000d942  measurePower                  
0000dc0e  measureVoltage                
00000210  measuredPower_watt            
0000dd6e  memcpy                        
0000dde0  minimalStepSize               
0000ddde  period                        
0000ddf0  referenceVoltage_volt         
0000dada  setDutyCycle                  
0000ddc2  setPeriod                     
0000dde8  shuntResistor_ohm             
0000022e  sleep                         
00000218  stepSize                      


GLOBAL SYMBOLS: SORTED BY Symbol Address 

address   name                          
-------   ----                          
00000000  IE1                           
00000001  IE2                           
00000002  IFG1                          
00000003  IFG2                          
00000010  P3REN                         
00000018  P3IN                          
00000019  P3OUT                         
0000001a  P3DIR                         
0000001b  P3SEL                         
00000020  P1IN                          
00000021  P1OUT                         
00000022  P1DIR                         
00000023  P1IFG                         
00000024  P1IES                         
00000025  P1IE                          
00000026  P1SEL                         
00000027  P1REN                         
00000028  P2IN                          
00000029  P2OUT                         
0000002a  P2DIR                         
0000002b  P2IFG                         
0000002c  P2IES                         
0000002d  P2IE                          
0000002e  P2SEL                         
0000002f  P2REN                         
00000041  P1SEL2                        
00000042  P2SEL2                        
00000043  P3SEL2                        
00000048  ADC10DTC0                     
00000049  ADC10DTC1                     
0000004a  ADC10AE0                      
00000050  __STACK_SIZE                  
00000053  BCSCTL3                       
00000056  DCOCTL                        
00000057  BCSCTL1                       
00000058  BCSCTL2                       
00000059  CACTL1                        
0000005a  CACTL2                        
0000005b  CAPD                          
0000005d  UCA0ABCTL                     
0000005e  UCA0IRTCTL                    
0000005f  UCA0IRRCTL                    
00000060  UCA0CTL0                      
00000061  UCA0CTL1                      
00000062  UCA0BR0                       
00000063  UCA0BR1                       
00000064  UCA0MCTL                      
00000065  UCA0STAT                      
00000066  UCA0RXBUF                     
00000067  UCA0TXBUF                     
00000068  UCB0CTL0                      
00000069  UCB0CTL1                      
0000006a  UCB0BR0                       
0000006b  UCB0BR1                       
0000006c  UCB0I2CIE                     
0000006d  UCB0STAT                      
0000006e  UCB0RXBUF                     
0000006f  UCB0TXBUF                     
00000118  UCB0I2COA                     
0000011a  UCB0I2CSA                     
0000011e  TA1IV                         
00000120  WDTCTL                        
00000128  FCTL1                         
0000012a  FCTL2                         
0000012c  FCTL3                         
0000012e  TA0IV                         
00000160  TA0CTL                        
00000162  TA0CCTL0                      
00000164  TA0CCTL1                      
00000166  TA0CCTL2                      
00000170  TA0R                          
00000172  TA0CCR0                       
00000174  TA0CCR1                       
00000176  TA0CCR2                       
00000180  TA1CTL                        
00000182  TA1CCTL0                      
00000184  TA1CCTL1                      
00000186  TA1CCTL2                      
00000190  TA1R                          
00000192  TA1CCR0                       
00000194  TA1CCR1                       
00000196  TA1CCR2                       
000001b0  ADC10CTL0                     
000001b2  ADC10CTL1                     
000001b4  ADC10MEM                      
000001bc  ADC10SA                       
00000200  currentPower_watt             
00000208  duty                          
00000210  measuredPower_watt            
00000218  stepSize                      
00000220  directionChange               
00000222  blockInterrupt                
00000224  measureCur                    
00000226  direction                     
0000022e  sleep                         
000003b0  _stack                        
00000400  __STACK_END                   
000010c0  TLV_CHECKSUM                  
000010da  TLV_ADC10_1_TAG               
000010db  TLV_ADC10_1_LEN               
000010f6  TLV_DCO_30_TAG                
000010f7  TLV_DCO_30_LEN                
000010f8  CALDCO_16MHZ                  
000010f9  CALBC1_16MHZ                  
000010fa  CALDCO_12MHZ                  
000010fb  CALBC1_12MHZ                  
000010fc  CALDCO_8MHZ                   
000010fd  CALBC1_8MHZ                   
000010fe  CALDCO_1MHZ                   
000010ff  CALBC1_1MHZ                   
0000c000  __TI_frcdivd                  
0000c478  __mspabi_addd                 
0000c772  __TI_frcmpyd                  
0000c9f8  __mspabi_mpyd                 
0000cc66  __TI_frcaddd                  
0000cec6  hillClimbing                  
0000d112  __mspabi_divd                 
0000d34a  calculatePower                
0000d510  __mspabi_cmpd                 
0000d5ec  main                          
0000d6b8  measureCurrent                
0000d77e  __TI_renormd                  
0000d83c  __mspabi_fltuld               
0000d8c6  __TI_decompress_lzss          
0000d942  measurePower                  
0000d9be  __mspabi_fixdul               
0000da32  __mspabi_srll_15              
0000da38  __mspabi_srll_14              
0000da3e  __mspabi_srll_13              
0000da44  __mspabi_srll_12              
0000da4a  __mspabi_srll_11              
0000da50  __mspabi_srll_10              
0000da56  __mspabi_srll_9               
0000da5c  __mspabi_srll_8               
0000da62  __mspabi_srll_7               
0000da68  __mspabi_srll_6               
0000da6e  __mspabi_srll_5               
0000da74  __mspabi_srll_4               
0000da7a  __mspabi_srll_3               
0000da80  __mspabi_srll_2               
0000da86  __mspabi_srll_1               
0000da8e  __mspabi_srli                 
0000da9c  __mspabi_srli_15              
0000daa0  __mspabi_srli_14              
0000daa4  __mspabi_srli_13              
0000daa8  __mspabi_srli_12              
0000daac  __mspabi_srli_11              
0000dab0  __mspabi_srli_10              
0000dab4  __mspabi_srli_9               
0000dab8  __mspabi_srli_8               
0000dabc  __mspabi_srli_7               
0000dac0  __mspabi_srli_6               
0000dac4  __mspabi_srli_5               
0000dac8  __mspabi_srli_4               
0000dacc  __mspabi_srli_3               
0000dad0  __mspabi_srli_2               
0000dad4  __mspabi_srli_1               
0000dada  setDutyCycle                  
0000db22  __TI_auto_init_nobinit_nopinit
0000db64  __mspabi_sral_15              
0000db68  __mspabi_sral_14              
0000db6c  __mspabi_sral_13              
0000db70  __mspabi_sral_12              
0000db74  __mspabi_sral_11              
0000db78  __mspabi_sral_10              
0000db7c  __mspabi_sral_9               
0000db80  __mspabi_sral_8               
0000db84  __mspabi_sral_7               
0000db88  __mspabi_sral_6               
0000db8c  __mspabi_sral_5               
0000db90  __mspabi_sral_4               
0000db94  __mspabi_sral_3               
0000db98  __mspabi_sral_2               
0000db9c  __mspabi_sral_1               
0000dba2  __mspabi_slll_15              
0000dba6  __mspabi_slll_14              
0000dbaa  __mspabi_slll_13              
0000dbae  __mspabi_slll_12              
0000dbb2  __mspabi_slll_11              
0000dbb6  __mspabi_slll_10              
0000dbba  __mspabi_slll_9               
0000dbbe  __mspabi_slll_8               
0000dbc2  __mspabi_slll_7               
0000dbc6  __mspabi_slll_6               
0000dbca  __mspabi_slll_5               
0000dbce  __mspabi_slll_4               
0000dbd2  __mspabi_slll_3               
0000dbd6  __mspabi_slll_2               
0000dbda  __mspabi_slll_1               
0000dbe0  __mspabi_subd                 
0000dc0e  measureVoltage                
0000dc3a  __mspabi_srai                 
0000dc46  __mspabi_srai_15              
0000dc48  __mspabi_srai_14              
0000dc4a  __mspabi_srai_13              
0000dc4c  __mspabi_srai_12              
0000dc4e  __mspabi_srai_11              
0000dc50  __mspabi_srai_10              
0000dc52  __mspabi_srai_9               
0000dc54  __mspabi_srai_8               
0000dc56  __mspabi_srai_7               
0000dc58  __mspabi_srai_6               
0000dc5a  __mspabi_srai_5               
0000dc5c  __mspabi_srai_4               
0000dc5e  __mspabi_srai_3               
0000dc60  __mspabi_srai_2               
0000dc62  __mspabi_srai_1               
0000dc66  __mspabi_slli                 
0000dc72  __mspabi_slli_15              
0000dc74  __mspabi_slli_14              
0000dc76  __mspabi_slli_13              
0000dc78  __mspabi_slli_12              
0000dc7a  __mspabi_slli_11              
0000dc7c  __mspabi_slli_10              
0000dc7e  __mspabi_slli_9               
0000dc80  __mspabi_slli_8               
0000dc82  __mspabi_slli_7               
0000dc84  __mspabi_slli_6               
0000dc86  __mspabi_slli_5               
0000dc88  __mspabi_slli_4               
0000dc8a  __mspabi_slli_3               
0000dc8c  __mspabi_slli_2               
0000dc8e  __mspabi_slli_1               
0000dc92  __mspabi_negd                 
0000dcbc  __mspabi_mpyl                 
0000dcbc  __mspabi_mpyl_sw              
0000dce2  _c_int00_noargs               
0000dcfe  __TI_zero_init_nomemset       
0000dd12  __mspabi_mpyi                 
0000dd12  __mspabi_mpyi_sw              
0000dd26  Port_1                        
0000dd38  __mspabi_fixdu                
0000dd4a  __TI_decompress_none          
0000dd5c  __mspabi_srll                 
0000dd6e  memcpy                        
0000dd80  __mspabi_sral                 
0000dd90  __mspabi_slll                 
0000dda0  __mspabi_func_epilog_7        
0000dda2  __mspabi_func_epilog_6        
0000dda4  __mspabi_func_epilog_5        
0000dda6  __mspabi_func_epilog_4        
0000dda8  __mspabi_func_epilog_3        
0000ddaa  __mspabi_func_epilog_2        
0000ddac  __mspabi_func_epilog_1        
0000ddb0  Timer_A                       
0000ddba  __TI_ISR_TRAP                 
0000ddc2  setPeriod                     
0000ddca  __mspabi_fltud                
0000ddd0  C$$EXIT                       
0000ddd0  abort                         
0000ddd6  _system_pre_init              
0000ddda  _system_post_cinit            
0000dddc  debugMode                     
0000ddde  period                        
0000dde0  minimalStepSize               
0000dde8  shuntResistor_ohm             
0000ddf0  referenceVoltage_volt         
0000de04  __TI_Handler_Table_Base       
0000de0a  __TI_Handler_Table_Limit      
0000de0e  __TI_CINIT_Base               
0000de16  __TI_CINIT_Limit              
0000ffe0  __TI_int00                    
0000ffe4  __TI_int02                    
0000ffe6  __TI_int03                    
0000ffea  __TI_int05                    
0000ffec  __TI_int06                    
0000ffee  __TI_int07                    
0000fff0  __TI_int08                    
0000fff2  __TI_int09                    
0000fff4  __TI_int10                    
0000fff6  __TI_int11                    
0000fff8  __TI_int12                    
0000fffa  __TI_int13                    
0000fffc  __TI_int14                    
0000fffe  _reset_vector                 
ffffffff  __TI_pprof_out_hndl           
ffffffff  __TI_prof_data_size           
ffffffff  __TI_prof_data_start          
ffffffff  __c_args__                    

[279 symbols]
